$ date -R
Tue, 11 Aug 2020 08:55:51 +1000
$ git checkout master
Already on 'master'
$ git reset --hard stable
HEAD is now at 8d3e09b43312 Merge branch 'fixes' of git://git.kernel.org/pub/scm/linux/kernel/git/viro/vfs
Merging origin/master (fc80c51fd4b2 Merge tag 'kbuild-v5.9' of git://git.kernel.org/pub/scm/linux/kernel/git/masahiroy/linux-kbuild)
$ git merge origin/master
Updating 8d3e09b43312..fc80c51fd4b2
Fast-forward
 Documentation/kbuild/Kconfig.recursion-issue-02 |   2 +-
 Documentation/kbuild/kconfig-language.rst       |  18 +-
 Documentation/kbuild/llvm.rst                   |   2 +-
 Documentation/kbuild/makefiles.rst              |  45 +-
 Makefile                                        |  26 +-
 arch/Kconfig                                    |   3 -
 arch/arm/boot/compressed/Makefile               |   9 +-
 arch/mips/vdso/Makefile                         |   3 +-
 arch/powerpc/boot/Makefile                      |   2 +
 arch/powerpc/kernel/Makefile                    |   2 +-
 arch/powerpc/platforms/powermac/Makefile        |   2 +-
 arch/powerpc/xmon/Makefile                      |   3 +-
 arch/s390/Makefile                              |   2 +-
 arch/sh/boot/compressed/Makefile                |   5 +-
 arch/sparc/vdso/Makefile                        |   4 +-
 arch/um/Makefile                                |   3 +-
 arch/x86/Makefile                               |   4 +-
 arch/x86/boot/compressed/Makefile               |   4 +-
 arch/x86/entry/vdso/Makefile                    |   4 +-
 arch/x86/kernel/cpu/Makefile                    |   3 +-
 arch/x86/lib/Makefile                           |   2 +-
 arch/x86/mm/Makefile                            |   7 +-
 arch/x86/power/Makefile                         |   3 +-
 arch/x86/purgatory/Makefile                     |   2 +-
 arch/x86/um/vdso/Makefile                       |   2 +-
 arch/x86/xen/Makefile                           |   5 +-
 arch/xtensa/boot/boot-elf/Makefile              |   2 +-
 drivers/firmware/efi/libstub/Makefile           |   4 +-
 drivers/xen/Makefile                            |   3 +-
 fs/locks.c                                      |   3 +
 fs/nfsd/netns.h                                 |   2 +-
 fs/nfsd/nfs4idmap.c                             |   4 +-
 fs/nfsd/nfs4proc.c                              | 128 +++++-
 fs/nfsd/nfs4recover.c                           |  24 +-
 fs/nfsd/nfs4state.c                             |  54 ++-
 fs/nfsd/nfs4xdr.c                               | 531 ++++++++++++++++++++++--
 fs/nfsd/nfsd.h                                  |   5 +-
 fs/nfsd/vfs.c                                   | 239 +++++++++++
 fs/nfsd/vfs.h                                   |  10 +
 fs/nfsd/xdr4.h                                  |  31 ++
 fs/xattr.c                                      | 111 ++++-
 include/linux/nfs4.h                            |  22 +-
 include/linux/sunrpc/rpc_rdma.h                 |  74 ++++
 include/linux/sunrpc/rpc_rdma_cid.h             |  24 ++
 include/linux/sunrpc/svc_rdma.h                 |  17 +-
 include/linux/sunrpc/xdr.h                      |  26 ++
 include/linux/xattr.h                           |   4 +
 include/trace/events/rpcgss.h                   | 168 ++++++--
 include/trace/events/rpcrdma.h                  | 207 ++++-----
 include/trace/events/sunrpc.h                   |  35 +-
 include/uapi/linux/nfs4.h                       |   3 +
 kernel/trace/Makefile                           |   4 +-
 lib/Makefile                                    |   9 +-
 lib/livepatch/Makefile                          |   4 -
 mm/kasan/Makefile                               |   2 +-
 net/sunrpc/auth_gss/gss_krb5_wrap.c             |   2 +-
 net/sunrpc/auth_gss/svcauth_gss.c               | 118 ++++--
 net/sunrpc/auth_gss/trace.c                     |   3 +
 net/sunrpc/xprtrdma/frwr_ops.c                  |   1 -
 net/sunrpc/xprtrdma/rpc_rdma.c                  |  31 +-
 net/sunrpc/xprtrdma/svc_rdma_backchannel.c      |   2 +-
 net/sunrpc/xprtrdma/svc_rdma_recvfrom.c         | 115 ++---
 net/sunrpc/xprtrdma/svc_rdma_rw.c               |  81 ++--
 net/sunrpc/xprtrdma/svc_rdma_sendto.c           | 124 ++++--
 net/sunrpc/xprtrdma/svc_rdma_transport.c        |  74 ++--
 samples/auxdisplay/Makefile                     |   3 +-
 samples/binderfs/Makefile                       |   3 +-
 samples/connector/Makefile                      |   3 +-
 samples/hidraw/Makefile                         |   3 +-
 samples/mei/Makefile                            |   4 +-
 samples/pidfd/Makefile                          |   4 +-
 samples/seccomp/Makefile                        |   4 +-
 samples/timers/Makefile                         |   3 +-
 samples/uhid/Makefile                           |   3 +-
 samples/vfs/Makefile                            |   3 +-
 samples/watch_queue/Makefile                    |   3 +-
 samples/watchdog/Makefile                       |   3 +-
 scripts/Kbuild.include                          |  10 +-
 scripts/Makefile                                |  18 +-
 scripts/Makefile.build                          |  15 +-
 scripts/Makefile.clean                          |  13 +-
 scripts/Makefile.host                           |  40 +-
 scripts/Makefile.kcov                           |   4 -
 scripts/Makefile.kcsan                          |   4 -
 scripts/Makefile.lib                            |  28 +-
 scripts/Makefile.ubsan                          |   3 -
 scripts/basic/Makefile                          |   3 +-
 scripts/dtc/Makefile                            |   5 +-
 scripts/gcc-plugins/Makefile                    |  61 ++-
 scripts/genksyms/Makefile                       |   3 +-
 scripts/link-vmlinux.sh                         |   4 +
 scripts/mod/Makefile                            |   4 +-
 scripts/package/buildtar                        |  12 +
 scripts/package/mkdebian                        |   2 +-
 scripts/package/mkspec                          |   2 +-
 scripts/selinux/genheaders/Makefile             |   4 +-
 scripts/selinux/mdp/Makefile                    |   3 +-
 97 files changed, 2058 insertions(+), 687 deletions(-)
 create mode 100644 include/linux/sunrpc/rpc_rdma_cid.h
Merging fixes/master (73c7adb54169 device_cgroup: Fix RCU list debugging warning)
$ git merge fixes/master
Merge made by the 'recursive' strategy.
 security/device_cgroup.c | 3 ++-
 1 file changed, 2 insertions(+), 1 deletion(-)
Merging kbuild-current/fixes (06a81c1c7db9 Merge tag 'arm64-fixes' of git://git.kernel.org/pub/scm/linux/kernel/git/arm64/linux)
$ git merge kbuild-current/fixes
Already up to date.
Merging arc-current/for-curr (11ba468877bb Linux 5.8-rc5)
$ git merge arc-current/for-curr
Already up to date.
Merging arm-current/fixes (5c6360ee4a0e ARM: 8988/1: mmu: fix crash in EFI calls due to p4d typo in create_mapping_late())
$ git merge arm-current/fixes
Already up to date.
Merging arm64-fixes/for-next/fixes (6a7389f0312f MAINTAINERS: Include drivers subdirs for ARM PMU PROFILING AND DEBUGGING entry)
$ git merge arm64-fixes/for-next/fixes
Already up to date.
Merging arm-soc-fixes/arm/fixes (fe1d899f4212 ARM: dts: keystone-k2g-evm: fix rgmii phy-mode for ksz9031 phy)
$ git merge arm-soc-fixes/arm/fixes
Already up to date.
Merging uniphier-fixes/fixes (48778464bb7d Linux 5.8-rc2)
$ git merge uniphier-fixes/fixes
Already up to date.
Merging drivers-memory-fixes/fixes (b3a9e3b9622a Linux 5.8-rc1)
$ git merge drivers-memory-fixes/fixes
Already up to date.
Merging m68k-current/for-linus (382f429bb559 m68k: defconfig: Update defconfigs for v5.8-rc3)
$ git merge m68k-current/for-linus
Already up to date.
Merging powerpc-fixes/fixes (bcf876870b95 Linux 5.8)
$ git merge powerpc-fixes/fixes
Already up to date.
Merging s390-fixes/fixes (8e911bd8afe0 s390/test_unwind: fix possible memleak in test_unwind())
$ git merge s390-fixes/fixes
Auto-merging arch/s390/lib/test_unwind.c
Auto-merging arch/s390/include/asm/atomic.h
Merge made by the 'recursive' strategy.
 arch/s390/include/asm/atomic.h | 12 ++++++++++--
 arch/s390/lib/test_unwind.c    |  1 +
 arch/s390/mm/gmap.c            | 27 ++++++++++++++++++++-------
 3 files changed, 31 insertions(+), 9 deletions(-)
Merging sparc/master (0a95a6d1a4cd sparc: use for_each_child_of_node() macro)
$ git merge sparc/master
Auto-merging arch/sparc/kernel/signal_32.c
Auto-merging arch/sparc/Kconfig
Merge made by the 'recursive' strategy.
 arch/sparc/Kconfig                |  2 +-
 arch/sparc/boot/piggyback.c       |  4 ++++
 arch/sparc/include/asm/backoff.h  |  2 +-
 arch/sparc/include/asm/pgtsrmmu.h |  2 +-
 arch/sparc/kernel/auxio_64.c      |  1 -
 arch/sparc/kernel/central.c       |  2 +-
 arch/sparc/kernel/kgdb_32.c       |  2 +-
 arch/sparc/kernel/kgdb_64.c       |  2 +-
 arch/sparc/kernel/pci.c           |  3 +--
 arch/sparc/kernel/pcr.c           |  2 +-
 arch/sparc/kernel/prom_32.c       |  2 +-
 arch/sparc/kernel/signal32.c      |  4 ++--
 arch/sparc/kernel/signal_32.c     |  4 ++--
 arch/sparc/kernel/signal_64.c     |  4 ++--
 arch/sparc/kernel/viohs.c         |  6 ++----
 arch/sparc/lib/memset.S           |  1 +
 arch/sparc/math-emu/math_32.c     |  8 ++++----
 arch/sparc/mm/srmmu.c             | 18 +++++++++---------
 18 files changed, 35 insertions(+), 34 deletions(-)
Merging fscrypt-current/for-stable (2b4eae95c736 fscrypt: don't evict dirty inodes after removing key)
$ git merge fscrypt-current/for-stable
Already up to date.
Merging net/master (444da3f52407 bitfield.h: don't compile-time validate _val in FIELD_FIT)
$ git merge net/master
Auto-merging net/ipv4/tcp_fastopen.c
Auto-merging MAINTAINERS
Merge made by the 'recursive' strategy.
 Documentation/bpf/bpf_design_QA.rst                | 11 ----
 MAINTAINERS                                        |  3 +-
 .../ethernet/hisilicon/hns3/hns3vf/hclgevf_main.c  |  2 +-
 drivers/net/phy/phy_device.c                       |  8 +--
 drivers/net/usb/r8152.c                            |  2 +-
 drivers/net/vmxnet3/vmxnet3_drv.c                  |  3 +-
 drivers/net/wan/lapbether.c                        | 10 +++-
 include/linux/bitfield.h                           |  2 +-
 include/linux/bpf.h                                | 10 ++--
 include/linux/sockptr.h                            | 26 +---------
 include/net/tcp.h                                  |  2 +
 include/uapi/linux/bpf.h                           | 15 +++---
 kernel/bpf/bpf_iter.c                              | 58 +++++++++++-----------
 kernel/bpf/core.c                                  |  2 +-
 kernel/bpf/map_iter.c                              | 37 +++++++++++---
 kernel/bpf/syscall.c                               |  2 +-
 kernel/bpf/verifier.c                              |  2 +-
 kernel/trace/bpf_trace.c                           |  2 +-
 net/core/bpf_sk_storage.c                          | 37 +++++++++++---
 net/core/skbuff.c                                  |  2 +-
 net/ipv4/bpfilter/sockopt.c                        | 14 +++---
 net/ipv4/sysctl_net_ipv4.c                         | 16 ++----
 net/ipv4/tcp.c                                     | 16 ++----
 net/ipv4/tcp_fastopen.c                            | 23 +++++++++
 net/mptcp/subflow.c                                |  6 +--
 net/socket.c                                       | 23 +++------
 net/tls/tls_sw.c                                   |  3 +-
 tools/bpf/bpftool/iter.c                           |  9 ++--
 tools/bpf/resolve_btfids/main.c                    |  1 +
 tools/include/uapi/linux/bpf.h                     | 15 +++---
 tools/lib/bpf/bpf.c                                |  3 ++
 tools/lib/bpf/bpf.h                                |  5 +-
 tools/lib/bpf/btf.c                                |  2 +-
 tools/lib/bpf/libbpf.c                             |  6 +--
 tools/lib/bpf/libbpf.h                             |  5 +-
 tools/testing/selftests/bpf/Makefile               | 53 +++++++++++---------
 tools/testing/selftests/bpf/prog_tests/bpf_iter.c  | 40 ++++++++++++---
 .../testing/selftests/bpf/prog_tests/send_signal.c | 18 +++----
 .../bpf/prog_tests/stacktrace_build_id_nmi.c       |  4 +-
 tools/testing/selftests/bpf/settings               |  1 +
 tools/testing/selftests/bpf/test_tcpnotify_user.c  | 13 +++--
 tools/testing/selftests/net/mptcp/config           |  2 +
 tools/testing/selftests/net/mptcp/mptcp_connect.c  |  9 ++--
 43 files changed, 298 insertions(+), 225 deletions(-)
 create mode 100644 tools/testing/selftests/bpf/settings
Merging bpf/master (7c7ab580db49 net: Convert to use the fallthrough macro)
$ git merge bpf/master
Already up to date.
Merging ipsec/master (61ee4137b574 ip_vti: Fix unused variable warning)
$ git merge ipsec/master
Merge made by the 'recursive' strategy.
 net/ipv4/ip_vti.c | 2 ++
 1 file changed, 2 insertions(+)
Merging netfilter/master (7c7ab580db49 net: Convert to use the fallthrough macro)
$ git merge netfilter/master
Already up to date.
Merging ipvs/master (7c7ab580db49 net: Convert to use the fallthrough macro)
$ git merge ipvs/master
Already up to date.
Merging wireless-drivers/master (1cfd3426ef98 ath10k: Fix NULL pointer dereference in AHB device probe)
$ git merge wireless-drivers/master
Already up to date.
Merging mac80211/master (ac3a0c847296 Merge git://git.kernel.org/pub/scm/linux/kernel/git/netdev/net)
$ git merge mac80211/master
Already up to date.
Merging rdma-fixes/for-rc (bcf876870b95 Linux 5.8)
$ git merge rdma-fixes/for-rc
Already up to date.
Merging sound-current/for-linus (34dedd2a83b2 ALSA: usb-audio: Disable Lenovo P620 Rear line-in volume control)
$ git merge sound-current/for-linus
Merge made by the 'recursive' strategy.
 sound/pci/hda/patch_realtek.c | 12 ++++++++
 sound/usb/card.h              |  1 +
 sound/usb/mixer_maps.c        |  1 +
 sound/usb/mixer_quirks.c      |  1 +
 sound/usb/mixer_us16x08.c     |  2 +-
 sound/usb/pcm.c               |  6 ++++
 sound/usb/quirks-table.h      | 64 ++++++++++++++++++++++++++++++++++++++++++-
 sound/usb/quirks.c            |  3 ++
 sound/usb/stream.c            |  1 +
 9 files changed, 89 insertions(+), 2 deletions(-)
Merging sound-asoc-fixes/for-linus (b6448e0359f1 Merge remote-tracking branch 'asoc/for-5.9' into asoc-linus)
$ git merge sound-asoc-fixes/for-linus
Merge made by the 'recursive' strategy.
 sound/soc/amd/acp3x-rt5682-max9836.c |   2 +-
 sound/soc/amd/renoir/acp3x-pdm-dma.c |  29 ++-----
 sound/soc/codecs/wm8962.c            |   2 +-
 sound/soc/fsl/fsl-asoc-card.c        | 154 ++++++++++++++++-------------------
 sound/soc/fsl/mpc5200_dma.c          |   1 -
 sound/soc/tegra/tegra186_dspk.c      |   4 +-
 sound/soc/tegra/tegra210_admaif.c    |   4 +-
 sound/soc/tegra/tegra210_ahub.c      |   4 +-
 sound/soc/tegra/tegra210_dmic.c      |   4 +-
 sound/soc/tegra/tegra210_i2s.c       |   4 +-
 10 files changed, 91 insertions(+), 117 deletions(-)
Merging regmap-fixes/for-linus (2b0f61e27f75 Merge remote-tracking branch 'regmap/for-5.8' into regmap-linus)
$ git merge regmap-fixes/for-linus
Already up to date.
Merging regulator-fixes/for-linus (75f4d068cb0d Merge remote-tracking branch 'regulator/for-5.9' into regulator-linus)
$ git merge regulator-fixes/for-linus
Merge made by the 'recursive' strategy.
 drivers/regulator/cros-ec-regulator.c | 3 +++
 drivers/regulator/fixed.c             | 2 +-
 2 files changed, 4 insertions(+), 1 deletion(-)
Merging spi-fixes/for-linus (3ea884314328 Merge remote-tracking branch 'spi/for-5.9' into spi-linus)
$ git merge spi-fixes/for-linus
Auto-merging drivers/spi/spi.c
Merge made by the 'recursive' strategy.
 .../devicetree/bindings/spi/spi-fsl-lpspi.yaml     |   1 +
 drivers/spi/Kconfig                                |   3 +
 drivers/spi/spi-stm32.c                            | 100 +++++++++++++--------
 drivers/spi/spi.c                                  |  21 ++++-
 4 files changed, 86 insertions(+), 39 deletions(-)
Merging pci-current/for-linus (b361663c5a40 PCI/ASPM: Disable ASPM on ASMedia ASM1083/1085 PCIe-to-PCI bridge)
$ git merge pci-current/for-linus
Already up to date.
Merging driver-core.current/driver-core-linus (fc80c51fd4b2 Merge tag 'kbuild-v5.9' of git://git.kernel.org/pub/scm/linux/kernel/git/masahiroy/linux-kbuild)
$ git merge driver-core.current/driver-core-linus
Already up to date.
Merging tty.current/tty-linus (fc80c51fd4b2 Merge tag 'kbuild-v5.9' of git://git.kernel.org/pub/scm/linux/kernel/git/masahiroy/linux-kbuild)
$ git merge tty.current/tty-linus
Already up to date.
Merging usb.current/usb-linus (449dc8c97089 Merge tag 'for-v5.9' of git://git.kernel.org/pub/scm/linux/kernel/git/sre/linux-power-supply)
$ git merge usb.current/usb-linus
Already up to date.
Merging usb-gadget-fixes/fixes (8778eb0927dd usb: gadget: function: fix missing spinlock in f_uac1_legacy)
$ git merge usb-gadget-fixes/fixes
Already up to date.
Merging usb-serial-fixes/usb-linus (47ec5303d73e Merge git://git.kernel.org/pub/scm/linux/kernel/git/netdev/net-next)
$ git merge usb-serial-fixes/usb-linus
Already up to date.
Merging usb-chipidea-fixes/ci-for-usb-stable (2d79b3360dcc usb: chipidea: core: add wakeup support for extcon)
$ git merge usb-chipidea-fixes/ci-for-usb-stable
Auto-merging drivers/usb/chipidea/core.c
Merge made by the 'recursive' strategy.
Merging phy/fixes (e365831fbdd6 phy: qualcomm: fix return value check in qcom_ipq806x_usb_phy_probe())
$ git merge phy/fixes
Merge made by the 'recursive' strategy.
 drivers/phy/qualcomm/phy-qcom-ipq806x-usb.c | 5 ++---
 1 file changed, 2 insertions(+), 3 deletions(-)
Merging staging.current/staging-linus (fc80c51fd4b2 Merge tag 'kbuild-v5.9' of git://git.kernel.org/pub/scm/linux/kernel/git/masahiroy/linux-kbuild)
$ git merge staging.current/staging-linus
Already up to date.
Merging char-misc.current/char-misc-linus (fc80c51fd4b2 Merge tag 'kbuild-v5.9' of git://git.kernel.org/pub/scm/linux/kernel/git/masahiroy/linux-kbuild)
$ git merge char-misc.current/char-misc-linus
Already up to date.
Merging soundwire-fixes/fixes (bf6d6e68d202 soundwire: intel: fix memory leak with devm_kasprintf)
$ git merge soundwire-fixes/fixes
Already up to date.
Merging thunderbolt-fixes/fixes (bcf876870b95 Linux 5.8)
$ git merge thunderbolt-fixes/fixes
Already up to date.
Merging input-current/for-linus (9e8238020c5b Merge branch 'next' into for-linus)
$ git merge input-current/for-linus
Removing Documentation/devicetree/bindings/input/touchscreen/exc3000.txt
Merge made by the 'recursive' strategy.
 .../ABI/testing/sysfs-driver-input-exc3000         |  15 ++
 .../bindings/input/touchscreen/eeti,exc3000.yaml   |  58 +++++
 .../bindings/input/touchscreen/exc3000.txt         |  26 ---
 Documentation/input/uinput.rst                     |   6 +-
 drivers/input/input-mt.c                           |   2 +-
 drivers/input/joystick/db9.c                       |  10 +-
 drivers/input/joystick/gamecon.c                   |  10 +-
 drivers/input/joystick/sidewinder.c                |  15 +-
 drivers/input/joystick/spaceball.c                 |   8 +-
 drivers/input/keyboard/adp5589-keys.c              |   2 +-
 drivers/input/keyboard/atkbd.c                     |   2 +-
 drivers/input/keyboard/gpio_keys.c                 |   1 -
 drivers/input/misc/ati_remote2.c                   |   4 +-
 drivers/input/misc/cm109.c                         |   8 +-
 drivers/input/misc/ims-pcu.c                       |   2 +-
 drivers/input/misc/iqs269a.c                       |  21 +-
 drivers/input/misc/pwm-vibra.c                     |   2 +-
 drivers/input/misc/xen-kbdfront.c                  |   4 +-
 drivers/input/mouse/alps.c                         |   2 +-
 drivers/input/mouse/appletouch.c                   |   2 +-
 drivers/input/mouse/cyapa_gen3.c                   |   4 +-
 drivers/input/mouse/cyapa_gen5.c                   |   2 +-
 drivers/input/mouse/cyapa_gen6.c                   |   2 +-
 drivers/input/mouse/elan_i2c.h                     |  20 +-
 drivers/input/mouse/elan_i2c_core.c                | 195 ++++++++++------
 drivers/input/mouse/elan_i2c_i2c.c                 | 165 ++++++++++----
 drivers/input/mouse/elan_i2c_smbus.c               |  35 ++-
 drivers/input/mouse/elantech.c                     |  12 +-
 drivers/input/mouse/hgpk.c                         |   4 +-
 drivers/input/mouse/navpoint.c                     |   2 +-
 drivers/input/mouse/psmouse-base.c                 |   2 +-
 drivers/input/mouse/sentelic.c                     |   4 +-
 drivers/input/mouse/sermouse.c                     |   4 +-
 drivers/input/serio/i8042.c                        |   2 +-
 drivers/input/serio/libps2.c                       |   2 +-
 drivers/input/sparse-keymap.c                      |   2 +-
 drivers/input/tablet/gtco.c                        |   6 +-
 drivers/input/tablet/pegasus_notetaker.c           |   2 +-
 drivers/input/touchscreen/atmel_mxt_ts.c           |  56 ++++-
 drivers/input/touchscreen/edt-ft5x06.c             |   3 +-
 drivers/input/touchscreen/elants_i2c.c             |   2 +-
 drivers/input/touchscreen/elo.c                    |   2 +-
 drivers/input/touchscreen/exc3000.c                | 248 +++++++++++++++++++--
 drivers/input/touchscreen/iqs5xx.c                 |   2 +-
 drivers/input/touchscreen/max11801_ts.c            |   1 -
 drivers/input/touchscreen/stmfts.c                 |   2 +-
 include/linux/rmi.h                                |   2 +-
 47 files changed, 718 insertions(+), 265 deletions(-)
 create mode 100644 Documentation/ABI/testing/sysfs-driver-input-exc3000
 create mode 100644 Documentation/devicetree/bindings/input/touchscreen/eeti,exc3000.yaml
 delete mode 100644 Documentation/devicetree/bindings/input/touchscreen/exc3000.txt
Merging crypto-current/master (3cbfe80737c1 crypto: sa2ul - Fix inconsistent IS_ERR and PTR_ERR)
$ git merge crypto-current/master
Already up to date.
Merging ide/master (6800cd8cbc6e ide-acpi: use %*ph to print small buffer)
$ git merge ide/master
Auto-merging drivers/ide/ide-acpi.c
Merge made by the 'recursive' strategy.
 drivers/ide/Kconfig           |  2 +-
 drivers/ide/aec62xx.c         |  3 +--
 drivers/ide/alim15x3.c        |  3 +--
 drivers/ide/amd74xx.c         |  3 +--
 drivers/ide/atiixp.c          |  3 +--
 drivers/ide/cmd64x.c          |  3 +--
 drivers/ide/cs5520.c          |  3 +--
 drivers/ide/cs5530.c          |  3 +--
 drivers/ide/cs5535.c          |  3 +--
 drivers/ide/cs5536.c          |  3 +--
 drivers/ide/cy82c693.c        |  3 +--
 drivers/ide/delkin_cb.c       | 32 ++++++--------------------------
 drivers/ide/hpt366.c          |  5 ++---
 drivers/ide/ide-acpi.c        |  5 +----
 drivers/ide/ide-pci-generic.c |  3 +--
 drivers/ide/it8172.c          |  3 +--
 drivers/ide/it8213.c          |  3 +--
 drivers/ide/it821x.c          |  3 +--
 drivers/ide/jmicron.c         |  3 +--
 drivers/ide/ns87415.c         |  3 +--
 drivers/ide/opti621.c         |  3 +--
 drivers/ide/pdc202xx_new.c    |  3 +--
 drivers/ide/pdc202xx_old.c    |  3 +--
 drivers/ide/piix.c            |  3 +--
 drivers/ide/sc1200.c          | 43 ++++++++++++++-----------------------------
 drivers/ide/serverworks.c     |  3 +--
 drivers/ide/setup-pci.c       | 29 ++++++-----------------------
 drivers/ide/siimage.c         |  3 +--
 drivers/ide/sis5513.c         |  3 +--
 drivers/ide/sl82c105.c        |  3 +--
 drivers/ide/slc90e66.c        |  3 +--
 drivers/ide/triflex.c         | 24 ++++++++----------------
 drivers/ide/via82cxxx.c       |  3 +--
 include/linux/ide.h           |  8 +-------
 34 files changed, 65 insertions(+), 161 deletions(-)
Merging vfio-fixes/for-linus (b872d0640840 vfio/pci: fix racy on error and request eventfd ctx)
$ git merge vfio-fixes/for-linus
Already up to date.
Merging kselftest-fixes/fixes (3c01655ac82e kselftest: ksft_test_num return type should be unsigned)
$ git merge kselftest-fixes/fixes
Already up to date.
Merging modules-fixes/modules-linus (57baec7b1b04 scripts/nsdeps: make sure to pass all module source files to spatch)
$ git merge modules-fixes/modules-linus
Already up to date.
Merging dmaengine-fixes/fixes (00043a268923 Merge branch 'topic/xilinx' into fixes)
$ git merge dmaengine-fixes/fixes
Already up to date.
Merging backlight-fixes/for-backlight-fixes (219d54332a09 Linux 5.4)
$ git merge backlight-fixes/for-backlight-fixes
Already up to date.
Merging mtd-fixes/mtd/fixes (f7e6b19bc764 mtd: properly check all write ioctls for permissions)
$ git merge mtd-fixes/mtd/fixes
Already up to date.
Merging mfd-fixes/for-mfd-fixes (603d9299da32 mfd: mt6397: Fix probe after changing mt6397-core)
$ git merge mfd-fixes/for-mfd-fixes
Already up to date.
Merging v4l-dvb-fixes/fixes (0d6db85131e0 Revert "media: atomisp: keep the ISP powered on when setting it")
$ git merge v4l-dvb-fixes/fixes
Already up to date.
Merging reset-fixes/reset/fixes (b460e0a9e240 reset: intel: add unspecified HAS_IOMEM dependency)
$ git merge reset-fixes/reset/fixes
Already up to date.
Merging mips-fixes/mips-fixes (5868347a192a MIPS: Do not use smp_processor_id() in preemptible code)
$ git merge mips-fixes/mips-fixes
Already up to date.
Merging at91-fixes/at91-fixes (54ecb8f7028c Linux 5.4-rc1)
$ git merge at91-fixes/at91-fixes
Already up to date.
Merging omap-fixes/fixes (2a4117df9b43 ARM: dts: Fix dcan driver probe failed on am437x platform)
$ git merge omap-fixes/fixes
Already up to date.
Merging kvm-fixes/master (06a81c1c7db9 Merge tag 'arm64-fixes' of git://git.kernel.org/pub/scm/linux/kernel/git/arm64/linux)
$ git merge kvm-fixes/master
Already up to date.
Merging kvms390-fixes/master (774911290c58 KVM: s390: reduce number of IO pins to 1)
$ git merge kvms390-fixes/master
Already up to date.
Merging hwmon-fixes/hwmon (ba47d845d715 Linux 5.8-rc6)
$ git merge hwmon-fixes/hwmon
Already up to date.
Merging nvdimm-fixes/libnvdimm-fixes (543094e19c82 nvdimm/region: always show the 'align' attribute)
$ git merge nvdimm-fixes/libnvdimm-fixes
Already up to date.
Merging btrfs-fixes/next-fixes (48d8b546d7ba Merge branch 'misc-5.9' into next-fixes)
$ git merge btrfs-fixes/next-fixes
Auto-merging fs/btrfs/inode.c
Merge made by the 'recursive' strategy.
 fs/btrfs/backref.c          |  2 +-
 fs/btrfs/free-space-cache.c |  4 ++--
 fs/btrfs/inode.c            | 16 +++++++++++-----
 fs/btrfs/super.c            | 30 +++++++++++++++++++++++-------
 fs/btrfs/sysfs.c            |  8 +++++---
 fs/btrfs/tree-log.c         |  8 ++------
 6 files changed, 44 insertions(+), 24 deletions(-)
Merging vfs-fixes/fixes (bb1a773d5b6b kill unused dump_fpu() instances)
$ git merge vfs-fixes/fixes
Already up to date.
Merging dma-mapping-fixes/for-linus (7dc6fd0f3b84 Merge branch 'i2c/for-current' of git://git.kernel.org/pub/scm/linux/kernel/git/wsa/linux)
$ git merge dma-mapping-fixes/for-linus
Already up to date.
Merging i3c-fixes/master (6fbc7275c7a9 Linux 5.2-rc7)
$ git merge i3c-fixes/master
Already up to date.
Merging drivers-x86-fixes/fixes (bcf876870b95 Linux 5.8)
$ git merge drivers-x86-fixes/fixes
Already up to date.
Merging samsung-krzk-fixes/fixes (b3a9e3b9622a Linux 5.8-rc1)
$ git merge samsung-krzk-fixes/fixes
Already up to date.
Merging pinctrl-samsung-fixes/pinctrl-fixes (b3a9e3b9622a Linux 5.8-rc1)
$ git merge pinctrl-samsung-fixes/pinctrl-fixes
Already up to date.
Merging devicetree-fixes/dt/linus (0115e6c98c22 dt-bindings: clock: imx: Fix e-mail address)
$ git merge devicetree-fixes/dt/linus
Already up to date.
Merging scsi-fixes/fixes (3f0dcfbcd2e1 scsi: core: Run queue in case of I/O resource contention failure)
$ git merge scsi-fixes/fixes
Already up to date.
Merging drm-fixes/drm-fixes (887c909dd5d5 Merge tag 'amd-drm-fixes-5.8-2020-07-30' of git://people.freedesktop.org/~agd5f/linux into drm-fixes)
$ git merge drm-fixes/drm-fixes
Already up to date.
Merging amdgpu-fixes/drm-fixes (2c409ba81be2 drm/radeon: fix si_enable_smc_cac() failed issue)
$ git merge amdgpu-fixes/drm-fixes
Already up to date.
Merging drm-intel-fixes/for-linux-next-fixes (bcf876870b95 Linux 5.8)
$ git merge drm-intel-fixes/for-linux-next-fixes
Already up to date.
Merging mmc-fixes/fixes (ebd4050c6144 mmc: sdhci-of-aspeed: Fix clock divider calculation)
$ git merge mmc-fixes/fixes
Already up to date.
Merging rtc-fixes/rtc-fixes (b3a9e3b9622a Linux 5.8-rc1)
$ git merge rtc-fixes/rtc-fixes
Already up to date.
Merging gnss-fixes/gnss-linus (48778464bb7d Linux 5.8-rc2)
$ git merge gnss-fixes/gnss-linus
Already up to date.
Merging hyperv-fixes/hyperv-fixes (608a973bd52e Drivers: hv: vmbus: Only notify Hyper-V for die events that are oops)
$ git merge hyperv-fixes/hyperv-fixes
Auto-merging drivers/hv/vmbus_drv.c
Merge made by the 'recursive' strategy.
 drivers/hv/vmbus_drv.c | 4 ++++
 1 file changed, 4 insertions(+)
Merging soc-fsl-fixes/fix (fe8fe7723a3a soc: fsl: dpio: register dpio irq handlers after dpio create)
$ git merge soc-fsl-fixes/fix
Already up to date.
Merging risc-v-fixes/fixes (1b4cab57f3ba riscv: disable stack-protector for vDSO)
$ git merge risc-v-fixes/fixes
Auto-merging arch/riscv/kernel/vdso/Makefile
Merge made by the 'recursive' strategy.
Merging pidfd-fixes/fixes (7665a47f70b3 signal: fix typo in dequeue_synchronous_signal())
$ git merge pidfd-fixes/fixes
Already up to date.
Merging fpga-fixes/fixes (8614afd689df fpga: dfl: fix bug in port reset handshake)
$ git merge fpga-fixes/fixes
Already up to date.
Merging spdx/spdx-linus (3d77e6a8804a Linux 5.7)
$ git merge spdx/spdx-linus
Already up to date.
Merging gpio-intel-fixes/fixes (bcf876870b95 Linux 5.8)
$ git merge gpio-intel-fixes/fixes
Already up to date.
Merging pinctrl-intel-fixes/fixes (bcf876870b95 Linux 5.8)
$ git merge pinctrl-intel-fixes/fixes
Already up to date.
Merging erofs-fixes/fixes (9ebcfadb0610 Linux 5.8-rc3)
$ git merge erofs-fixes/fixes
Already up to date.
Merging integrity-fixes/fixes (843385694721 evm: Fix a small race in init_desc())
$ git merge integrity-fixes/fixes
Already up to date.
Merging kunit-fixes/kunit-fixes (c63d2dd7e134 Documentation: kunit: Add some troubleshooting tips to the FAQ)
$ git merge kunit-fixes/kunit-fixes
Already up to date.
Merging ubifs-fixes/fixes (f37e99aca03f Merge tag 's390-5.8-6' of git://git.kernel.org/pub/scm/linux/kernel/git/s390/linux into master)
$ git merge ubifs-fixes/fixes
Already up to date.
Merging drm-misc-fixes/for-linux-next-fixes (836b194d6578 drm/virtio: fix memory leak in virtio_gpu_cleanup_object())
$ git merge drm-misc-fixes/for-linux-next-fixes
Auto-merging drivers/gpu/drm/virtio/virtgpu_object.c
Auto-merging drivers/gpu/drm/virtio/virtgpu_ioctl.c
Auto-merging drivers/gpu/drm/ttm/ttm_bo_vm.c
Auto-merging drivers/gpu/drm/tidss/tidss_kms.c
Auto-merging drivers/gpu/drm/omapdrm/dss/venc.c
Auto-merging drivers/gpu/drm/drm_gem.c
Merge made by the 'recursive' strategy.
 drivers/gpu/drm/drm_gem.c                      | 3 +++
 drivers/gpu/drm/drm_panel_orientation_quirks.c | 6 ++++++
 drivers/gpu/drm/omapdrm/dss/dispc.c            | 1 +
 drivers/gpu/drm/omapdrm/dss/dsi.c              | 1 +
 drivers/gpu/drm/omapdrm/dss/dss.c              | 1 +
 drivers/gpu/drm/omapdrm/dss/venc.c             | 1 +
 drivers/gpu/drm/tidss/tidss_kms.c              | 2 +-
 drivers/gpu/drm/ttm/ttm_bo_vm.c                | 4 +++-
 drivers/gpu/drm/virtio/virtgpu_ioctl.c         | 1 +
 drivers/gpu/drm/virtio/virtgpu_object.c        | 1 +
 10 files changed, 19 insertions(+), 2 deletions(-)
Merging kspp-gustavo/for-next/kspp (48778464bb7d Linux 5.8-rc2)
$ git merge kspp-gustavo/for-next/kspp
Already up to date.
Merging kbuild/for-next (514bad879fdb Merge branch 'kconfig' into for-next)
$ git merge kbuild/for-next
Auto-merging scripts/link-vmlinux.sh
Auto-merging scripts/kconfig/qconf.h
Auto-merging scripts/kconfig/qconf.cc
Auto-merging scripts/checkpatch.pl
Auto-merging scripts/Makefile.lib
Auto-merging scripts/Makefile.kcsan
Auto-merging lib/Makefile
Auto-merging kernel/trace/Makefile
Auto-merging arch/xtensa/boot/boot-redboot/Makefile
Auto-merging arch/xtensa/boot/boot-elf/Makefile
Auto-merging Makefile
Auto-merging Documentation/kbuild/kconfig-language.rst
Merge made by the 'recursive' strategy.
 scripts/checkkconfigsymbols.py |  2 +-
 scripts/checkpatch.pl          |  6 +-----
 scripts/kconfig/images.c       | 30 +++++++++++++++---------------
 scripts/kconfig/images.h       | 30 +++++++++++++++---------------
 scripts/kconfig/lexer.l        |  2 +-
 scripts/kconfig/qconf.cc       | 12 ++++++++++--
 scripts/kconfig/qconf.h        |  4 ++++
 7 files changed, 47 insertions(+), 39 deletions(-)
Merging compiler-attributes/compiler-attributes (98d54f81e36b Linux 5.6-rc4)
$ git merge compiler-attributes/compiler-attributes
Already up to date.
Merging dma-mapping/for-next (274b3f7bf344 dma-contiguous: cleanup dma_alloc_contiguous)
$ git merge dma-mapping/for-next
Already up to date.
Merging asm-generic/master (060dc911501f nds32: fix build failure caused by page table folding updates)
$ git merge asm-generic/master
Already up to date.
Merging arc/for-next (def9d2780727 Linux 5.5-rc7)
$ git merge arc/for-next
Already up to date.
Merging arm/for-next (4dffbda6a996 Merge branches 'fixes' and 'misc' into for-next)
$ git merge arm/for-next
Already up to date!
Merge made by the 'recursive' strategy.
Merging arm64/for-next/core (3df14264ad99 recordmcount: Fix build failure on non arm64)
$ git merge arm64/for-next/core
Merge made by the 'recursive' strategy.
 scripts/recordmcount.c | 2 ++
 1 file changed, 2 insertions(+)
Merging arm-perf/for-next/perf (55fdc1f44cd6 arm64: perf: Expose some new events via sysfs)
$ git merge arm-perf/for-next/perf
Already up to date.
Merging arm-soc/for-next (e7e7df91deea soc: document merges)
$ git merge arm-soc/for-next
Merge made by the 'recursive' strategy.
 arch/arm/soc-for-next-contents.txt | 229 +++++++++++++++++++++++++++++++++++++
 1 file changed, 229 insertions(+)
 create mode 100644 arch/arm/soc-for-next-contents.txt
Merging amlogic/for-next (e5b34acf7ab4 Merge branch 'v5.10/dt64' into tmp/aml-rebuild)
$ git merge amlogic/for-next
Merge made by the 'recursive' strategy.
 .../boot/dts/amlogic/meson-g12b-khadas-vim3.dtsi   | 88 --------------------
 arch/arm64/boot/dts/amlogic/meson-khadas-vim3.dtsi | 94 +++++++++++++++++++++-
 2 files changed, 92 insertions(+), 90 deletions(-)
Merging aspeed/for-next (2c887638a5fa ARM: dts: Aspeed: tacoma: Enable EHCI controller)
$ git merge aspeed/for-next
Already up to date.
Merging at91/at91-next (ec539e70d882 Merge branches 'at91-soc', 'at91-dt' and 'at91-defconfig' into at91-next)
$ git merge at91/at91-next
Already up to date!
Merge made by the 'recursive' strategy.
Merging drivers-memory/for-next (f046e4a3f0b9 memory: jz4780_nemc: Only request IO memory the driver will use)
$ git merge drivers-memory/for-next
Already up to date.
Merging imx-mxs/for-next (3c1a41dab7b8 Merge branch 'imx/defconfig' into for-next)
$ git merge imx-mxs/for-next
Already up to date!
Merge made by the 'recursive' strategy.
Merging keystone/next (50c950e2c8b6 Merge branch 'for_5.9/driver-soc' into next)
$ git merge keystone/next
Already up to date!
Merge made by the 'recursive' strategy.
Merging mediatek/for-next (647a84d1e4dc Merge branch 'v5.8-next/soc' into for-next)
$ git merge mediatek/for-next
Already up to date!
Merge made by the 'recursive' strategy.
Merging mvebu/for-next (29bd9d8c2ac1 Merge branch 'mvebu/dt64' into mvebu/for-next)
$ git merge mvebu/for-next
Already up to date!
Merge made by the 'recursive' strategy.
Merging omap/for-next (a5b4d0a1b174 Merge branch 'omap-for-v5.9/ti-sysc-drop-pdata-take2' into for-next)
$ git merge omap/for-next
Already up to date!
Merge made by the 'recursive' strategy.
Merging qcom/for-next (0854ab24c098 Merge branch 'arm64-defconfig-for-5.10' into for-next)
$ git merge qcom/for-next
Auto-merging arch/arm64/configs/defconfig
Merge made by the 'recursive' strategy.
 arch/arm64/configs/defconfig | 1 +
 1 file changed, 1 insertion(+)
Merging raspberrypi/for-next (25c6f3960764 ARM: dts: bcm2711: Add HDMI DVP)
$ git merge raspberrypi/for-next
Already up to date.
Merging realtek/for-next (486f29df6941 Merge branch 'v5.8/dt' into next)
$ git merge realtek/for-next
Already up to date!
Merge made by the 'recursive' strategy.
Merging renesas/next (467c08268168 Merge branch 'renesas-arm-dt-for-v5.9' into renesas-next)
$ git merge renesas/next
Already up to date!
Merge made by the 'recursive' strategy.
Merging reset/reset/next (2983e2385ff6 reset: imx7: add the cm4 reset for i.MX8MQ)
$ git merge reset/reset/next
Merge made by the 'recursive' strategy.
 .../bindings/reset/xlnx,zynqmp-reset.txt           |  11 ++-
 drivers/reset/Kconfig                              |   5 +-
 drivers/reset/core.c                               |   3 +-
 drivers/reset/reset-imx7.c                         |  13 ++-
 drivers/reset/reset-zynqmp.c                       |  50 ++++++++--
 include/dt-bindings/reset/imx8mq-reset.h           |   5 +-
 include/dt-bindings/reset/xlnx-versal-resets.h     | 105 +++++++++++++++++++++
 7 files changed, 176 insertions(+), 16 deletions(-)
 create mode 100644 include/dt-bindings/reset/xlnx-versal-resets.h
Merging rockchip/for-next (088d74f51158 Merge branch 'v5.9-clk/next' into for-next)
$ git merge rockchip/for-next
Merge made by the 'recursive' strategy.
 .../bindings/clock/rockchip,rk3288-cru.txt         |  8 ++-
 drivers/clk/rockchip/clk-pll.c                     | 70 +++++++++++++---------
 drivers/clk/rockchip/clk-rk3188.c                  |  1 +
 drivers/clk/rockchip/clk-rk3288.c                  | 39 +++++++++++-
 drivers/clk/rockchip/clk-rk3328.c                  |  8 +--
 5 files changed, 89 insertions(+), 37 deletions(-)
Merging samsung-krzk/for-next (3f61e08ac0be Merge branch 'next/memory-ctrl-drivers' into for-next)
$ git merge samsung-krzk/for-next
Merge made by the 'recursive' strategy.
Merging scmi/for-linux-next (bcf876870b95 Linux 5.8)
$ git merge scmi/for-linux-next
Already up to date.
Merging sunxi/sunxi/for-next (9afd08499961 Merge branch 'sunxi/dt-for-5.9' into sunxi/for-next)
$ git merge sunxi/sunxi/for-next
Already up to date!
Merge made by the 'recursive' strategy.
Merging tegra/for-next (8617339892a6 Merge branch for-5.9/arm64/dt into for-next)
$ git merge tegra/for-next
Merge made by the 'recursive' strategy.
 drivers/clk/tegra/clk-pll.c          | 27 +++++++++++++++++----------
 drivers/clk/tegra/clk-tegra210-emc.c |  2 ++
 2 files changed, 19 insertions(+), 10 deletions(-)
Merging ti-k3/ti-k3-next (1e3d655fe7b4 Merge branch 'ti-k3-config-next' into ti-k3-next)
$ git merge ti-k3/ti-k3-next
Already up to date!
Merge made by the 'recursive' strategy.
Merging uniphier/for-next (4f8fb65af529 Merge branch 'dt64' into for-next)
$ git merge uniphier/for-next
Already up to date!
Merge made by the 'recursive' strategy.
Merging clk/clk-next (dd9c697a944a Merge branches 'clk-microchip', 'clk-mmp', 'clk-unused' and 'clk-at91' into clk-next)
$ git merge clk/clk-next
Auto-merging drivers/clk/tegra/clk-pll.c
Auto-merging MAINTAINERS
Removing Documentation/devicetree/bindings/clock/qcom,sc7180-gpucc.yaml
Removing Documentation/devicetree/bindings/clock/idt,versaclock5.txt
Merge made by the 'recursive' strategy.
 .../arm/bcm/raspberrypi,bcm2835-firmware.yaml      |    9 +
 .../devicetree/bindings/clock/idt,versaclock5.txt  |  125 ---
 .../devicetree/bindings/clock/idt,versaclock5.yaml |  154 +++
 .../{qcom,sdm845-gpucc.yaml => qcom,gpucc.yaml}    |   18 +-
 .../bindings/clock/qcom,msm8996-apcc.yaml          |    6 +-
 .../bindings/clock/qcom,sc7180-gpucc.yaml          |   74 --
 .../bindings/clock/qcom,sc7180-lpasscorecc.yaml    |  108 ++
 MAINTAINERS                                        |    4 +-
 drivers/clk/Kconfig                                |    2 +-
 drivers/clk/Makefile                               |    1 +
 drivers/clk/actions/owl-s500.c                     |   89 +-
 drivers/clk/at91/Makefile                          |    1 +
 drivers/clk/at91/at91rm9200.c                      |    3 +-
 drivers/clk/at91/at91sam9260.c                     |    3 +-
 drivers/clk/at91/at91sam9g45.c                     |    5 +-
 drivers/clk/at91/at91sam9n12.c                     |    7 +-
 drivers/clk/at91/at91sam9rl.c                      |    3 +-
 drivers/clk/at91/at91sam9x5.c                      |    7 +-
 drivers/clk/at91/clk-generated.c                   |   44 +-
 drivers/clk/at91/clk-main.c                        |    6 +-
 drivers/clk/at91/clk-master.c                      |  310 +++++-
 drivers/clk/at91/clk-peripheral.c                  |  111 +-
 drivers/clk/at91/clk-programmable.c                |   11 +-
 drivers/clk/at91/clk-sam9x60-pll.c                 |  547 +++++++---
 drivers/clk/at91/clk-system.c                      |    4 +-
 drivers/clk/at91/clk-utmi.c                        |  103 +-
 drivers/clk/at91/dt-compat.c                       |   25 +-
 drivers/clk/at91/pmc.h                             |   43 +-
 drivers/clk/at91/sam9x60.c                         |   66 +-
 drivers/clk/at91/sama5d2.c                         |   41 +-
 drivers/clk/at91/sama5d3.c                         |    8 +-
 drivers/clk/at91/sama5d4.c                         |    7 +-
 drivers/clk/at91/sama7g5.c                         | 1059 ++++++++++++++++++++
 drivers/clk/at91/sckc.c                            |    5 +-
 drivers/clk/bcm/clk-bcm2835.c                      |   25 +-
 drivers/clk/bcm/clk-iproc-asiu.c                   |    4 +-
 drivers/clk/clk-qoriq.c                            |   10 +-
 drivers/clk/clk-sparx5.c                           |  295 ++++++
 drivers/clk/clk-versaclock5.c                      |   82 +-
 drivers/clk/clk.c                                  |   38 +-
 drivers/clk/davinci/pll.c                          |    2 +-
 drivers/clk/imx/clk-pllv3.c                        |    4 +-
 drivers/clk/ingenic/jz4780-cgu.c                   |  165 +--
 drivers/clk/ingenic/x1000-cgu.c                    |   97 +-
 drivers/clk/ingenic/x1830-cgu.c                    |   13 +
 drivers/clk/mmp/clk-pxa168.c                       |    1 +
 drivers/clk/mmp/clk-pxa910.c                       |    1 +
 drivers/clk/qcom/Kconfig                           |   25 +
 drivers/clk/qcom/Makefile                          |    3 +
 drivers/clk/qcom/clk-alpha-pll.c                   |   70 +-
 drivers/clk/qcom/clk-alpha-pll.h                   |   15 +-
 drivers/clk/qcom/gcc-sc7180.c                      |   14 +
 drivers/clk/qcom/gcc-sdm660.c                      |    4 +
 drivers/clk/qcom/gcc-sm8150.c                      |   26 +-
 drivers/clk/qcom/gdsc.c                            |   39 +
 drivers/clk/qcom/gdsc.h                            |    2 +
 drivers/clk/qcom/gpucc-sc7180.c                    |   27 +-
 drivers/clk/qcom/gpucc-sdm845.c                    |   27 +-
 drivers/clk/qcom/gpucc-sm8150.c                    |  320 ++++++
 drivers/clk/qcom/gpucc-sm8250.c                    |  348 +++++++
 drivers/clk/qcom/lpasscorecc-sc7180.c              |  476 +++++++++
 drivers/clk/sirf/clk-atlas6.c                      |    2 +-
 drivers/clk/x86/clk-cgu-pll.c                      |    2 +-
 drivers/clk/x86/clk-cgu.c                          |   32 +-
 include/dt-bindings/clock/actions,s500-cmu.h       |    7 +-
 include/dt-bindings/clock/jz4780-cgu.h             |  144 +--
 include/dt-bindings/clock/qcom,gcc-sc7180.h        |    1 +
 include/dt-bindings/clock/qcom,gcc-sdm660.h        |    1 +
 include/dt-bindings/clock/qcom,gpucc-sm8150.h      |   33 +
 include/dt-bindings/clock/qcom,gpucc-sm8250.h      |   34 +
 .../dt-bindings/clock/qcom,lpasscorecc-sc7180.h    |   29 +
 include/dt-bindings/clock/x1000-cgu.h              |    2 +
 include/dt-bindings/clock/x1830-cgu.h              |    2 +
 include/dt-bindings/reset/actions,s500-reset.h     |   67 ++
 include/linux/clk-provider.h                       |    1 -
 include/linux/clk/at91_pmc.h                       |    4 +
 76 files changed, 4674 insertions(+), 829 deletions(-)
 delete mode 100644 Documentation/devicetree/bindings/clock/idt,versaclock5.txt
 create mode 100644 Documentation/devicetree/bindings/clock/idt,versaclock5.yaml
 rename Documentation/devicetree/bindings/clock/{qcom,sdm845-gpucc.yaml => qcom,gpucc.yaml} (75%)
 delete mode 100644 Documentation/devicetree/bindings/clock/qcom,sc7180-gpucc.yaml
 create mode 100644 Documentation/devicetree/bindings/clock/qcom,sc7180-lpasscorecc.yaml
 create mode 100644 drivers/clk/at91/sama7g5.c
 create mode 100644 drivers/clk/clk-sparx5.c
 create mode 100644 drivers/clk/qcom/gpucc-sm8150.c
 create mode 100644 drivers/clk/qcom/gpucc-sm8250.c
 create mode 100644 drivers/clk/qcom/lpasscorecc-sc7180.c
 create mode 100644 include/dt-bindings/clock/qcom,gpucc-sm8150.h
 create mode 100644 include/dt-bindings/clock/qcom,gpucc-sm8250.h
 create mode 100644 include/dt-bindings/clock/qcom,lpasscorecc-sc7180.h
 create mode 100644 include/dt-bindings/reset/actions,s500-reset.h
Merging clk-samsung/for-next (3d77e6a8804a Linux 5.7)
$ git merge clk-samsung/for-next
Already up to date.
Merging csky/linux-next (bdcd93ef9afb csky: Add context tracking support)
$ git merge csky/linux-next
Already up to date.
Merging h8300/h8300-next (9d48776fc609 Merge remote-tracking branch 'origin/master' into h8300-next)
$ git merge h8300/h8300-next
Auto-merging drivers/net/ethernet/smsc/smc91x.c
Auto-merging drivers/net/ethernet/smsc/Kconfig
Merge made by the 'recursive' strategy.
 arch/h8300/Kconfig.cpu                  |  4 ++
 arch/h8300/boot/dts/edosk2674.dts       | 10 ++++-
 arch/h8300/configs/edosk2674_defconfig  | 10 ++---
 arch/h8300/configs/h8300h-sim_defconfig |  8 +---
 arch/h8300/configs/h8s-sim_defconfig    |  8 +---
 arch/h8300/lib/memset.S                 | 17 +++++----
 drivers/clocksource/h8300_timer8.c      | 20 +++++-----
 drivers/irqchip/irq-renesas-h8300h.c    | 19 +++++++++-
 drivers/irqchip/irq-renesas-h8s.c       | 67 +++++++++++++++++++++++++--------
 drivers/net/ethernet/smsc/Kconfig       |  1 -
 drivers/net/ethernet/smsc/smc91x.c      | 10 +++++
 drivers/tty/serial/sh-sci.c             |  5 +--
 12 files changed, 120 insertions(+), 59 deletions(-)
Merging ia64/next (1a9d3c34c593 x86/cpu: Add Lakefield, Alder Lake and Rocket Lake to Intel family)
$ git merge ia64/next
Merge made by the 'recursive' strategy.
Merging m68k/for-next (382f429bb559 m68k: defconfig: Update defconfigs for v5.8-rc3)
$ git merge m68k/for-next
Already up to date.
Merging m68knommu/for-next (fde87ebf1daa m68k: stmark2: enable edma support for dspi)
$ git merge m68knommu/for-next
Already up to date.
Merging microblaze/next (b3a9e3b9622a Linux 5.8-rc1)
$ git merge microblaze/next
Already up to date.
Merging mips/mips-next (6c86a3029ce3 MIPS: SGI-IP27: always enable NUMA in Kconfig)
$ git merge mips/mips-next
Already up to date.
Merging nds32/next (0a2e478902c7 nds32: use get_kernel_nofault in dump_mem)
$ git merge nds32/next
Merge made by the 'recursive' strategy.
 arch/nds32/configs/defconfig |  1 -
 arch/nds32/kernel/time.c     |  2 +-
 arch/nds32/kernel/traps.c    | 50 +++-----------------------------------------
 3 files changed, 4 insertions(+), 49 deletions(-)
Merging nios2/for-next (6b57fa4d374b nios2: signal: Mark expected switch fall-through)
$ git merge nios2/for-next
Already up to date.
Merging openrisc/for-next (55b2662ec665 openrisc: uaccess: Add user address space check to access_ok)
$ git merge openrisc/for-next
Auto-merging init/init_task.c
Merge made by the 'recursive' strategy.
 arch/openrisc/include/asm/io.h      |  9 +++-
 arch/openrisc/include/asm/uaccess.h | 23 +++++-----
 arch/openrisc/kernel/setup.c        |  8 ++--
 arch/openrisc/kernel/signal.c       | 14 +++---
 arch/openrisc/kernel/smp.c          | 85 +++++++++++++++++++++++++++++++++----
 arch/openrisc/kernel/stacktrace.c   | 18 +++++++-
 arch/openrisc/kernel/vmlinux.lds.S  | 12 ------
 arch/openrisc/mm/tlb.c              | 17 +++++---
 include/asm-generic/io.h            | 16 +++----
 init/init_task.c                    |  1 +
 10 files changed, 145 insertions(+), 58 deletions(-)
Merging parisc-hd/for-next (f70f346189c1 sections.h: dereference_function_descriptor() should return void pointer)
$ git merge parisc-hd/for-next
Merge made by the 'recursive' strategy.
 arch/parisc/kernel/ftrace.c    | 3 ++-
 include/asm-generic/sections.h | 4 ++--
 2 files changed, 4 insertions(+), 3 deletions(-)
Merging powerpc/next (a7aaa2f26bfd selftests/powerpc: Fix pkey syscall redefinitions)
$ git merge powerpc/next
Already up to date.
Merging fsl/next (a76bea0287ce powerpc/kmcent2: add ranges to the pci bridges)
$ git merge fsl/next
Already up to date.
Merging soc-fsl/next (e9e4ef9116b1 soc: fsl: dpio: Remove unused inline function qbman_write_eqcr_am_rt_register)
$ git merge soc-fsl/next
Already up to date.
Merging risc-v/for-next (40284a072c42 riscv: disable stack-protector for vDSO)
$ git merge risc-v/for-next
Already up to date.
Merging s390/features (2baa85d6927d Merge tag 'acpi-5.9-rc1' of git://git.kernel.org/pub/scm/linux/kernel/git/rafael/linux-pm)
$ git merge s390/features
Already up to date.
Merging sh/for-next (55b4ddbb7ee5 sh: bring syscall_set_return_value in line with other architectures)
$ git merge sh/for-next
Auto-merging tools/testing/selftests/seccomp/seccomp_bpf.c
CONFLICT (content): Merge conflict in tools/testing/selftests/seccomp/seccomp_bpf.c
Auto-merging kernel/dma/Kconfig
Auto-merging arch/um/Kconfig
CONFLICT (content): Merge conflict in arch/um/Kconfig
Auto-merging arch/sh/mm/ioremap_fixed.c
Auto-merging arch/sh/mm/init.c
Auto-merging arch/sh/kernel/ptrace_32.c
Auto-merging arch/sh/kernel/process_32.c
CONFLICT (content): Merge conflict in arch/sh/kernel/process_32.c
Removing arch/sh/drivers/pci/fixups-cayman.c
Removing arch/sh/configs/cayman_defconfig
Removing arch/sh/boards/mach-cayman/setup.c
Removing arch/sh/boards/mach-cayman/panic.c
Removing arch/sh/boards/mach-cayman/irq.c
Removing arch/sh/boards/mach-cayman/Makefile
Auto-merging arch/m68k/Kconfig
Resolved 'arch/sh/kernel/process_32.c' using previous resolution.
Resolved 'arch/um/Kconfig' using previous resolution.
Resolved 'tools/testing/selftests/seccomp/seccomp_bpf.c' using previous resolution.
Automatic merge failed; fix conflicts and then commit the result.
$ git commit --no-edit -v -a
[master e453d07482d3] Merge remote-tracking branch 'sh/for-next' into master
$ git diff -M --stat --summary HEAD^..
 arch/m68k/Kconfig                             |   4 +-
 arch/m68k/Kconfig.machine                     |   1 +
 arch/sh/Kconfig                               | 109 ++++++++--------
 arch/sh/Makefile                              |   5 -
 arch/sh/boards/Kconfig                        |   6 -
 arch/sh/boards/board-sh2007.c                 |   4 +-
 arch/sh/boards/mach-cayman/Makefile           |   5 -
 arch/sh/boards/mach-cayman/irq.c              | 148 ---------------------
 arch/sh/boards/mach-cayman/panic.c            |  46 -------
 arch/sh/boards/mach-cayman/setup.c            | 181 --------------------------
 arch/sh/configs/cayman_defconfig              |  66 ----------
 arch/sh/drivers/pci/Makefile                  |   1 -
 arch/sh/drivers/pci/common.c                  |   6 +-
 arch/sh/drivers/pci/fixups-cayman.c           |  78 -----------
 arch/sh/drivers/pci/pci-sh7780.c              |  23 ++--
 arch/sh/drivers/pci/pci.c                     |  11 +-
 arch/sh/include/asm/adc.h                     |   2 -
 arch/sh/include/asm/addrspace.h               |   3 -
 arch/sh/include/asm/bitops.h                  |   4 -
 arch/sh/include/asm/cache.h                   |   2 -
 arch/sh/include/asm/cacheflush.h              |   3 -
 arch/sh/include/asm/dma.h                     |   2 -
 arch/sh/include/asm/elf.h                     |   2 -
 arch/sh/include/asm/freq.h                    |   2 -
 arch/sh/include/asm/futex.h                   |   3 -
 arch/sh/include/asm/io.h                      | 119 ++---------------
 arch/sh/include/asm/kdebug.h                  |   3 +-
 arch/sh/include/asm/mmu_context.h             |   2 -
 arch/sh/include/asm/mmzone.h                  |   3 -
 arch/sh/include/asm/pci.h                     |   4 -
 arch/sh/include/asm/processor_32.h            |   2 -
 arch/sh/include/asm/smc37c93x.h               |   4 +-
 arch/sh/include/asm/sparsemem.h               |   3 -
 arch/sh/include/asm/stacktrace.h              |   2 -
 arch/sh/include/asm/string_32.h               |   4 -
 arch/sh/include/asm/syscall_32.h              |   5 +-
 arch/sh/include/asm/syscalls_32.h             |   3 -
 arch/sh/include/asm/thread_info.h             |   5 -
 arch/sh/include/asm/uaccess_32.h              |  53 ++++++++
 arch/sh/include/asm/watchdog.h                |   2 -
 arch/sh/kernel/Makefile                       |   2 -
 arch/sh/kernel/disassemble.c                  | 103 +++++++--------
 arch/sh/kernel/dma-coherent.c                 |  51 +-------
 arch/sh/kernel/dumpstack.c                    |  30 ++---
 arch/sh/kernel/entry-common.S                 |  59 +++++----
 arch/sh/kernel/io_trapped.c                   |   2 -
 arch/sh/kernel/ioport.c                       |   1 +
 arch/sh/kernel/machvec.c                      |   8 +-
 arch/sh/kernel/perf_callchain.c               |   6 -
 arch/sh/kernel/process_32.c                   |  38 +++---
 arch/sh/kernel/ptrace_32.c                    |   5 +-
 arch/sh/kernel/stacktrace.c                   |   7 -
 arch/sh/lib/Makefile                          |   2 -
 arch/sh/lib/delay.c                           |   1 -
 arch/sh/mm/Makefile                           |   2 -
 arch/sh/mm/consistent.c                       |   2 -
 arch/sh/mm/fault.c                            |   3 +-
 arch/sh/mm/init.c                             |   1 +
 arch/sh/mm/ioremap.c                          |  55 ++++++++
 arch/sh/mm/ioremap.h                          |  23 ++++
 arch/sh/mm/ioremap_fixed.c                    |   1 +
 arch/sh/mm/pgtable.c                          |   7 +-
 arch/sh/oprofile/backtrace.c                  |   7 -
 arch/sh/tools/mach-types                      |   1 -
 arch/um/Kconfig                               |   4 +-
 drivers/input/serio/i8042-io.h                |   2 -
 kernel/dma/Kconfig                            |   3 +
 tools/testing/selftests/seccomp/seccomp_bpf.c |   8 +-
 68 files changed, 367 insertions(+), 998 deletions(-)
 delete mode 100644 arch/sh/boards/mach-cayman/Makefile
 delete mode 100644 arch/sh/boards/mach-cayman/irq.c
 delete mode 100644 arch/sh/boards/mach-cayman/panic.c
 delete mode 100644 arch/sh/boards/mach-cayman/setup.c
 delete mode 100644 arch/sh/configs/cayman_defconfig
 delete mode 100644 arch/sh/drivers/pci/fixups-cayman.c
 create mode 100644 arch/sh/mm/ioremap.h
Merging sparc-next/master (dd0d718152e4 Merge tag 'spi-fix-v5.8-rc2' of git://git.kernel.org/pub/scm/linux/kernel/git/broonie/spi)
$ git merge sparc-next/master
Already up to date.
Merging uml/linux-next (f6e8c474390b um: virtio: Replace zero-length array with flexible-array)
$ git merge uml/linux-next
Already up to date.
Merging xtensa/xtensa-for-next (a0fc1436f1f4 xtensa: add missing exclusive access state management)
$ git merge xtensa/xtensa-for-next
Already up to date.
Merging fscrypt/master (55e32c54bbd5 fscrypt: don't load ->i_crypt_info before it's known to be valid)
$ git merge fscrypt/master
Already up to date.
Merging afs/afs-next (8409f67b6437 afs: Adjust the fileserver rotation algorithm to reprobe/retry more quickly)
$ git merge afs/afs-next
Already up to date.
Merging btrfs/for-next (cd37cdd68ef1 Merge branch 'for-next-current-v5.7-20200730' into for-next-20200730)
$ git merge btrfs/for-next
Auto-merging fs/btrfs/super.c
CONFLICT (content): Merge conflict in fs/btrfs/super.c
Auto-merging fs/btrfs/inode.c
Recorded preimage for 'fs/btrfs/super.c'
Automatic merge failed; fix conflicts and then commit the result.
$ git commit --no-edit -v -a
Recorded resolution for 'fs/btrfs/super.c'.
[master 5ae1a21cd755] Merge remote-tracking branch 'btrfs/for-next' into master
$ git diff -M --stat --summary HEAD^..
 fs/btrfs/extent-tree.c       |  7 ++++---
 fs/btrfs/inode.c             | 11 +++--------
 include/trace/events/btrfs.h | 10 ++++++----
 3 files changed, 13 insertions(+), 15 deletions(-)
Merging ceph/master (02e37571f9e7 ceph: handle zero-length feature mask in session messages)
$ git merge ceph/master
Merge made by the 'recursive' strategy.
 fs/ceph/Kconfig                    |   2 +-
 fs/ceph/addr.c                     |  23 +++--
 fs/ceph/caps.c                     |  12 +--
 fs/ceph/debugfs.c                  |  16 +---
 fs/ceph/dir.c                      |   4 +
 fs/ceph/file.c                     |   5 +-
 fs/ceph/mds_client.c               | 184 +++++++++++++++++++++++++++++--------
 fs/ceph/mds_client.h               |   7 +-
 fs/ceph/mdsmap.c                   |  10 +-
 fs/ceph/metric.c                   | 149 ++++++++++++++++++++++++++++++
 fs/ceph/metric.h                   |  91 ++++++++++++++++++
 fs/ceph/super.c                    |  64 ++++++++++---
 fs/ceph/super.h                    |   6 +-
 fs/ceph/xattr.c                    |  12 +--
 include/linux/ceph/ceph_features.h |   2 +-
 include/linux/ceph/ceph_fs.h       |   1 +
 include/linux/ceph/libceph.h       |   1 +
 include/linux/ceph/osd_client.h    |   2 +-
 include/linux/crush/crush.h        |   2 +-
 net/ceph/Kconfig                   |   2 +-
 net/ceph/ceph_hash.c               |   2 +-
 net/ceph/crush/hash.c              |   2 +-
 net/ceph/crush/mapper.c            |   2 +-
 net/ceph/debugfs.c                 |   3 +
 net/ceph/osd_client.c              |  43 ++++-----
 25 files changed, 511 insertions(+), 136 deletions(-)
Merging cifs/for-next (30b5ae21b9a5 cifs: Convert to use the fallthrough macro)
$ git merge cifs/for-next
Auto-merging fs/cifs/connect.c
Merge made by the 'recursive' strategy.
 fs/cifs/connect.c | 1 +
 fs/cifs/smb2pdu.c | 4 ++--
 2 files changed, 3 insertions(+), 2 deletions(-)
Merging configfs/for-next (059ccbfff8a8 configfs: use flush file op to commit writes to a binary file)
$ git merge configfs/for-next
Merge made by the 'recursive' strategy.
 fs/configfs/file.c | 32 ++++++++++++++++++++++++++------
 1 file changed, 26 insertions(+), 6 deletions(-)
Merging ecryptfs/next (8b614cb8f1dc Merge tag '5.6-rc4-smb3-fixes' of git://git.samba.org/sfrench/cifs-2.6)
$ git merge ecryptfs/next
Already up to date.
Merging erofs/dev (0e62ea33ac12 erofs: remove WQ_CPU_INTENSIVE flag from unbound wq's)
$ git merge erofs/dev
Already up to date.
Merging exfat/dev (0bf2ab04a51c exfat: retain 'VolumeFlags' properly)
$ git merge exfat/dev
Merge made by the 'recursive' strategy.
 fs/exfat/balloc.c    |  4 ++--
 fs/exfat/dir.c       | 32 ++++++++++++++++-------------
 fs/exfat/exfat_fs.h  | 14 ++++++-------
 fs/exfat/exfat_raw.h |  5 ++---
 fs/exfat/fatent.c    | 58 ++++++++++------------------------------------------
 fs/exfat/file.c      |  9 +++++---
 fs/exfat/inode.c     | 13 ++++++------
 fs/exfat/misc.c      | 22 ++++++++++++++++++--
 fs/exfat/namei.c     | 32 ++++++++++++++---------------
 fs/exfat/super.c     | 48 ++++++++++++++++++++++++++++---------------
 10 files changed, 121 insertions(+), 116 deletions(-)
Merging ext3/for_next (de575ac602ab Pull reiserfs spelling fixes.)
$ git merge ext3/for_next
Already up to date!
Merge made by the 'recursive' strategy.
Merging ext4/dev (0f9be45c0814 ext4: correctly restore system zone info when remount fails)
$ git merge ext4/dev
Auto-merging fs/ext4/super.c
Auto-merging fs/ext4/inode.c
Auto-merging fs/ext4/file.c
Auto-merging Documentation/admin-guide/ext4.rst
Merge made by the 'recursive' strategy.
 Documentation/admin-guide/ext4.rst       |  20 +--
 Documentation/filesystems/ext4/about.rst |   2 +-
 fs/ext4/Kconfig                          |   2 +-
 fs/ext4/balloc.c                         |  16 ++-
 fs/ext4/block_validity.c                 | 159 +++++++++------------
 fs/ext4/ext4.h                           |  81 +++++++----
 fs/ext4/extents.c                        |  32 ++---
 fs/ext4/file.c                           |   9 +-
 fs/ext4/indirect.c                       |   6 +-
 fs/ext4/inode.c                          |  22 +--
 fs/ext4/ioctl.c                          |  32 ++---
 fs/ext4/mballoc.c                        | 161 +++++++++++++++++++--
 fs/ext4/namei.c                          |  54 ++++---
 fs/ext4/super.c                          | 237 ++++++++++++++++++++++---------
 fs/ext4/sysfs.c                          |  11 ++
 fs/ext4/xattr.c                          |   3 +-
 fs/jbd2/journal.c                        |  16 ++-
 fs/jbd2/transaction.c                    |  10 ++
 include/trace/events/ext4.h              |  68 ++++++++-
 19 files changed, 646 insertions(+), 295 deletions(-)
Merging f2fs/dev (828add774f0d f2fs: prepare a waiter before entering io_schedule)
$ git merge f2fs/dev
Auto-merging fs/f2fs/super.c
Auto-merging fs/f2fs/data.c
Auto-merging fs/f2fs/compress.c
Auto-merging Documentation/filesystems/f2fs.rst
CONFLICT (content): Merge conflict in Documentation/filesystems/f2fs.rst
Resolved 'Documentation/filesystems/f2fs.rst' using previous resolution.
Automatic merge failed; fix conflicts and then commit the result.
$ git commit --no-edit -v -a
[master 62178d96b203] Merge remote-tracking branch 'f2fs/dev' into master
$ git diff -M --stat --summary HEAD^..
 Documentation/ABI/testing/sysfs-fs-f2fs |   4 +-
 Documentation/filesystems/f2fs.rst      |   6 +-
 fs/f2fs/checkpoint.c                    |  15 +-
 fs/f2fs/compress.c                      |  89 ++++++++---
 fs/f2fs/data.c                          |  93 ++++++++---
 fs/f2fs/debug.c                         |  64 ++++++--
 fs/f2fs/dir.c                           |   2 +-
 fs/f2fs/extent_cache.c                  |  18 +--
 fs/f2fs/f2fs.h                          |  81 +++++-----
 fs/f2fs/file.c                          | 264 +++++++++++++++++++++++++++-----
 fs/f2fs/gc.c                            |  75 +++++----
 fs/f2fs/inline.c                        |  21 ++-
 fs/f2fs/inode.c                         |   4 +-
 fs/f2fs/namei.c                         |  18 ++-
 fs/f2fs/node.c                          |  38 +++--
 fs/f2fs/recovery.c                      |  12 +-
 fs/f2fs/segment.c                       | 129 +++++++++++-----
 fs/f2fs/segment.h                       |  10 +-
 fs/f2fs/super.c                         |  68 ++++----
 fs/f2fs/sysfs.c                         |  23 ++-
 fs/f2fs/verity.c                        |   6 +-
 fs/f2fs/xattr.c                         |   4 +-
 include/trace/events/f2fs.h             |  63 ++++++++
 23 files changed, 815 insertions(+), 292 deletions(-)
Merging fsverity/fsverity (f3db0bed4583 fs-verity: use smp_load_acquire() for ->i_verity_info)
$ git merge fsverity/fsverity
Already up to date.
Merging fuse/for-next (9e9e23bd2d36 fuse: update project homepage)
$ git merge fuse/for-next
Auto-merging MAINTAINERS
Merge made by the 'recursive' strategy.
 Documentation/filesystems/fuse.rst | 2 +-
 MAINTAINERS                        | 2 +-
 fs/fuse/Kconfig                    | 2 +-
 3 files changed, 3 insertions(+), 3 deletions(-)
Merging jfs/jfs-next (7aba5dcc2346 jfs: Replace zero-length array with flexible-array member)
$ git merge jfs/jfs-next
Already up to date.
Merging nfs/linux-next (128ac77d3e48 NFS: Don't return layout segments that are in use)
$ git merge nfs/linux-next
Auto-merging include/linux/nfs4.h
Auto-merging fs/nfs/nfs4proc.c
Auto-merging fs/nfs/file.c
Auto-merging fs/nfs/direct.c
Merge made by the 'recursive' strategy.
 fs/nfs/Makefile                        |    2 +-
 fs/nfs/client.c                        |   22 +-
 fs/nfs/dir.c                           |   24 +-
 fs/nfs/direct.c                        |    2 +-
 fs/nfs/file.c                          |   17 +-
 fs/nfs/flexfilelayout/flexfilelayout.c |   14 +-
 fs/nfs/inode.c                         |   20 +-
 fs/nfs/nfs42.h                         |   24 +
 fs/nfs/nfs42proc.c                     |  258 +++++++-
 fs/nfs/nfs42xattr.c                    | 1056 ++++++++++++++++++++++++++++++++
 fs/nfs/nfs42xdr.c                      |  438 +++++++++++++
 fs/nfs/nfs4_fs.h                       |   35 ++
 fs/nfs/nfs4client.c                    |   33 +-
 fs/nfs/nfs4file.c                      |    5 +-
 fs/nfs/nfs4proc.c                      |  237 ++++++-
 fs/nfs/nfs4super.c                     |   10 +
 fs/nfs/nfs4trace.h                     |   54 +-
 fs/nfs/nfs4xdr.c                       |   31 +
 fs/nfs/nfstrace.h                      |    3 +-
 fs/nfs/pnfs.c                          |   48 +-
 include/linux/nfs4.h                   |    5 +
 include/linux/nfs_fs.h                 |   12 +
 include/linux/nfs_fs_sb.h              |    6 +
 include/linux/nfs_xdr.h                |   60 +-
 include/linux/sunrpc/xprt.h            |    1 +
 include/uapi/linux/nfs_fs.h            |    1 +
 net/sunrpc/rpc_pipe.c                  |    2 +-
 net/sunrpc/xprt.c                      |    9 +
 28 files changed, 2328 insertions(+), 101 deletions(-)
 create mode 100644 fs/nfs/nfs42xattr.c
Merging nfs-anna/linux-next (65caafd0d214 SUNRPC reverting d03727b248d0 ("NFSv4 fix CLOSE not waiting for direct IO compeletion"))
$ git merge nfs-anna/linux-next
Already up to date.
Merging nfsd/nfsd-next (b3a9e3b9622a Linux 5.8-rc1)
$ git merge nfsd/nfsd-next
Already up to date.
Merging orangefs/for-next (e848643b524b orangefs: remove unnecessary assignment to variable ret)
$ git merge orangefs/for-next
Merge made by the 'recursive' strategy.
 fs/orangefs/acl.c          | 19 ++++++++++---------
 fs/orangefs/orangefs-mod.c |  1 -
 2 files changed, 10 insertions(+), 10 deletions(-)
Merging overlayfs/overlayfs-next (4518dfcf761e ovl: fix lookup of indexed hardlinks with metacopy)
$ git merge overlayfs/overlayfs-next
Already up to date.
Merging ubifs/next (798b7347e4f2 jffs2: fix UAF problem)
$ git merge ubifs/next
Auto-merging fs/ubifs/journal.c
Merge made by the 'recursive' strategy.
 drivers/mtd/ubi/fastmap-wl.c |  5 +++++
 drivers/mtd/ubi/wl.c         |  3 ++-
 fs/jffs2/dir.c               |  6 +++++-
 fs/jffs2/scan.c              |  3 ++-
 fs/ubifs/journal.c           | 10 ++++++----
 fs/ubifs/misc.h              |  2 +-
 fs/ubifs/sb.c                |  5 +++--
 fs/ubifs/super.c             | 18 ++++++++++++++++++
 fs/ubifs/ubifs.h             |  1 +
 9 files changed, 43 insertions(+), 10 deletions(-)
Merging v9fs/9p-next (2ed0b7578170 9p: Remove unneeded cast from memory allocation)
$ git merge v9fs/9p-next
Merge made by the 'recursive' strategy.
 fs/9p/v9fs.c           |  5 ++--
 fs/9p/vfs_inode.c      | 65 +++++++-------------------------------------------
 fs/9p/vfs_inode_dotl.c |  9 +++++--
 net/9p/trans_fd.c      |  2 +-
 4 files changed, 18 insertions(+), 63 deletions(-)
Merging xfs/for-next (96cf2a2c7556 xfs: Fix UBSAN null-ptr-deref in xfs_sysfs_init)
$ git merge xfs/for-next
Merge made by the 'recursive' strategy.
 fs/xfs/libxfs/xfs_sb.c        | 2 +-
 fs/xfs/xfs_attr_list.c        | 2 +-
 fs/xfs/xfs_buf_item.c         | 2 +-
 fs/xfs/xfs_buf_item_recover.c | 2 +-
 fs/xfs/xfs_dquot.c            | 2 +-
 fs/xfs/xfs_export.c           | 2 +-
 fs/xfs/xfs_inode.c            | 4 ++--
 fs/xfs/xfs_inode_item.c       | 4 ++--
 fs/xfs/xfs_iomap.c            | 2 +-
 fs/xfs/xfs_log_cil.c          | 2 +-
 fs/xfs/xfs_log_recover.c      | 2 +-
 fs/xfs/xfs_refcount_item.c    | 2 +-
 fs/xfs/xfs_reflink.c          | 2 +-
 fs/xfs/xfs_sysfs.h            | 6 ++++--
 fs/xfs/xfs_trans_ail.c        | 4 ++--
 15 files changed, 21 insertions(+), 19 deletions(-)
Merging zonefs/for-next (2f4b7462d2fa zonefs: update documentation to reflect zone size vs capacity)
$ git merge zonefs/for-next
Auto-merging fs/zonefs/super.c
Merge made by the 'recursive' strategy.
 Documentation/filesystems/zonefs.rst | 22 ++++++++++++----------
 fs/zonefs/super.c                    | 16 ++++++++++++----
 fs/zonefs/zonefs.h                   |  3 +++
 3 files changed, 27 insertions(+), 14 deletions(-)
Merging iomap/iomap-for-next (60263d5889e6 iomap: fall back to buffered writes for invalidation failures)
$ git merge iomap/iomap-for-next
Already up to date.
Merging djw-vfs/vfs-for-next (e4f9ba20d3b8 fs/xfs: Update xfs_ioctl_setattr_dax_invalidate())
$ git merge djw-vfs/vfs-for-next
Already up to date.
Merging file-locks/locks-next (c0842fbc1b18 random32: move the pseudo-random 32-bit definitions to prandom.h)
$ git merge file-locks/locks-next
Already up to date.
Merging vfs/for-next (bcf876870b95 Linux 5.8)
$ git merge vfs/for-next
Already up to date.
Merging printk/for-next (138ec38dfe82 Merge branch 'for-5.10' into for-next)
$ git merge printk/for-next
Auto-merging MAINTAINERS
Merge made by the 'recursive' strategy.
 MAINTAINERS                       |    1 +
 include/linux/crash_core.h        |    3 +
 kernel/printk/Makefile            |    1 +
 kernel/printk/printk.c            |  954 +++++++++++----------
 kernel/printk/printk_ringbuffer.c | 1685 +++++++++++++++++++++++++++++++++++++
 kernel/printk/printk_ringbuffer.h |  400 +++++++++
 6 files changed, 2588 insertions(+), 456 deletions(-)
 create mode 100644 kernel/printk/printk_ringbuffer.c
 create mode 100644 kernel/printk/printk_ringbuffer.h
Merging pci/next (6f119ec8d9c8 Merge branch 'pci/irq-error')
$ git merge pci/next
Already up to date.
Merging pstore/for-next/pstore (137c6236aeec mailmap: Add WeiXiong Liao)
$ git merge pstore/for-next/pstore
Merge made by the 'recursive' strategy.
 .mailmap | 124 +++++++++++++++++++++++++++++++++------------------------------
 1 file changed, 65 insertions(+), 59 deletions(-)
Merging hid/for-next (bc12a7f8e273 Merge branch 'for-5.8/upstream-fixes' into for-next)
$ git merge hid/for-next
Auto-merging drivers/hid/Kconfig
Merge made by the 'recursive' strategy.
 drivers/hid/Kconfig                     |   2 +-
 drivers/hid/hid-cp2112.c                |   2 +-
 drivers/hid/hid-ids.h                   |   2 +
 drivers/hid/hid-input.c                 |  36 ++--
 drivers/hid/hid-lenovo.c                | 360 +++++++++++++++++++++++++-------
 drivers/hid/hid-mcp2221.c               |   2 +-
 drivers/hid/hid-quirks.c                |   1 +
 drivers/hid/hid-udraw-ps3.c             |   2 +-
 drivers/hid/hid-wiimote-core.c          |   5 +
 drivers/hid/hid-wiimote-modules.c       |  67 +++---
 drivers/hid/hid-wiimote.h               |   2 +
 drivers/hid/i2c-hid/i2c-hid-core.c      |  12 ++
 drivers/hid/intel-ish-hid/ipc/pci-ish.c |  16 +-
 drivers/hid/usbhid/hid-core.c           |  55 ++---
 drivers/hid/usbhid/usbhid.h             |   2 +
 15 files changed, 416 insertions(+), 150 deletions(-)
Merging i2c/i2c/for-next (42d0d186916d Merge branch 'i2c/for-5.9' into i2c/for-next)
$ git merge i2c/i2c/for-next
Auto-merging drivers/i2c/busses/i2c-rk3x.c
Auto-merging drivers/i2c/busses/Kconfig
Merge made by the 'recursive' strategy.
 .../devicetree/bindings/i2c/i2c-mt65xx.txt         |   1 +
 Documentation/devicetree/bindings/i2c/i2c.txt      |  10 ++
 .../bindings/i2c/marvell,mv64xxx-i2c.yaml          |   3 +
 .../devicetree/bindings/i2c/renesas,i2c.txt        |   1 +
 .../devicetree/bindings/i2c/renesas,iic.txt        |   1 +
 Documentation/i2c/busses/i2c-i801.rst              |   1 +
 Documentation/i2c/dev-interface.rst                |   2 +
 drivers/i2c/algos/i2c-algo-pca.c                   |   4 +-
 drivers/i2c/busses/Kconfig                         |   1 +
 drivers/i2c/busses/i2c-ali1535.c                   |   8 +-
 drivers/i2c/busses/i2c-ali15x3.c                   |   6 +-
 drivers/i2c/busses/i2c-amd8111.c                   |   2 +-
 drivers/i2c/busses/i2c-aspeed.c                    |   4 +-
 drivers/i2c/busses/i2c-at91-master.c               |  69 +--------
 drivers/i2c/busses/i2c-at91.h                      |   3 -
 drivers/i2c/busses/i2c-bcm2835.c                   |   2 +-
 drivers/i2c/busses/i2c-designware-pcidrv.c         |   2 +-
 drivers/i2c/busses/i2c-digicolor.c                 |   2 +-
 drivers/i2c/busses/i2c-eg20t.c                     |  39 +----
 drivers/i2c/busses/i2c-emev2.c                     |   3 +-
 drivers/i2c/busses/i2c-fsi.c                       |   2 +-
 drivers/i2c/busses/i2c-i801.c                      |  19 ++-
 drivers/i2c/busses/i2c-mt65xx.c                    |  86 +++++++----
 drivers/i2c/busses/i2c-mv64xxx.c                   |   9 +-
 drivers/i2c/busses/i2c-nomadik.c                   |   3 +-
 drivers/i2c/busses/i2c-piix4.c                     |   4 +-
 drivers/i2c/busses/i2c-pnx.c                       |   3 +-
 drivers/i2c/busses/i2c-rcar.c                      |  15 +-
 drivers/i2c/busses/i2c-rk3x.c                      |  39 ++++-
 drivers/i2c/busses/i2c-sh_mobile.c                 |   3 +-
 drivers/i2c/busses/i2c-sibyte.c                    |   3 +-
 drivers/i2c/busses/i2c-sirf.c                      |   4 +-
 drivers/i2c/busses/i2c-synquacer.c                 |   3 +-
 drivers/i2c/busses/i2c-tegra.c                     | 101 +++++++------
 drivers/i2c/busses/i2c-viapro.c                    |   8 +-
 drivers/i2c/busses/scx200_acb.c                    |   2 +-
 drivers/i2c/i2c-core-base.c                        | 158 +++++++++++++++++++--
 drivers/i2c/i2c-dev.c                              |   4 +-
 drivers/i2c/i2c-slave-eeprom.c                     |   2 +-
 include/linux/i2c.h                                |  14 +-
 40 files changed, 397 insertions(+), 249 deletions(-)
Merging i3c/i3c/next (b4203ce05563 i3c master: GETMRL's 3rd byte is optional even with BCR_IBI_PAYLOAD)
$ git merge i3c/i3c/next
Already up to date.
Merging dmi/dmi-for-next (a3d13a0a23ea Replace HTTP links with HTTPS ones: DMI/SMBIOS SUPPORT)
$ git merge dmi/dmi-for-next
Merge made by the 'recursive' strategy.
 drivers/firmware/dmi_scan.c | 2 +-
 1 file changed, 1 insertion(+), 1 deletion(-)
Merging hwmon-staging/hwmon-next (e2f75e6b5d76 hwmon: (adc128d818) Fix advanced configuration register init)
$ git merge hwmon-staging/hwmon-next
Already up to date.
Merging jc_docs/docs-next (2c12c8103d8f scripts/kernel-doc: optionally treat warnings as errors)
$ git merge jc_docs/docs-next
Already up to date.
Merging v4l-dvb/master (f45882cfb152 media: camss: fix memory leaks on error handling paths in probe)
$ git merge v4l-dvb/master
Already up to date.
Merging v4l-dvb-next/master (0d6db85131e0 Revert "media: atomisp: keep the ISP powered on when setting it")
$ git merge v4l-dvb-next/master
Already up to date.
Merging fbdev/fbdev-for-next (732146a3f1dc video: fbdev: imxfb: fix a typo in imxfb_probe())
$ git merge fbdev/fbdev-for-next
Already up to date.
Merging pm/linux-next (7cd29e47553a Merge branches 'pm-cpufreq' and 'acpi-soc' into linux-next)
$ git merge pm/linux-next
Removing drivers/clk/x86/clk-st.c
Merge made by the 'recursive' strategy.
 Documentation/admin-guide/pm/intel_pstate.rst      |  89 ++++----
 drivers/acpi/acpi_apd.c                            |  19 +-
 drivers/clk/x86/Makefile                           |   2 +-
 drivers/clk/x86/clk-fch.c                          | 101 +++++++++
 drivers/clk/x86/clk-st.c                           |  78 -------
 drivers/cpufreq/cpufreq.c                          |   6 +-
 drivers/cpufreq/intel_pstate.c                     | 245 +++++++++++++++------
 drivers/i2c/busses/i2c-designware-platdrv.c        |   1 +
 include/linux/cpufreq.h                            |   2 +
 .../linux/platform_data/{clk-st.h => clk-fch.h}    |  11 +-
 10 files changed, 350 insertions(+), 204 deletions(-)
 create mode 100644 drivers/clk/x86/clk-fch.c
 delete mode 100644 drivers/clk/x86/clk-st.c
 rename include/linux/platform_data/{clk-st.h => clk-fch.h} (51%)
Merging cpufreq-arm/cpufreq/arm/linux-next (f259eab3ea0e cpufreq: make schedutil the default for arm and arm64)
$ git merge cpufreq-arm/cpufreq/arm/linux-next
Already up to date.
Merging cpupower/cpupower (94bd8ea151da cpupowerutils: fix spelling mistake "dependant" -> "dependent")
$ git merge cpupower/cpupower
Merge made by the 'recursive' strategy.
 tools/power/cpupower/debug/i386/intel_gsic.c | 2 +-
 1 file changed, 1 insertion(+), 1 deletion(-)
Merging devfreq/devfreq-next (d6efb3ac3e6c Merge tag 'tty-5.9-rc1' of git://git.kernel.org/pub/scm/linux/kernel/git/gregkh/tty)
$ git merge devfreq/devfreq-next
Already up to date.
Merging opp/opp/linux-next (06a8a059e88b opp: Allow disabled OPPs in dev_pm_opp_get_freq())
$ git merge opp/opp/linux-next
Already up to date.
Merging thermal/thermal/linux-next (c569e805c7bc thermal: intel: intel_pch_thermal: Add Cannon Lake Low Power PCH support)
$ git merge thermal/thermal/linux-next
Already up to date.
Merging thermal-rzhang/next (54ecb8f7028c Linux 5.4-rc1)
$ git merge thermal-rzhang/next
Already up to date.
Merging thermal-soc/next (6c375eccded4 thermal: db8500: Rewrite to be a pure OF sensor)
$ git merge thermal-soc/next
Already up to date.
Merging ieee1394/for-next (67f8e65e4fc1 firewire: net: remove set but not used variable 'guid')
$ git merge ieee1394/for-next
Auto-merging drivers/firewire/net.c
Merge made by the 'recursive' strategy.
 drivers/firewire/net.c | 2 --
 1 file changed, 2 deletions(-)
Merging dlm/next (fa601a9ebd49 fs: dlm: implement tcp graceful shutdown)
$ git merge dlm/next
Auto-merging net/core/sock.c
Auto-merging include/net/sock.h
Auto-merging fs/dlm/lockspace.c
Auto-merging fs/dlm/config.h
Auto-merging fs/dlm/config.c
Merge made by the 'recursive' strategy.
 fs/dlm/config.c       |  6 ++++++
 fs/dlm/config.h       |  1 +
 fs/dlm/dlm_internal.h |  1 +
 fs/dlm/lockspace.c    |  1 +
 fs/dlm/plock.c        | 20 ++++++++++++++++++++
 fs/dlm/recoverd.c     |  1 +
 6 files changed, 30 insertions(+)
Merging swiotlb/linux-next (4cdfb27ba80d xen/swiotlb: remember having called xen_create_contiguous_region())
$ git merge swiotlb/linux-next
Auto-merging include/linux/page-flags.h
Auto-merging drivers/xen/swiotlb-xen.c
CONFLICT (content): Merge conflict in drivers/xen/swiotlb-xen.c
Resolved 'drivers/xen/swiotlb-xen.c' using previous resolution.
Automatic merge failed; fix conflicts and then commit the result.
$ git commit --no-edit -v -a
[master c30e6bf9c75d] Merge remote-tracking branch 'swiotlb/linux-next' into master
$ git diff -M --stat --summary HEAD^..
Merging rdma/for-next (23fcc7dee2c6 RDMA/mlx5: Fix flow destination setting for RDMA TX flow table)
$ git merge rdma/for-next
Already up to date.
Merging net-next/master (bfdd5aaa54b0 Merge tag 'Smack-for-5.9' of git://github.com/cschaufler/smack-next)
$ git merge net-next/master
Already up to date.
Merging bpf-next/master (bfdd5aaa54b0 Merge tag 'Smack-for-5.9' of git://github.com/cschaufler/smack-next)
$ git merge bpf-next/master
Already up to date.
Merging ipsec-next/master (da7955405fb2 sfc: Fix build with CONFIG_RFS_ACCEL disabled.)
$ git merge ipsec-next/master
Already up to date.
Merging mlx5-next/mlx5-next (042dd05bddbd RDMA/mlx5: ConnectX-7 new capabilities to set relaxed ordering by UMR)
$ git merge mlx5-next/mlx5-next
Already up to date.
Merging netfilter-next/master (bfdd5aaa54b0 Merge tag 'Smack-for-5.9' of git://github.com/cschaufler/smack-next)
$ git merge netfilter-next/master
Already up to date.
Merging ipvs-next/master (bfdd5aaa54b0 Merge tag 'Smack-for-5.9' of git://github.com/cschaufler/smack-next)
$ git merge ipvs-next/master
Already up to date.
Merging wireless-drivers-next/master (3dc05ffb0443 brcmfmac: Set timeout value when configuring power save)
$ git merge wireless-drivers-next/master
Already up to date.
Merging bluetooth/master (3b799254cf6f Bluetooth: hci_uart: Cancel init work before unregistering)
$ git merge bluetooth/master
Merge made by the 'recursive' strategy.
 drivers/bluetooth/btmrvl_sdio.c | 54 +++--------------------------------------
 drivers/bluetooth/hci_h5.c      |  2 --
 drivers/bluetooth/hci_ldisc.c   |  1 +
 drivers/bluetooth/hci_serdev.c  |  2 ++
 4 files changed, 7 insertions(+), 52 deletions(-)
Merging mac80211-next/master (4c900a6b4e05 farsync: switch from 'pci_' to 'dma_' API)
$ git merge mac80211-next/master
Already up to date.
Merging gfs2/for-next (e28c02b94f9e gfs2: When gfs2_dirty_inode gets a glock error, dump the glock)
$ git merge gfs2/for-next
Auto-merging include/linux/fs.h
Auto-merging fs/gfs2/file.c
Auto-merging fs/gfs2/bmap.c
Merge made by the 'recursive' strategy.
 fs/gfs2/bmap.c     | 69 ++++++++++++++++++++++++++++++------------------------
 fs/gfs2/file.c     | 31 ++++++++++++------------
 fs/gfs2/glock.c    | 10 +++++++-
 fs/gfs2/log.c      |  2 +-
 fs/gfs2/super.c    |  1 +
 fs/gfs2/trans.c    | 29 +++++++++++++----------
 include/linux/fs.h |  2 +-
 7 files changed, 82 insertions(+), 62 deletions(-)
Merging mtd/mtd/next (6a1380271b75 Merge tag 'nand/for-5.9' of git://git.kernel.org/pub/scm/linux/kernel/git/mtd/linux into mtd/next)
$ git merge mtd/mtd/next
Already up to date.
Merging nand/nand/next (da151e3458c8 dt-bindings: mtd: fsl-upm-nand: Deprecate chip-delay and fsl, upm-wait-flags)
$ git merge nand/nand/next
Already up to date.
Merging spi-nor/spi-nor/next (e93a977367b2 mtd: revert "spi-nor: intel: provide a range for poll_timout")
$ git merge spi-nor/spi-nor/next
Already up to date.
Merging crypto/master (3cbfe80737c1 crypto: sa2ul - Fix inconsistent IS_ERR and PTR_ERR)
$ git merge crypto/master
Already up to date.
Merging drm/drm-next (dc100bc8fae5 Merge tag 'drm-msm-next-2020-07-30' of https://gitlab.freedesktop.org/drm/msm into drm-next)
$ git merge drm/drm-next
Already up to date.
Merging amdgpu/drm-next (a9de18085aab drm/amd/powerplay: optimize the mclk dpm policy settings)
$ git merge amdgpu/drm-next
Auto-merging sound/pci/hda/hda_intel.c
Auto-merging drivers/gpu/drm/ttm/ttm_bo_vm.c
Auto-merging drivers/gpu/drm/ttm/ttm_bo.c
Auto-merging drivers/gpu/drm/amd/display/amdgpu_dm/amdgpu_dm.c
CONFLICT (content): Merge conflict in drivers/gpu/drm/amd/display/amdgpu_dm/amdgpu_dm.c
Auto-merging drivers/gpu/drm/amd/amdgpu/amdgpu_ttm.c
Auto-merging drivers/gpu/drm/amd/amdgpu/amdgpu_psp.c
Auto-merging drivers/gpu/drm/amd/amdgpu/amdgpu_kms.c
Resolved 'drivers/gpu/drm/amd/display/amdgpu_dm/amdgpu_dm.c' using previous resolution.
Automatic merge failed; fix conflicts and then commit the result.
$ git commit --no-edit -v -a
[master bc606fca68b8] Merge remote-tracking branch 'amdgpu/drm-next' into master
$ git diff -M --stat --summary HEAD^..
 drivers/gpu/drm/amd/amdgpu/Makefile                |    2 +-
 drivers/gpu/drm/amd/amdgpu/amdgpu.h                |   31 +-
 drivers/gpu/drm/amd/amdgpu/amdgpu_amdkfd.c         |   44 +-
 drivers/gpu/drm/amd/amdgpu/amdgpu_amdkfd.h         |    1 +
 drivers/gpu/drm/amd/amdgpu/amdgpu_amdkfd_gfx_v10.c |    2 +-
 drivers/gpu/drm/amd/amdgpu/amdgpu_amdkfd_gfx_v7.c  |    2 +-
 drivers/gpu/drm/amd/amdgpu/amdgpu_amdkfd_gfx_v8.c  |    2 +-
 drivers/gpu/drm/amd/amdgpu/amdgpu_amdkfd_gfx_v9.c  |    2 +-
 drivers/gpu/drm/amd/amdgpu/amdgpu_amdkfd_gpuvm.c   |    7 +
 drivers/gpu/drm/amd/amdgpu/amdgpu_atombios.c       |    4 +-
 drivers/gpu/drm/amd/amdgpu/amdgpu_atomfirmware.c   |    4 +-
 drivers/gpu/drm/amd/amdgpu/amdgpu_cs.c             |    4 +
 drivers/gpu/drm/amd/amdgpu/amdgpu_ctx.c            |    4 +
 drivers/gpu/drm/amd/amdgpu/amdgpu_debugfs.c        |   14 +-
 drivers/gpu/drm/amd/amdgpu/amdgpu_device.c         |  104 +-
 drivers/gpu/drm/amd/amdgpu/amdgpu_discovery.c      |   54 +-
 drivers/gpu/drm/amd/amdgpu/amdgpu_drv.c            |   15 +
 drivers/gpu/drm/amd/amdgpu/amdgpu_gem.c            |    4 +
 drivers/gpu/drm/amd/amdgpu/amdgpu_gfx.c            |   55 +-
 drivers/gpu/drm/amd/amdgpu/amdgpu_gmc.c            |   62 +
 drivers/gpu/drm/amd/amdgpu/amdgpu_gmc.h            |   20 +-
 drivers/gpu/drm/amd/amdgpu/amdgpu_job.c            |   14 +-
 drivers/gpu/drm/amd/amdgpu/amdgpu_kms.c            |    4 +
 drivers/gpu/drm/amd/amdgpu/amdgpu_object.c         |    3 +
 drivers/gpu/drm/amd/amdgpu/amdgpu_pm.c             |  424 +++++-
 drivers/gpu/drm/amd/amdgpu/amdgpu_psp.c            |   39 +-
 drivers/gpu/drm/amd/amdgpu/amdgpu_ras.c            |  191 ++-
 drivers/gpu/drm/amd/amdgpu/amdgpu_ras.h            |   19 +-
 drivers/gpu/drm/amd/amdgpu/amdgpu_ras_eeprom.c     |  138 +-
 drivers/gpu/drm/amd/amdgpu/amdgpu_ras_eeprom.h     |    9 +-
 drivers/gpu/drm/amd/amdgpu/amdgpu_ttm.c            |   66 +-
 drivers/gpu/drm/amd/amdgpu/amdgpu_ttm.h            |   17 +
 drivers/gpu/drm/amd/amdgpu/amdgpu_ucode.c          |    3 +-
 drivers/gpu/drm/amd/amdgpu/amdgpu_umc.c            |    5 +-
 drivers/gpu/drm/amd/amdgpu/amdgpu_umc.h            |   14 +
 drivers/gpu/drm/amd/amdgpu/amdgpu_virt.c           |    8 +-
 drivers/gpu/drm/amd/amdgpu/amdgpu_virt.h           |    4 +-
 drivers/gpu/drm/amd/amdgpu/amdgpu_xgmi.c           |   11 +-
 drivers/gpu/drm/amd/amdgpu/amdgpu_xgmi.h           |    3 +-
 drivers/gpu/drm/amd/amdgpu/atom.c                  |    1 +
 drivers/gpu/drm/amd/amdgpu/df_v3_6.c               |    2 +-
 drivers/gpu/drm/amd/amdgpu/gfx_v10_0.c             |   47 +-
 drivers/gpu/drm/amd/amdgpu/gfx_v8_0.c              |   35 +-
 drivers/gpu/drm/amd/amdgpu/gfx_v9_0.c              |   43 +-
 drivers/gpu/drm/amd/amdgpu/gfxhub_v2_0.c           |   62 +
 drivers/gpu/drm/amd/amdgpu/gfxhub_v2_1.c           |   62 +
 drivers/gpu/drm/amd/amdgpu/gmc_v10_0.c             |  219 ++-
 drivers/gpu/drm/amd/amdgpu/gmc_v6_0.c              |    8 +-
 drivers/gpu/drm/amd/amdgpu/gmc_v7_0.c              |   13 +-
 drivers/gpu/drm/amd/amdgpu/gmc_v8_0.c              |   13 +-
 drivers/gpu/drm/amd/amdgpu/gmc_v9_0.c              |  126 +-
 drivers/gpu/drm/amd/amdgpu/jpeg_v2_5.c             |   26 +-
 drivers/gpu/drm/amd/amdgpu/jpeg_v3_0.c             |    9 +-
 drivers/gpu/drm/amd/amdgpu/mmhub_v2_0.c            |   62 +
 drivers/gpu/drm/amd/amdgpu/mxgpu_ai.c              |   13 +-
 drivers/gpu/drm/amd/amdgpu/mxgpu_nv.c              |   13 +-
 drivers/gpu/drm/amd/amdgpu/nv.c                    |   45 +
 drivers/gpu/drm/amd/amdgpu/sdma_v4_0.c             |    1 +
 drivers/gpu/drm/amd/amdgpu/si.c                    |  102 +-
 drivers/gpu/drm/amd/amdgpu/umc_v6_1.c              |   14 -
 drivers/gpu/drm/amd/amdgpu/umc_v8_7.c              |  331 +++++
 drivers/gpu/drm/amd/amdgpu/umc_v8_7.h              |   51 +
 drivers/gpu/drm/amd/amdgpu/vcn_v2_5.c              |   29 +-
 drivers/gpu/drm/amd/amdgpu/vcn_v3_0.c              |    2 +-
 drivers/gpu/drm/amd/amdkfd/cwsr_trap_handler.h     |  980 ++++++-------
 .../gpu/drm/amd/amdkfd/cwsr_trap_handler_gfx10.asm |    9 +-
 drivers/gpu/drm/amd/amdkfd/kfd_device.c            |    7 +
 .../gpu/drm/amd/amdkfd/kfd_device_queue_manager.c  |   16 +-
 drivers/gpu/drm/amd/amdkfd/kfd_process.c           |    4 +
 drivers/gpu/drm/amd/amdkfd/kfd_smi_events.c        |   75 +-
 drivers/gpu/drm/amd/amdkfd/kfd_smi_events.h        |    2 +
 drivers/gpu/drm/amd/display/Kconfig                |    8 +
 drivers/gpu/drm/amd/display/amdgpu_dm/amdgpu_dm.c  |  231 ++-
 drivers/gpu/drm/amd/display/amdgpu_dm/amdgpu_dm.h  |   11 +
 .../drm/amd/display/amdgpu_dm/amdgpu_dm_debugfs.c  |  452 +++++-
 .../amd/display/amdgpu_dm/amdgpu_dm_mst_types.c    |   33 +-
 drivers/gpu/drm/amd/display/dc/Makefile            |    4 +
 drivers/gpu/drm/amd/display/dc/bios/Makefile       |    9 +
 drivers/gpu/drm/amd/display/dc/bios/bios_parser.c  |    2 +
 drivers/gpu/drm/amd/display/dc/bios/bios_parser2.c |   81 ++
 .../drm/amd/display/dc/bios/command_table_helper.c |    8 +
 .../drm/amd/display/dc/bios/command_table_helper.h |    3 +
 .../amd/display/dc/bios/command_table_helper2.c    |    8 +
 .../amd/display/dc/bios/command_table_helper2.h    |    3 +
 .../dc/bios/dce60/command_table_helper_dce60.c     |  354 +++++
 .../dc/bios/dce60/command_table_helper_dce60.h     |   33 +
 drivers/gpu/drm/amd/display/dc/clk_mgr/Makefile    |   11 +
 drivers/gpu/drm/amd/display/dc/clk_mgr/clk_mgr.c   |    6 +
 .../amd/display/dc/clk_mgr/dce60/dce60_clk_mgr.c   |  174 +++
 .../amd/display/dc/clk_mgr/dce60/dce60_clk_mgr.h   |   36 +
 .../drm/amd/display/dc/clk_mgr/dcn10/rv1_clk_mgr.c |   69 +-
 .../amd/display/dc/clk_mgr/dcn30/dcn30_clk_mgr.c   |   10 +-
 drivers/gpu/drm/amd/display/dc/core/dc.c           |   41 +-
 drivers/gpu/drm/amd/display/dc/core/dc_link.c      |   12 +-
 drivers/gpu/drm/amd/display/dc/core/dc_link_dp.c   |   65 +-
 drivers/gpu/drm/amd/display/dc/core/dc_resource.c  |   29 +
 drivers/gpu/drm/amd/display/dc/core/dc_stream.c    |   18 +-
 drivers/gpu/drm/amd/display/dc/dc.h                |    2 +-
 drivers/gpu/drm/amd/display/dc/dc_bios_types.h     |    4 +
 drivers/gpu/drm/amd/display/dc/dc_stream.h         |    6 +-
 drivers/gpu/drm/amd/display/dc/dc_types.h          |   14 +
 drivers/gpu/drm/amd/display/dc/dce/dce_audio.c     |  131 ++
 drivers/gpu/drm/amd/display/dc/dce/dce_audio.h     |   23 +
 drivers/gpu/drm/amd/display/dc/dce/dce_dmcu.h      |   37 +
 drivers/gpu/drm/amd/display/dc/dce/dce_hwseq.c     |    9 +
 drivers/gpu/drm/amd/display/dc/dce/dce_hwseq.h     |   18 +
 drivers/gpu/drm/amd/display/dc/dce/dce_ipp.c       |   46 +
 drivers/gpu/drm/amd/display/dc/dce/dce_ipp.h       |   49 +
 .../gpu/drm/amd/display/dc/dce/dce_link_encoder.c  |  369 +++++
 .../gpu/drm/amd/display/dc/dce/dce_link_encoder.h  |   42 +-
 drivers/gpu/drm/amd/display/dc/dce/dce_mem_input.c |  176 ++-
 drivers/gpu/drm/amd/display/dc/dce/dce_mem_input.h |  103 ++
 drivers/gpu/drm/amd/display/dc/dce/dce_opp.c       |  205 +++
 drivers/gpu/drm/amd/display/dc/dce/dce_opp.h       |   49 +
 drivers/gpu/drm/amd/display/dc/dce/dce_transform.c |  330 +++++
 drivers/gpu/drm/amd/display/dc/dce/dce_transform.h |  178 +++
 drivers/gpu/drm/amd/display/dc/dce/dmub_psr.c      |    2 +-
 .../drm/amd/display/dc/dce112/dce112_resource.c    |    2 +-
 drivers/gpu/drm/amd/display/dc/dce60/Makefile      |   34 +
 .../drm/amd/display/dc/dce60/dce60_hw_sequencer.c  |  432 ++++++
 .../drm/amd/display/dc/dce60/dce60_hw_sequencer.h  |   37 +
 .../gpu/drm/amd/display/dc/dce60/dce60_resource.c  | 1527 ++++++++++++++++++++
 .../gpu/drm/amd/display/dc/dce60/dce60_resource.h  |   47 +
 .../amd/display/dc/dce60/dce60_timing_generator.c  |  266 ++++
 .../amd/display/dc/dce60/dce60_timing_generator.h  |   39 +
 .../drm/amd/display/dc/dcn10/dcn10_hw_sequencer.c  |    4 +-
 .../drm/amd/display/dc/dcn10/dcn10_link_encoder.h  |   10 +-
 drivers/gpu/drm/amd/display/dc/dcn20/dcn20_dsc.c   |    2 +-
 drivers/gpu/drm/amd/display/dc/dcn20/dcn20_hwseq.c |  141 ++
 drivers/gpu/drm/amd/display/dc/dcn20/dcn20_hwseq.h |   12 +
 drivers/gpu/drm/amd/display/dc/dcn20/dcn20_init.c  |    5 +
 .../drm/amd/display/dc/dcn20/dcn20_link_encoder.c  |   14 +-
 .../drm/amd/display/dc/dcn20/dcn20_link_encoder.h  |    5 +-
 .../gpu/drm/amd/display/dc/dcn20/dcn20_resource.c  |   55 +-
 drivers/gpu/drm/amd/display/dc/dcn21/dcn21_init.c  |    5 +
 .../gpu/drm/amd/display/dc/dcn21/dcn21_resource.c  |    2 +-
 .../amd/display/dc/dcn30/dcn30_dio_link_encoder.c  |   53 +-
 .../amd/display/dc/dcn30/dcn30_dio_link_encoder.h  |    2 +
 drivers/gpu/drm/amd/display/dc/dcn30/dcn30_init.c  |    7 +-
 .../gpu/drm/amd/display/dc/dcn30/dcn30_resource.c  |    2 +-
 .../gpu/drm/amd/display/dc/dml/display_mode_vba.c  |   17 +-
 .../gpu/drm/amd/display/dc/dml/display_mode_vba.h  |    7 +-
 drivers/gpu/drm/amd/display/dc/gpio/Makefile       |   12 +
 .../amd/display/dc/gpio/dce60/hw_factory_dce60.c   |  175 +++
 .../amd/display/dc/gpio/dce60/hw_factory_dce60.h   |   32 +
 .../amd/display/dc/gpio/dce60/hw_translate_dce60.c |  411 ++++++
 .../amd/display/dc/gpio/dce60/hw_translate_dce60.h |   32 +
 drivers/gpu/drm/amd/display/dc/gpio/hw_factory.c   |   10 +
 drivers/gpu/drm/amd/display/dc/gpio/hw_translate.c |   10 +
 .../drm/amd/display/dc/inc/hw/clk_mgr_internal.h   |   14 +-
 drivers/gpu/drm/amd/display/dc/inc/hw/dsc.h        |    2 +-
 drivers/gpu/drm/amd/display/dc/inc/hw_sequencer.h  |    9 +
 drivers/gpu/drm/amd/display/dc/irq/Makefile        |   11 +
 .../amd/display/dc/irq/dce60/irq_service_dce60.c   |  395 +++++
 .../amd/display/dc/irq/dce60/irq_service_dce60.h   |   40 +
 drivers/gpu/drm/amd/display/dc/irq/irq_service.c   |    3 +
 .../display/dc/virtual/virtual_stream_encoder.c    |   13 +
 drivers/gpu/drm/amd/display/dmub/inc/dmub_cmd.h    |   15 +-
 drivers/gpu/drm/amd/display/include/dal_asic_id.h  |   40 +
 drivers/gpu/drm/amd/display/include/dal_types.h    |    3 +
 .../drm/amd/display/include/link_service_types.h   |    2 +
 .../drm/amd/display/modules/freesync/freesync.c    |    5 +-
 .../gpu/drm/amd/include/asic_reg/dce/dce_6_0_d.h   |   76 +
 .../drm/amd/include/asic_reg/dce/dce_6_0_sh_mask.h |  104 ++
 .../drm/amd/include/asic_reg/gc/gc_10_3_0_offset.h |    2 +
 .../amd/include/asic_reg/gc/gc_10_3_0_sh_mask.h    |   25 +
 .../amd/include/asic_reg/umc/umc_8_7_0_offset.h    |   33 +
 .../amd/include/asic_reg/umc/umc_8_7_0_sh_mask.h   |   79 +
 drivers/gpu/drm/amd/include/atomfirmware.h         |   54 +-
 drivers/gpu/drm/amd/powerplay/amdgpu_smu.c         |   29 +-
 drivers/gpu/drm/amd/powerplay/arcturus_ppt.c       |   15 +-
 drivers/gpu/drm/amd/powerplay/hwmgr/smu7_hwmgr.c   |   16 +-
 drivers/gpu/drm/amd/powerplay/hwmgr/vega20_hwmgr.c |    2 +-
 .../amd/powerplay/hwmgr/vega20_processpptables.c   |    2 +-
 drivers/gpu/drm/amd/powerplay/inc/amdgpu_smu.h     |    1 +
 .../powerplay/inc/smu11_driver_if_sienna_cichlid.h |   21 +-
 drivers/gpu/drm/amd/powerplay/inc/smu_v11_0.h      |    4 +-
 drivers/gpu/drm/amd/powerplay/navi10_ppt.c         |   14 -
 drivers/gpu/drm/amd/powerplay/sienna_cichlid_ppt.c |   94 +-
 drivers/gpu/drm/amd/powerplay/smu_cmn.c            |   10 +-
 drivers/gpu/drm/amd/powerplay/smu_v11_0.c          |    6 +
 drivers/gpu/drm/radeon/radeon_gart.c               |   10 +-
 drivers/gpu/drm/ttm/ttm_bo.c                       |    2 +-
 include/uapi/linux/kfd_ioctl.h                     |    9 +-
 sound/pci/hda/hda_intel.c                          |    3 +
 185 files changed, 10417 insertions(+), 1490 deletions(-)
 create mode 100644 drivers/gpu/drm/amd/amdgpu/umc_v8_7.c
 create mode 100644 drivers/gpu/drm/amd/amdgpu/umc_v8_7.h
 create mode 100644 drivers/gpu/drm/amd/display/dc/bios/dce60/command_table_helper_dce60.c
 create mode 100644 drivers/gpu/drm/amd/display/dc/bios/dce60/command_table_helper_dce60.h
 create mode 100644 drivers/gpu/drm/amd/display/dc/clk_mgr/dce60/dce60_clk_mgr.c
 create mode 100644 drivers/gpu/drm/amd/display/dc/clk_mgr/dce60/dce60_clk_mgr.h
 create mode 100644 drivers/gpu/drm/amd/display/dc/dce60/Makefile
 create mode 100644 drivers/gpu/drm/amd/display/dc/dce60/dce60_hw_sequencer.c
 create mode 100644 drivers/gpu/drm/amd/display/dc/dce60/dce60_hw_sequencer.h
 create mode 100644 drivers/gpu/drm/amd/display/dc/dce60/dce60_resource.c
 create mode 100644 drivers/gpu/drm/amd/display/dc/dce60/dce60_resource.h
 create mode 100644 drivers/gpu/drm/amd/display/dc/dce60/dce60_timing_generator.c
 create mode 100644 drivers/gpu/drm/amd/display/dc/dce60/dce60_timing_generator.h
 create mode 100644 drivers/gpu/drm/amd/display/dc/gpio/dce60/hw_factory_dce60.c
 create mode 100644 drivers/gpu/drm/amd/display/dc/gpio/dce60/hw_factory_dce60.h
 create mode 100644 drivers/gpu/drm/amd/display/dc/gpio/dce60/hw_translate_dce60.c
 create mode 100644 drivers/gpu/drm/amd/display/dc/gpio/dce60/hw_translate_dce60.h
 create mode 100644 drivers/gpu/drm/amd/display/dc/irq/dce60/irq_service_dce60.c
 create mode 100644 drivers/gpu/drm/amd/display/dc/irq/dce60/irq_service_dce60.h
 create mode 100644 drivers/gpu/drm/amd/include/asic_reg/umc/umc_8_7_0_offset.h
 create mode 100644 drivers/gpu/drm/amd/include/asic_reg/umc/umc_8_7_0_sh_mask.h
Merging drm-intel/for-linux-next (3a3d26153c81 Merge tag 'gvt-next-fixes-2020-08-05' of https://github.com/intel/gvt-linux into drm-intel-next-fixes)
$ git merge drm-intel/for-linux-next
Auto-merging drivers/gpu/drm/i915/gt/intel_lrc.c
Merge made by the 'recursive' strategy.
 drivers/gpu/drm/i915/gt/intel_lrc.c              |  15 ++-
 drivers/gpu/drm/i915/gvt/cfg_space.c             |  24 ++++
 drivers/gpu/drm/i915/gvt/gtt.c                   |   2 +-
 drivers/gpu/drm/i915/gvt/gtt.h                   |   2 +
 drivers/gpu/drm/i915/gvt/gvt.h                   |   3 +
 drivers/gpu/drm/i915/gvt/vgpu.c                  |  20 +++-
 drivers/gpu/drm/i915/i915_pmu.c                  |   7 +-
 drivers/gpu/drm/i915/i915_request.c              | 146 +++++++++++++++--------
 drivers/gpu/drm/i915/i915_sw_fence.c             |  10 +-
 drivers/gpu/drm/i915/selftests/mock_gem_device.c |   3 +
 10 files changed, 164 insertions(+), 68 deletions(-)
Merging drm-tegra/drm/tegra/for-next (4fba6d22ca9a drm/tegra: plane: Support 180° rotation)
$ git merge drm-tegra/drm/tegra/for-next
Already up to date.
Merging drm-misc/for-linux-next (a34a0a632dd9 drm: fix drm_dp_mst_port refcount leaks in drm_dp_mst_allocate_vcpi)
$ git merge drm-misc/for-linux-next
Merge made by the 'recursive' strategy.
 drivers/gpu/drm/drm_dp_mst_topology.c    |  7 ++++---
 drivers/gpu/drm/drm_drv.c                |  3 +--
 drivers/gpu/drm/omapdrm/omap_connector.c |  2 +-
 drivers/gpu/drm/xlnx/zynqmp_dp.c         | 33 +++++++++++++++++---------------
 drivers/gpu/vga/vgaarb.c                 |  3 +--
 drivers/video/fbdev/core/fbmem.c         |  8 ++------
 drivers/video/fbdev/core/fbsysfs.c       |  4 ++--
 drivers/video/fbdev/ps3fb.c              |  5 +++--
 include/linux/fb.h                       |  2 --
 include/linux/vgaarb.h                   |  6 ------
 include/uapi/drm/drm_fourcc.h            |  2 +-
 11 files changed, 33 insertions(+), 42 deletions(-)
Merging drm-msm/msm-next (1041dee2178f drm/msm: use kthread_create_worker instead of kthread_run)
$ git merge drm-msm/msm-next
Already up to date.
Merging mali-dp/for-upstream/mali-dp (f634c6a80287 dt/bindings: display: Add optional property node define for Mali DP500)
$ git merge mali-dp/for-upstream/mali-dp
Merge made by the 'recursive' strategy.
Merging imx-drm/imx-drm/next (408a85e31e3e drm/imx: imx-tve: Delete an error message in imx_tve_bind())
$ git merge imx-drm/imx-drm/next
Already up to date.
Merging etnaviv/etnaviv/next (c5d5a32ead1e drm/etnaviv: fix ref count leak via pm_runtime_get_sync)
$ git merge etnaviv/etnaviv/next
Already up to date.
Merging regmap/for-next (c9fadf212afd Merge remote-tracking branch 'regmap/for-5.9' into regmap-next)
$ git merge regmap/for-next
Already up to date.
Merging sound/for-next (34dedd2a83b2 ALSA: usb-audio: Disable Lenovo P620 Rear line-in volume control)
$ git merge sound/for-next
Already up to date.
Merging sound-asoc/for-next (b6448e0359f1 Merge remote-tracking branch 'asoc/for-5.9' into asoc-linus)
$ git merge sound-asoc/for-next
Already up to date.
Merging modules/modules-next (262e6ae7081d modules: inherit TAINT_PROPRIETARY_MODULE)
$ git merge modules/modules-next
Auto-merging kernel/module.c
Merge made by the 'recursive' strategy.
 include/linux/module.h      | 26 +++-----------------
 include/linux/moduleparam.h |  2 +-
 kernel/module.c             | 60 ++++++++++++++++++++++++++++++++-------------
 3 files changed, 47 insertions(+), 41 deletions(-)
Merging input/next (d862a3068ea5 Input: exc3000 - add support to query model and fw_version)
$ git merge input/next
Already up to date.
Merging block/for-next (86cfccb66937 Merge tag 'dlm-5.9' of git://git.kernel.org/pub/scm/linux/kernel/git/teigland/linux-dlm)
$ git merge block/for-next
Already up to date.
Merging device-mapper/for-next (a9cb9f4148ef dm: don't call report zones for more than the user requested)
$ git merge device-mapper/for-next
Already up to date.
Merging pcmcia/pcmcia-next (46d079790663 pcmcia: make pccard_loop_tuple() static)
$ git merge pcmcia/pcmcia-next
Already up to date.
Merging mmc/next (7f4bc2e8687e mmc: mediatek: make function msdc_cqe_disable() static)
$ git merge mmc/next
Already up to date.
Merging mfd/for-mfd-next (3ce0baa5b7d8 mfd: syscon: Use a unique name with regmap_config)
$ git merge mfd/for-mfd-next
Removing include/linux/mfd/smsc.h
Auto-merging drivers/thermal/Makefile
Auto-merging drivers/thermal/Kconfig
Removing drivers/mfd/smsc-ece1099.c
Auto-merging drivers/clocksource/Makefile
Auto-merging drivers/clocksource/Kconfig
Auto-merging MAINTAINERS
Removing Documentation/driver-api/smsc_ece1099.rst
Auto-merging Documentation/driver-api/index.rst
Removing Documentation/devicetree/bindings/pinctrl/pinctrl-stmfx.txt
Removing Documentation/devicetree/bindings/mfd/stmfx.txt
Removing Documentation/devicetree/bindings/mfd/cros-ec.txt
Merge made by the 'recursive' strategy.
 Documentation/devicetree/bindings/mfd/cros-ec.txt  |  76 ------
 .../devicetree/bindings/mfd/gateworks-gsc.yaml     |   5 +-
 .../devicetree/bindings/mfd/google,cros-ec.yaml    | 129 ++++++++++
 .../devicetree/bindings/mfd/khadas,mcu.yaml        |  44 ++++
 .../devicetree/bindings/mfd/st,stm32-lptimer.yaml  |   5 +
 .../devicetree/bindings/mfd/st,stmfx.yaml          | 122 ++++++++++
 Documentation/devicetree/bindings/mfd/stmfx.txt    |  28 ---
 .../devicetree/bindings/mfd/twl-family.txt         |   2 +-
 .../devicetree/bindings/pinctrl/pinctrl-stmfx.txt  | 116 ---------
 Documentation/driver-api/index.rst                 |   1 -
 Documentation/driver-api/smsc_ece1099.rst          |  60 -----
 MAINTAINERS                                        |  41 ++++
 drivers/clocksource/Kconfig                        |   4 +
 drivers/clocksource/Makefile                       |   1 +
 drivers/clocksource/timer-stm32-lp.c               | 221 +++++++++++++++++
 drivers/mfd/Kconfig                                |  33 ++-
 drivers/mfd/Makefile                               |   2 +-
 drivers/mfd/ab3100-core.c                          |   2 +-
 drivers/mfd/ab3100-otp.c                           |  20 +-
 drivers/mfd/ab8500-debugfs.c                       |   2 +-
 drivers/mfd/altera-sysmgr.c                        |  19 +-
 drivers/mfd/arizona-core.c                         |  20 +-
 drivers/mfd/atmel-smc.c                            |   4 +-
 drivers/mfd/axp20x-i2c.c                           |   4 +
 drivers/mfd/cros_ec_dev.c                          |   4 +-
 drivers/mfd/da9063-core.c                          |  31 ---
 drivers/mfd/da9063-i2c.c                           | 271 +++++++++++++++++++--
 drivers/mfd/db8500-prcmu.c                         |   6 +-
 drivers/mfd/dln2.c                                 |   4 +
 drivers/mfd/hi6421-pmic-core.c                     |   2 +-
 drivers/mfd/intel-lpss-pci.c                       |  19 ++
 drivers/mfd/intel_soc_pmic_mrfld.c                 |   7 +-
 drivers/mfd/kempld-core.c                          |  30 +--
 drivers/mfd/khadas-mcu.c                           | 142 +++++++++++
 drivers/mfd/lm3533-ctrlbank.c                      |  94 ++++---
 drivers/mfd/lp873x.c                               |   2 +-
 drivers/mfd/lp87565.c                              |   2 +-
 drivers/mfd/madera-core.c                          |  33 ++-
 drivers/mfd/madera-i2c.c                           |   1 -
 drivers/mfd/max14577.c                             |   2 +-
 drivers/mfd/mfd-core.c                             | 129 +++++++++-
 drivers/mfd/motorola-cpcap.c                       |  23 ++
 drivers/mfd/omap-usb-host.c                        |   6 +-
 drivers/mfd/omap-usb-tll.c                         |   4 +-
 drivers/mfd/rave-sp.c                              |   2 +-
 drivers/mfd/rn5t618.c                              |  46 +++-
 drivers/mfd/si476x-cmd.c                           |  74 +++---
 drivers/mfd/si476x-i2c.c                           |   7 +-
 drivers/mfd/smsc-ece1099.c                         |  87 -------
 drivers/mfd/sprd-sc27xx-spi.c                      |  82 +------
 drivers/mfd/stm32-lptimer.c                        |   1 +
 drivers/mfd/syscon.c                               |   4 +-
 drivers/mfd/tc3589x.c                              |   2 +-
 drivers/mfd/ti_am335x_tscadc.c                     |   2 +-
 drivers/mfd/tps65010.c                             |   5 +-
 drivers/mfd/tps65086.c                             |   2 +-
 drivers/mfd/tps65217.c                             |   6 +-
 drivers/mfd/tps65218.c                             |   6 +-
 drivers/mfd/tps6586x.c                             |   7 +-
 drivers/mfd/tps65912-core.c                        |   2 +-
 drivers/mfd/tps65912-i2c.c                         |   2 +-
 drivers/mfd/tps65912-spi.c                         |   2 +-
 drivers/mfd/twl4030-irq.c                          |   4 +-
 drivers/mfd/wm831x-core.c                          |   4 +
 drivers/mfd/wm8350-core.c                          |   4 +
 drivers/mfd/wm8400-core.c                          |   2 +
 drivers/thermal/Kconfig                            |  11 +
 drivers/thermal/Makefile                           |   1 +
 drivers/thermal/khadas_mcu_fan.c                   | 162 ++++++++++++
 include/linux/mfd/core.h                           |  42 +++-
 include/linux/mfd/da9055/pdata.h                   |   2 +-
 include/linux/mfd/da9063/core.h                    |   1 +
 include/linux/mfd/da9063/registers.h               |  15 +-
 include/linux/mfd/hi6421-pmic.h                    |   2 +-
 include/linux/mfd/khadas-mcu.h                     |  91 +++++++
 include/linux/mfd/lp873x.h                         |   2 +-
 include/linux/mfd/lp87565.h                        |   2 +-
 include/linux/mfd/madera/pdata.h                   |   1 -
 include/linux/mfd/max77693-private.h               |   2 +-
 include/linux/mfd/smsc.h                           | 104 --------
 include/linux/mfd/stm32-lptimer.h                  |   5 +
 include/linux/mfd/ti_am335x_tscadc.h               |   2 +-
 include/linux/mfd/tps65086.h                       |   2 +-
 include/linux/mfd/tps65217.h                       |   2 +-
 include/linux/mfd/tps65218.h                       |   2 +-
 include/linux/mfd/tps65912.h                       |   2 +-
 86 files changed, 1733 insertions(+), 846 deletions(-)
 delete mode 100644 Documentation/devicetree/bindings/mfd/cros-ec.txt
 create mode 100644 Documentation/devicetree/bindings/mfd/google,cros-ec.yaml
 create mode 100644 Documentation/devicetree/bindings/mfd/khadas,mcu.yaml
 create mode 100644 Documentation/devicetree/bindings/mfd/st,stmfx.yaml
 delete mode 100644 Documentation/devicetree/bindings/mfd/stmfx.txt
 delete mode 100644 Documentation/devicetree/bindings/pinctrl/pinctrl-stmfx.txt
 delete mode 100644 Documentation/driver-api/smsc_ece1099.rst
 create mode 100644 drivers/clocksource/timer-stm32-lp.c
 create mode 100644 drivers/mfd/khadas-mcu.c
 delete mode 100644 drivers/mfd/smsc-ece1099.c
 create mode 100644 drivers/thermal/khadas_mcu_fan.c
 create mode 100644 include/linux/mfd/khadas-mcu.h
 delete mode 100644 include/linux/mfd/smsc.h
Merging backlight/for-backlight-next (7eb99a39ef76 video: backlight: cr_bllcd: Remove unused variable 'intensity')
$ git merge backlight/for-backlight-next
Removing include/linux/platform_data/sky81452-backlight.h
Removing drivers/video/backlight/ot200_bl.c
Removing drivers/video/backlight/generic_bl.c
Merge made by the 'recursive' strategy.
 Documentation/gpu/backlight.rst                  |  12 +
 Documentation/gpu/index.rst                      |   1 +
 drivers/mfd/sky81452.c                           |   2 -
 drivers/video/backlight/88pm860x_bl.c            |  13 +-
 drivers/video/backlight/Kconfig                  |  15 -
 drivers/video/backlight/Makefile                 |   2 -
 drivers/video/backlight/adp5520_bl.c             |  10 +-
 drivers/video/backlight/adp8860_bl.c             |  10 +-
 drivers/video/backlight/adp8870_bl.c             |  10 +-
 drivers/video/backlight/as3711_bl.c              |  11 +-
 drivers/video/backlight/backlight.c              | 206 +++++++-----
 drivers/video/backlight/bd6107.c                 |   7 +-
 drivers/video/backlight/corgi_lcd.c              |   8 +-
 drivers/video/backlight/cr_bllcd.c               |  26 +-
 drivers/video/backlight/da903x_bl.c              |  13 +-
 drivers/video/backlight/ep93xx_bl.c              |   8 +-
 drivers/video/backlight/generic_bl.c             | 110 -------
 drivers/video/backlight/gpio_backlight.c         |  17 +-
 drivers/video/backlight/hp680_bl.c               |   6 +-
 drivers/video/backlight/ili922x.c                |   8 +-
 drivers/video/backlight/jornada720_bl.c          |   2 +-
 drivers/video/backlight/kb3886_bl.c              |   6 +-
 drivers/video/backlight/lcd.c                    |   1 +
 drivers/video/backlight/led_bl.c                 |   7 +-
 drivers/video/backlight/lm3533_bl.c              |  10 +-
 drivers/video/backlight/lm3630a_bl.c             |   4 +-
 drivers/video/backlight/lms501kf03.c             |   9 -
 drivers/video/backlight/locomolcd.c              |   6 +-
 drivers/video/backlight/lv5207lp.c               |   7 +-
 drivers/video/backlight/max8925_bl.c             |  13 +-
 drivers/video/backlight/ot200_bl.c               | 162 ---------
 drivers/video/backlight/pwm_bl.c                 |   7 +-
 drivers/video/backlight/qcom-wled.c              |  15 +-
 drivers/video/backlight/sky81452-backlight.c     |  52 +--
 drivers/video/backlight/tps65217_bl.c            |  10 +-
 drivers/video/backlight/wm831x_bl.c              |  13 +-
 include/linux/backlight.h                        | 399 ++++++++++++++++++-----
 include/linux/mfd/sky81452.h                     |   2 -
 include/linux/platform_data/sky81452-backlight.h |  35 --
 39 files changed, 538 insertions(+), 717 deletions(-)
 create mode 100644 Documentation/gpu/backlight.rst
 delete mode 100644 drivers/video/backlight/generic_bl.c
 delete mode 100644 drivers/video/backlight/ot200_bl.c
 delete mode 100644 include/linux/platform_data/sky81452-backlight.h
Merging battery/for-next (46cbd0b05799 power: supply: wilco_ec: Add long life charging mode)
$ git merge battery/for-next
Already up to date.
Merging regulator/for-next (75f4d068cb0d Merge remote-tracking branch 'regulator/for-5.9' into regulator-linus)
$ git merge regulator/for-next
Already up to date.
Merging security/next-testing (ddcf4ecd547e Merge branch 'for-v5.8' into next-testing)
$ git merge security/next-testing
Auto-merging security/keys/encrypted-keys/encrypted.c
Auto-merging security/integrity/ima/ima_template_lib.c
Auto-merging security/integrity/ima/ima_template.c
Auto-merging security/integrity/ima/Kconfig
Auto-merging security/apparmor/Kconfig
Auto-merging include/linux/lsm_hooks.h
Auto-merging include/linux/lsm_hook_defs.h
Merge made by the 'recursive' strategy.
 include/linux/lsm_hook_defs.h                    | 2 +-
 include/linux/lsm_hooks.h                        | 2 +-
 security/Kconfig                                 | 2 +-
 security/apparmor/Kconfig                        | 2 +-
 security/integrity/ima/Kconfig                   | 2 +-
 security/integrity/ima/ima_template.c            | 2 +-
 security/integrity/ima/ima_template_lib.c        | 2 +-
 security/integrity/ima/ima_template_lib.h        | 2 +-
 security/keys/encrypted-keys/ecryptfs_format.c   | 2 +-
 security/keys/encrypted-keys/ecryptfs_format.h   | 2 +-
 security/keys/encrypted-keys/encrypted.c         | 2 +-
 security/keys/encrypted-keys/masterkey_trusted.c | 2 +-
 12 files changed, 12 insertions(+), 12 deletions(-)
Merging apparmor/apparmor-next (e37986097ba6 apparmor: Use true and false for bool variable)
$ git merge apparmor/apparmor-next
Already up to date.
Merging integrity/next-integrity (3db0d0c276a7 integrity: remove redundant initialization of variable ret)
$ git merge integrity/next-integrity
Already up to date.
Merging keys/keys-next (b6f61c314649 keys: Implement update for the big_key type)
$ git merge keys/keys-next
Already up to date.
Merging safesetid/safesetid-next (02e316b088df LSM: SafeSetID: Add GID security policy handling)
$ git merge safesetid/safesetid-next
Auto-merging kernel/sys.c
Merge made by the 'recursive' strategy.
 Documentation/admin-guide/LSM/SafeSetID.rst |  29 +++--
 kernel/capability.c                         |   2 +-
 kernel/groups.c                             |   2 +-
 kernel/sys.c                                |  10 +-
 security/safesetid/lsm.c                    | 190 +++++++++++++++++++++-------
 security/safesetid/lsm.h                    |  38 ++++--
 security/safesetid/securityfs.c             | 190 ++++++++++++++++++++--------
 7 files changed, 336 insertions(+), 125 deletions(-)
Merging selinux/next (54b27f9287a7 selinux: complete the inlining of hashtab functions)
$ git merge selinux/next
Already up to date.
Merging smack/next (42a2df3e829f Smack: prevent underflow in smk_set_cipso())
$ git merge smack/next
Already up to date.
Merging tomoyo/master (bcf876870b95 Linux 5.8)
$ git merge tomoyo/master
Already up to date.
Merging tpmdd/next (85467f63a05c tpm: Add support for event log pointer found in TPM2 ACPI table)
$ git merge tpmdd/next
Already up to date.
Merging watchdog/master (d5b29c2c5ba2 watchdog: rti-wdt: balance pm runtime enable calls)
$ git merge watchdog/master
Auto-merging include/linux/platform_data/mlxreg.h
Auto-merging drivers/watchdog/watchdog_dev.c
Auto-merging drivers/platform/x86/mlx-platform.c
Auto-merging MAINTAINERS
Removing Documentation/devicetree/bindings/watchdog/qcom-wdt.txt
Removing Documentation/devicetree/bindings/watchdog/dw_wdt.txt
Merge made by the 'recursive' strategy.
 .../devicetree/bindings/watchdog/davinci-wdt.txt   |   4 +-
 .../devicetree/bindings/watchdog/dw_wdt.txt        |  24 --
 .../devicetree/bindings/watchdog/qcom-wdt.txt      |  28 --
 .../devicetree/bindings/watchdog/qcom-wdt.yaml     |  48 +++
 .../devicetree/bindings/watchdog/renesas,wdt.yaml  |   1 +
 .../devicetree/bindings/watchdog/snps,dw-wdt.yaml  |  90 +++++
 Documentation/watchdog/mlx-wdt.rst                 |  10 +
 Documentation/watchdog/watchdog-api.rst            |   2 +-
 Documentation/watchdog/watchdog-kernel-api.rst     |  12 +
 MAINTAINERS                                        |   2 +-
 drivers/platform/x86/mlx-platform.c                | 106 +++++
 drivers/watchdog/Kconfig                           |   2 +-
 drivers/watchdog/advantechwdt.c                    |   2 +-
 drivers/watchdog/alim1535_wdt.c                    |   2 +-
 drivers/watchdog/alim7101_wdt.c                    |   2 +-
 drivers/watchdog/ar7_wdt.c                         |   3 +-
 drivers/watchdog/ath79_wdt.c                       |   2 +-
 drivers/watchdog/bcm_kona_wdt.c                    |   2 +-
 drivers/watchdog/booke_wdt.c                       |   6 +-
 drivers/watchdog/dw_wdt.c                          | 439 +++++++++++++++++++--
 drivers/watchdog/eurotechwdt.c                     |   2 +-
 drivers/watchdog/f71808e_wdt.c                     |  54 ++-
 drivers/watchdog/gef_wdt.c                         |   2 +-
 drivers/watchdog/geodewdt.c                        |   2 +-
 drivers/watchdog/ib700wdt.c                        |   2 +-
 drivers/watchdog/it8712f_wdt.c                     |   2 +-
 drivers/watchdog/ixp4xx_wdt.c                      |   2 +-
 drivers/watchdog/m54xx_wdt.c                       |   2 +-
 drivers/watchdog/machzwd.c                         |   2 +-
 drivers/watchdog/mlx_wdt.c                         |  73 +++-
 drivers/watchdog/mv64x60_wdt.c                     |   2 +-
 drivers/watchdog/nv_tco.c                          |   4 +-
 drivers/watchdog/nv_tco.h                          |   2 +-
 drivers/watchdog/pc87413_wdt.c                     |   2 +-
 drivers/watchdog/pcwd.c                            |   2 +-
 drivers/watchdog/pcwd_pci.c                        |   2 +-
 drivers/watchdog/pcwd_usb.c                        |   7 +-
 drivers/watchdog/rc32434_wdt.c                     |   2 +-
 drivers/watchdog/riowd.c                           |   2 +-
 drivers/watchdog/rti_wdt.c                         | 114 +++++-
 drivers/watchdog/sa1100_wdt.c                      |   2 +-
 drivers/watchdog/sb_wdog.c                         |   2 +-
 drivers/watchdog/sbc60xxwdt.c                      |   2 +-
 drivers/watchdog/sbc7240_wdt.c                     |   2 +-
 drivers/watchdog/sbc_fitpc2_wdt.c                  |   2 +-
 drivers/watchdog/sc520_wdt.c                       |   2 +-
 drivers/watchdog/sch311x_wdt.c                     |   2 +-
 drivers/watchdog/scx200_wdt.c                      |   2 +-
 drivers/watchdog/smsc37b787_wdt.c                  |   2 +-
 drivers/watchdog/softdog.c                         |  57 +++
 drivers/watchdog/sp5100_tco.c                      |   2 +-
 drivers/watchdog/sunxi_wdt.c                       |   2 +-
 drivers/watchdog/w83877f_wdt.c                     |   2 +-
 drivers/watchdog/w83977f_wdt.c                     |   2 +-
 drivers/watchdog/wafer5823wdt.c                    |   2 +-
 drivers/watchdog/watchdog_dev.c                    |  73 +++-
 drivers/watchdog/wdt.c                             |   2 +-
 drivers/watchdog/wdt285.c                          |   2 +-
 drivers/watchdog/wdt977.c                          |   2 +-
 drivers/watchdog/wdt_pci.c                         |   2 +-
 include/linux/platform_data/mlxreg.h               |   5 +-
 include/linux/watchdog.h                           |   2 +
 62 files changed, 1032 insertions(+), 210 deletions(-)
 delete mode 100644 Documentation/devicetree/bindings/watchdog/dw_wdt.txt
 delete mode 100644 Documentation/devicetree/bindings/watchdog/qcom-wdt.txt
 create mode 100644 Documentation/devicetree/bindings/watchdog/qcom-wdt.yaml
 create mode 100644 Documentation/devicetree/bindings/watchdog/snps,dw-wdt.yaml
Merging iommu/next (e46b3c0d011e Merge tag 'arm-smmu-updates' of git://git.kernel.org/pub/scm/linux/kernel/git/will/linux into next)
$ git merge iommu/next
Auto-merging drivers/memory/mtk-smi.c
Auto-merging drivers/iommu/ipmmu-vmsa.c
Auto-merging drivers/iommu/intel/iommu.c
Auto-merging drivers/iommu/Kconfig
CONFLICT (content): Merge conflict in drivers/iommu/Kconfig
Auto-merging drivers/gpu/drm/panfrost/panfrost_mmu.c
Auto-merging drivers/gpu/drm/i915/selftests/mock_gem_device.c
Auto-merging arch/powerpc/include/asm/device.h
Auto-merging MAINTAINERS
Auto-merging Documentation/devicetree/bindings/iommu/renesas,ipmmu-vmsa.yaml
Resolved 'drivers/iommu/Kconfig' using previous resolution.
Automatic merge failed; fix conflicts and then commit the result.
$ git commit --no-edit -v -a
[master 2adaa0dab88a] Merge remote-tracking branch 'iommu/next' into master
$ git diff -M --stat --summary HEAD^..
 Documentation/arm64/silicon-errata.rst             |   3 +
 .../devicetree/bindings/iommu/arm,smmu.yaml        |  31 +-
 .../devicetree/bindings/iommu/mediatek,iommu.txt   |   2 +
 .../bindings/iommu/renesas,ipmmu-vmsa.yaml         |   1 +
 .../memory-controllers/mediatek,smi-common.txt     |   5 +-
 .../memory-controllers/mediatek,smi-larb.txt       |   3 +-
 MAINTAINERS                                        |   5 +-
 arch/arm/include/asm/device.h                      |   3 -
 arch/arm64/include/asm/device.h                    |   3 -
 arch/ia64/include/asm/device.h                     |   3 -
 arch/powerpc/include/asm/device.h                  |   3 -
 arch/x86/include/asm/device.h                      |   3 -
 drivers/gpu/drm/i915/selftests/mock_gem_device.c   |  10 +-
 drivers/gpu/drm/panfrost/panfrost_mmu.c            |   2 +-
 drivers/iommu/Kconfig                              | 146 +--------
 drivers/iommu/Makefile                             |  15 +-
 drivers/iommu/amd/Kconfig                          |  44 +++
 drivers/iommu/amd/Makefile                         |   4 +
 drivers/iommu/amd/init.c                           |  13 +-
 drivers/iommu/amd/iommu.c                          |  31 +-
 drivers/iommu/arm/Makefile                         |   2 +
 drivers/iommu/arm/arm-smmu-v3/Makefile             |   2 +
 drivers/iommu/{ => arm/arm-smmu-v3}/arm-smmu-v3.c  |   4 +-
 drivers/iommu/arm/arm-smmu/Makefile                |   4 +
 drivers/iommu/{ => arm/arm-smmu}/arm-smmu-impl.c   |  60 +++-
 drivers/iommu/arm/arm-smmu/arm-smmu-nvidia.c       | 278 +++++++++++++++++
 drivers/iommu/{ => arm/arm-smmu}/arm-smmu-qcom.c   |   0
 drivers/iommu/{ => arm/arm-smmu}/arm-smmu.c        |  42 ++-
 drivers/iommu/{ => arm/arm-smmu}/arm-smmu.h        |   6 +
 drivers/iommu/{ => arm/arm-smmu}/qcom_iommu.c      |  66 ++--
 drivers/iommu/exynos-iommu.c                       |  32 +-
 drivers/iommu/fsl_pamu.c                           |   5 +-
 drivers/iommu/fsl_pamu_domain.c                    |   8 +-
 drivers/iommu/intel/Kconfig                        |  86 ++++++
 drivers/iommu/intel/Makefile                       |   7 +
 drivers/iommu/intel/debugfs.c                      |   2 +-
 drivers/iommu/intel/dmar.c                         |  26 +-
 drivers/iommu/intel/iommu.c                        | 141 +++++----
 drivers/iommu/intel/pasid.c                        |  13 +-
 drivers/iommu/intel/{intel-pasid.h => pasid.h}     |   2 +-
 drivers/iommu/intel/svm.c                          | 335 ++++++++++++++++-----
 drivers/iommu/io-pgtable-arm-v7s.c                 |  18 +-
 drivers/iommu/io-pgtable-arm.c                     |  21 +-
 drivers/iommu/iommu.c                              |  37 ++-
 drivers/iommu/iova.c                               |   4 +-
 drivers/iommu/ipmmu-vmsa.c                         |  14 +-
 drivers/iommu/msm_iommu.c                          |   6 +-
 drivers/iommu/mtk_iommu.c                          | 112 +++++--
 drivers/iommu/mtk_iommu.h                          |  23 +-
 drivers/iommu/mtk_iommu_v1.c                       |  10 +-
 drivers/iommu/omap-iommu-debug.c                   |   3 +
 drivers/iommu/omap-iommu.c                         |  22 +-
 drivers/iommu/rockchip-iommu.c                     |   8 +-
 drivers/iommu/tegra-gart.c                         |   8 +-
 drivers/iommu/tegra-smmu.c                         |   8 +-
 drivers/media/platform/s5p-mfc/s5p_mfc_iommu.h     |   4 +-
 drivers/memory/mtk-smi.c                           |  22 ++
 include/dt-bindings/memory/mt6779-larb-port.h      | 206 +++++++++++++
 include/linux/dmar.h                               |   1 +
 include/linux/intel-iommu.h                        |  13 +-
 include/linux/io-pgtable.h                         |   2 +-
 include/linux/iommu.h                              |  38 +--
 include/uapi/linux/iommu.h                         |   6 +-
 63 files changed, 1465 insertions(+), 572 deletions(-)
 create mode 100644 drivers/iommu/amd/Kconfig
 create mode 100644 drivers/iommu/amd/Makefile
 create mode 100644 drivers/iommu/arm/Makefile
 create mode 100644 drivers/iommu/arm/arm-smmu-v3/Makefile
 rename drivers/iommu/{ => arm/arm-smmu-v3}/arm-smmu-v3.c (99%)
 create mode 100644 drivers/iommu/arm/arm-smmu/Makefile
 rename drivers/iommu/{ => arm/arm-smmu}/arm-smmu-impl.c (72%)
 create mode 100644 drivers/iommu/arm/arm-smmu/arm-smmu-nvidia.c
 rename drivers/iommu/{ => arm/arm-smmu}/arm-smmu-qcom.c (100%)
 rename drivers/iommu/{ => arm/arm-smmu}/arm-smmu.c (98%)
 rename drivers/iommu/{ => arm/arm-smmu}/arm-smmu.h (98%)
 rename drivers/iommu/{ => arm/arm-smmu}/qcom_iommu.c (95%)
 create mode 100644 drivers/iommu/intel/Kconfig
 create mode 100644 drivers/iommu/intel/Makefile
 rename drivers/iommu/intel/{intel-pasid.h => pasid.h} (98%)
 create mode 100644 include/dt-bindings/memory/mt6779-larb-port.h
$ git am -3 ../patches/0001-merge-fix-for-dma-mapping-make-support-for-dma-ops-o.patch
Applying: merge fix for "dma-mapping: make support for dma ops optional"
$ git reset HEAD^
Unstaged changes after reset:
M	drivers/iommu/intel/Kconfig
$ git add -A .
$ git commit -v -a --amend
[master 6ac494adf387] Merge remote-tracking branch 'iommu/next' into master
 Date: Tue Aug 11 11:25:00 2020 +1000
Merging vfio/next (ccd59dce1a21 vfio/type1: Refactor vfio_iommu_type1_ioctl())
$ git merge vfio/next
Auto-merging include/linux/pci_ids.h
Merge made by the 'recursive' strategy.
 drivers/vfio/pci/vfio_pci.c         |  54 ++++-
 drivers/vfio/vfio.c                 |  13 +-
 drivers/vfio/vfio_iommu_spapr_tce.c |   4 +-
 drivers/vfio/vfio_iommu_type1.c     | 398 +++++++++++++++++++-----------------
 include/linux/pci_ids.h             |   6 +
 5 files changed, 282 insertions(+), 193 deletions(-)
Merging audit/next (b43870c74f3f audit: report audit wait metric in audit status reply)
$ git merge audit/next
Already up to date.
Merging devicetree/for-next (6f1188b4ac75 of: reserved-memory: remove duplicated call to of_get_flat_dt_prop() for no-map node)
$ git merge devicetree/for-next
Already up to date.
Merging mailbox/mailbox-for-next (884996986347 mailbox: mediatek: cmdq: clear task in channel before shutdown)
$ git merge mailbox/mailbox-for-next
Already up to date.
Merging spi/for-next (3ea884314328 Merge remote-tracking branch 'spi/for-5.9' into spi-linus)
$ git merge spi/for-next
Already up to date.
Merging tip/auto-latest (31dafef04776 Merge branch 'locking/urgent')
$ git merge tip/auto-latest
Auto-merging kernel/kexec_file.c
Auto-merging arch/x86/purgatory/Makefile
Auto-merging arch/x86/kernel/fpu/xstate.c
Auto-merging arch/x86/Kconfig
Auto-merging arch/Kconfig
Merge made by the 'recursive' strategy.
 Documentation/admin-guide/hw-vuln/multihit.rst    |   4 +
 arch/Kconfig                                      |   3 +
 arch/arm/include/asm/vdso/gettimeofday.h          |   3 +-
 arch/arm64/include/asm/vdso/compat_gettimeofday.h |   3 +-
 arch/arm64/include/asm/vdso/gettimeofday.h        |   3 +-
 arch/mips/include/asm/vdso/gettimeofday.h         |   5 +-
 arch/riscv/include/asm/vdso/gettimeofday.h        |   3 +-
 arch/x86/Kconfig                                  |   1 +
 arch/x86/include/asm/vdso/gettimeofday.h          |   3 +-
 arch/x86/kernel/cpu/acrn.c                        |  12 +-
 arch/x86/kernel/cpu/bugs.c                        |   8 +-
 arch/x86/kernel/crash.c                           |   2 +-
 arch/x86/kernel/fpu/xstate.c                      |  33 +++-
 arch/x86/kernel/tsc_msr.c                         |   9 +-
 arch/x86/purgatory/Makefile                       |   5 +-
 include/linux/hw_breakpoint.h                     |   3 -
 include/linux/posix-timers.h                      |  17 ++
 include/linux/sched.h                             |   4 +
 include/vdso/datapage.h                           |  10 +
 include/vdso/vsyscall.h                           |   3 +
 kernel/events/core.c                              |   4 +-
 kernel/kexec_file.c                               |  41 ++--
 kernel/locking/lockdep_proc.c                     |   2 +-
 kernel/sched/sched.h                              |   2 +-
 kernel/time/Kconfig                               |   9 +
 kernel/time/posix-cpu-timers.c                    | 216 +++++++++++++++++++---
 kernel/time/timekeeping.c                         |   2 +-
 kernel/time/timekeeping_internal.h                |  11 +-
 kernel/time/timer.c                               |   1 +
 kernel/time/vsyscall.c                            |  41 ++++
 lib/vdso/gettimeofday.c                           |   4 +-
 31 files changed, 393 insertions(+), 74 deletions(-)
Merging clockevents/timers/drivers/next (9fba22584e54 clocksource: Ingenic: Add support for the Ingenic X1000 OST.)
$ git merge clockevents/timers/drivers/next
Auto-merging drivers/clocksource/Makefile
Auto-merging drivers/clocksource/Kconfig
Merge made by the 'recursive' strategy.
Merging edac/edac-for-next (18d0299c1360 EDAC/ie31200: Fallback if host bridge device is already initialized)
$ git merge edac/edac-for-next
Merge made by the 'recursive' strategy.
 drivers/edac/ie31200_edac.c | 50 ++++++++++++++++++++++++++++++++++++++++++---
 1 file changed, 47 insertions(+), 3 deletions(-)
Merging irqchip/irq/irqchip-next (9fb883078ba6 irqchip: Fix probing deferal when using IRQCHIP_PLATFORM_DRIVER helpers)
$ git merge irqchip/irq/irqchip-next
Merge made by the 'recursive' strategy.
 drivers/irqchip/irqchip.c | 2 +-
 1 file changed, 1 insertion(+), 1 deletion(-)
Merging ftrace/for-next (38ce2a9e33db tracing: Add trace_array_init_printk() to initialize instance trace_printk() buffers)
$ git merge ftrace/for-next
Already up to date.
Merging rcu/rcu/next (71e05e558a5f Merge branch 'kcsan.2020.06.29a' into HEAD)
$ git merge rcu/rcu/next
Already up to date!
Merge made by the 'recursive' strategy.
Merging kvm/linux-next (99b48ecc8e80 x86/kvm/hyper-v: Synic default SCONTROL MSR needs to be enabled)
$ git merge kvm/linux-next
Removing arch/arm64/kvm/sys_regs_generic_v8.c
Removing arch/arm64/kvm/hyp/tlb.c
Removing arch/arm64/kvm/hyp/sysreg-sr.c
Removing arch/arm64/kvm/hyp/switch.c
Merge made by the 'recursive' strategy.
 Documentation/powerpc/ultravisor.rst               |   3 +
 arch/arm64/Kconfig                                 |  20 +-
 arch/arm64/include/asm/kvm_asm.h                   |  75 +-
 arch/arm64/include/asm/kvm_coproc.h                |   8 -
 arch/arm64/include/asm/kvm_emulate.h               |  75 +-
 arch/arm64/include/asm/kvm_host.h                  |  94 ++-
 arch/arm64/include/asm/kvm_hyp.h                   |  15 +-
 arch/arm64/include/asm/kvm_mmu.h                   |  16 +-
 arch/arm64/include/asm/kvm_ptrauth.h               |  34 +-
 arch/arm64/include/asm/mmu.h                       |   7 -
 arch/arm64/include/asm/virt.h                      |  13 +-
 arch/arm64/kernel/asm-offsets.c                    |   3 +-
 arch/arm64/kernel/cpu_errata.c                     |   4 +-
 arch/arm64/kernel/image-vars.h                     |  54 ++
 arch/arm64/kvm/Kconfig                             |   2 +-
 arch/arm64/kvm/Makefile                            |   4 +-
 arch/arm64/kvm/arch_timer.c                        | 157 +++-
 arch/arm64/kvm/arm.c                               |  57 +-
 arch/arm64/kvm/fpsimd.c                            |   6 +-
 arch/arm64/kvm/guest.c                             |  79 +-
 arch/arm64/kvm/handle_exit.c                       |  32 +-
 arch/arm64/kvm/hyp/Makefile                        |  24 +-
 arch/arm64/kvm/hyp/aarch32.c                       |   8 +-
 arch/arm64/kvm/hyp/entry.S                         |   4 +-
 arch/arm64/kvm/hyp/fpsimd.S                        |   1 -
 arch/arm64/kvm/hyp/hyp-entry.S                     |  21 +-
 .../kvm/hyp/{debug-sr.c => include/hyp/debug-sr.h} |  88 +-
 arch/arm64/kvm/hyp/include/hyp/switch.h            | 511 +++++++++++
 arch/arm64/kvm/hyp/include/hyp/sysreg-sr.h         | 193 +++++
 arch/arm64/kvm/hyp/nvhe/Makefile                   |  62 ++
 arch/arm64/kvm/hyp/nvhe/debug-sr.c                 |  77 ++
 arch/arm64/kvm/{ => hyp/nvhe}/hyp-init.S           |   5 +
 arch/arm64/kvm/hyp/nvhe/switch.c                   | 272 ++++++
 arch/arm64/kvm/hyp/nvhe/sysreg-sr.c                |  46 +
 arch/arm64/kvm/hyp/{ => nvhe}/timer-sr.c           |   6 +-
 arch/arm64/kvm/hyp/nvhe/tlb.c                      | 154 ++++
 arch/arm64/kvm/hyp/smccc_wa.S                      |  32 +
 arch/arm64/kvm/hyp/switch.c                        | 936 ---------------------
 arch/arm64/kvm/hyp/sysreg-sr.c                     | 333 --------
 arch/arm64/kvm/hyp/tlb.c                           | 242 ------
 arch/arm64/kvm/hyp/vgic-v2-cpuif-proxy.c           |   4 +-
 arch/arm64/kvm/hyp/vgic-v3-sr.c                    | 134 ++-
 arch/arm64/kvm/hyp/vhe/Makefile                    |  11 +
 arch/arm64/kvm/hyp/vhe/debug-sr.c                  |  26 +
 arch/arm64/kvm/hyp/vhe/switch.c                    | 219 +++++
 arch/arm64/kvm/hyp/vhe/sysreg-sr.c                 | 114 +++
 arch/arm64/kvm/hyp/vhe/timer-sr.c                  |  12 +
 arch/arm64/kvm/hyp/vhe/tlb.c                       | 162 ++++
 arch/arm64/kvm/inject_fault.c                      |   2 +-
 arch/arm64/kvm/mmio.c                              |   6 -
 arch/arm64/kvm/mmu.c                               | 311 ++++---
 arch/arm64/kvm/regmap.c                            |  37 +-
 arch/arm64/kvm/reset.c                             |  23 +-
 arch/arm64/kvm/sys_regs.c                          | 207 ++---
 arch/arm64/kvm/sys_regs_generic_v8.c               |  96 ---
 arch/arm64/kvm/trace_arm.h                         |   8 +-
 arch/arm64/kvm/va_layout.c                         |   2 +-
 arch/arm64/kvm/vgic/vgic-irqfd.c                   |  24 +-
 arch/arm64/kvm/vgic/vgic-its.c                     |   3 +-
 arch/arm64/kvm/vgic/vgic-mmio-v3.c                 |   2 +-
 arch/mips/kvm/emulate.c                            |   2 +-
 arch/mips/kvm/vz.c                                 |   2 +
 arch/powerpc/include/asm/kvm_book3s_uvmem.h        |  14 +
 arch/powerpc/include/asm/kvm_ppc.h                 |   2 +-
 arch/powerpc/include/asm/reg.h                     |   4 +-
 arch/powerpc/kvm/book3s_64_mmu_hv.c                |   8 +-
 arch/powerpc/kvm/book3s_64_mmu_radix.c             |   4 +
 arch/powerpc/kvm/book3s_hv.c                       |  26 +-
 arch/powerpc/kvm/book3s_hv_nested.c                |  30 +-
 arch/powerpc/kvm/book3s_hv_uvmem.c                 | 700 +++++++++++----
 arch/powerpc/kvm/book3s_interrupts.S               |  56 +-
 arch/powerpc/kvm/book3s_pr.c                       |   9 +-
 arch/powerpc/kvm/book3s_rtas.c                     |   2 +
 arch/powerpc/kvm/booke.c                           |   9 +-
 arch/powerpc/kvm/booke_interrupts.S                |   9 +-
 arch/powerpc/kvm/bookehv_interrupts.S              |  10 +-
 arch/powerpc/kvm/powerpc.c                         |   5 +-
 arch/x86/kvm/cpuid.c                               |   3 +-
 arch/x86/kvm/hyperv.c                              |   1 +
 arch/x86/kvm/x86.c                                 |  24 +-
 include/kvm/arm_arch_timer.h                       |  13 +-
 include/trace/events/kvm.h                         |   2 +-
 scripts/kallsyms.c                                 |   1 +
 83 files changed, 3478 insertions(+), 2634 deletions(-)
 rename arch/arm64/kvm/hyp/{debug-sr.c => include/hyp/debug-sr.h} (66%)
 create mode 100644 arch/arm64/kvm/hyp/include/hyp/switch.h
 create mode 100644 arch/arm64/kvm/hyp/include/hyp/sysreg-sr.h
 create mode 100644 arch/arm64/kvm/hyp/nvhe/Makefile
 create mode 100644 arch/arm64/kvm/hyp/nvhe/debug-sr.c
 rename arch/arm64/kvm/{ => hyp/nvhe}/hyp-init.S (95%)
 create mode 100644 arch/arm64/kvm/hyp/nvhe/switch.c
 create mode 100644 arch/arm64/kvm/hyp/nvhe/sysreg-sr.c
 rename arch/arm64/kvm/hyp/{ => nvhe}/timer-sr.c (84%)
 create mode 100644 arch/arm64/kvm/hyp/nvhe/tlb.c
 create mode 100644 arch/arm64/kvm/hyp/smccc_wa.S
 delete mode 100644 arch/arm64/kvm/hyp/switch.c
 delete mode 100644 arch/arm64/kvm/hyp/sysreg-sr.c
 delete mode 100644 arch/arm64/kvm/hyp/tlb.c
 create mode 100644 arch/arm64/kvm/hyp/vhe/Makefile
 create mode 100644 arch/arm64/kvm/hyp/vhe/debug-sr.c
 create mode 100644 arch/arm64/kvm/hyp/vhe/switch.c
 create mode 100644 arch/arm64/kvm/hyp/vhe/sysreg-sr.c
 create mode 100644 arch/arm64/kvm/hyp/vhe/timer-sr.c
 create mode 100644 arch/arm64/kvm/hyp/vhe/tlb.c
 delete mode 100644 arch/arm64/kvm/sys_regs_generic_v8.c
Merging kvm-arm/next (16314874b12b Merge branch 'kvm-arm64/misc-5.9' into kvmarm-master/next)
$ git merge kvm-arm/next
Already up to date.
Merging kvm-ppc/kvm-ppc-next (81ab595ddd3c KVM: PPC: Book3S HV: Rework secure mem slot dropping)
$ git merge kvm-ppc/kvm-ppc-next
Already up to date.
Merging kvms390/next (23a60f834406 s390/kvm: diagnose 0x318 sync and reset)
$ git merge kvms390/next
Already up to date.
Merging xen-tip/linux-next (ba8c42348897 xen/xenbus: Fix a double free in xenbus_map_ring_pv())
$ git merge xen-tip/linux-next
Already up to date.
Merging percpu/for-next (4fa640dc5230 Merge tag 'vfio-v5.8-rc7' of git://github.com/awilliam/linux-vfio into master)
$ git merge percpu/for-next
Already up to date.
Merging workqueues/for-next (10cdb1575954 workqueue: use BUILD_BUG_ON() for compile time test instead of WARN_ON())
$ git merge workqueues/for-next
Already up to date.
Merging drivers-x86/for-next (67186653c903 platform/x86: asus-nb-wmi: Drop duplicate DMI quirk structures)
$ git merge drivers-x86/for-next
Already up to date.
Merging chrome-platform/for-next (fc8cacf3fc68 platform/chrome: cros_ec_proto: check for missing EC_CMD_HOST_EVENT_GET_WAKE_MASK)
$ git merge chrome-platform/for-next
Auto-merging include/linux/platform_data/cros_ec_commands.h
Auto-merging drivers/platform/chrome/cros_ec_spi.c
Merge made by the 'recursive' strategy.
 drivers/platform/chrome/Kconfig                  |   1 +
 drivers/platform/chrome/cros_ec_debugfs.c        |  24 +-
 drivers/platform/chrome/cros_ec_ishtp.c          |   4 +-
 drivers/platform/chrome/cros_ec_proto.c          |  42 ++-
 drivers/platform/chrome/cros_ec_rpmsg.c          |   3 +
 drivers/platform/chrome/cros_ec_sensorhub_ring.c |  98 ++----
 drivers/platform/chrome/cros_ec_spi.c            |   4 +
 drivers/platform/chrome/cros_ec_typec.c          | 399 ++++++++++++++++++++---
 include/linux/platform_data/cros_ec_commands.h   |  33 +-
 include/linux/platform_data/cros_ec_proto.h      |   3 -
 10 files changed, 483 insertions(+), 128 deletions(-)
Merging hsi/for-next (bb6d3fb354c5 Linux 5.6-rc1)
$ git merge hsi/for-next
Already up to date.
Merging leds/for-next (0b019b053d21 leds: mt6323: move period calculation)
$ git merge leds/for-next
Merge made by the 'recursive' strategy.
 drivers/leds/leds-mt6323.c  | 18 +++++++++---------
 drivers/leds/leds-s3c24xx.c |  2 --
 2 files changed, 9 insertions(+), 11 deletions(-)
Merging ipmi/for-next (fc80c51fd4b2 Merge tag 'kbuild-v5.9' of git://git.kernel.org/pub/scm/linux/kernel/git/masahiroy/linux-kbuild)
$ git merge ipmi/for-next
Already up to date.
Merging driver-core/driver-core-next (fc80c51fd4b2 Merge tag 'kbuild-v5.9' of git://git.kernel.org/pub/scm/linux/kernel/git/masahiroy/linux-kbuild)
$ git merge driver-core/driver-core-next
Already up to date.
Merging usb/usb-next (449dc8c97089 Merge tag 'for-v5.9' of git://git.kernel.org/pub/scm/linux/kernel/git/sre/linux-power-supply)
$ git merge usb/usb-next
Already up to date.
Merging usb-gadget/next (f5e46aa4a124 usb: dwc3: gadget: when the started list is empty stop the active xfer)
$ git merge usb-gadget/next
Already up to date.
Merging usb-serial/usb-next (47ec5303d73e Merge git://git.kernel.org/pub/scm/linux/kernel/git/netdev/net-next)
$ git merge usb-serial/usb-next
Already up to date.
Merging usb-chipidea-next/ci-for-usb-next (d6f93d21001e usb: chipidea: imx: get available runtime dr mode for wakeup setting)
$ git merge usb-chipidea-next/ci-for-usb-next
Already up to date.
Merging phy-next/next (3d7b0ca5300b phy: qualcomm: fix setting of tx_deamp_3_5db when device property read fails)
$ git merge phy-next/next
Already up to date.
Merging tty/tty-next (fc80c51fd4b2 Merge tag 'kbuild-v5.9' of git://git.kernel.org/pub/scm/linux/kernel/git/masahiroy/linux-kbuild)
$ git merge tty/tty-next
Already up to date.
Merging char-misc/char-misc-next (fc80c51fd4b2 Merge tag 'kbuild-v5.9' of git://git.kernel.org/pub/scm/linux/kernel/git/masahiroy/linux-kbuild)
$ git merge char-misc/char-misc-next
Already up to date.
Merging extcon/extcon-next (b3a9e3b9622a Linux 5.8-rc1)
$ git merge extcon/extcon-next
Already up to date.
Merging soundwire/next (a81844034e5b Soundwire: intel_init: save Slave(s) _ADR info in sdw_intel_ctx)
$ git merge soundwire/next
Already up to date.
Merging thunderbolt/next (ef7e12078ab8 thunderbolt: Fix old style declaration warning)
$ git merge thunderbolt/next
Already up to date.
Merging staging/staging-next (fc80c51fd4b2 Merge tag 'kbuild-v5.9' of git://git.kernel.org/pub/scm/linux/kernel/git/masahiroy/linux-kbuild)
$ git merge staging/staging-next
Already up to date.
Merging mux/for-next (05f19f7f8944 mux: adgs1408: Add mod_devicetable.h and remove of_match_ptr)
$ git merge mux/for-next
Merge made by the 'recursive' strategy.
Merging icc/icc-next (12a400b016ab interconnect: Mark all dummy functions as static inline)
$ git merge icc/icc-next
Already up to date.
Merging dmaengine/next (00043a268923 Merge branch 'topic/xilinx' into fixes)
$ git merge dmaengine/next
Already up to date.
Merging cgroup/for-next (936f2a70f207 cgroup: add cpu.stat file to root cgroup)
$ git merge cgroup/for-next
Already up to date.
Merging scsi/for-next (747eab70283e Merge branch 'misc' into for-next)
$ git merge scsi/for-next
Auto-merging drivers/scsi/sd_zbc.c
Merge made by the 'recursive' strategy.
 drivers/scsi/fcoe/fcoe_ctlr.c                 |  2 +-
 drivers/scsi/libfc/fc_disc.c                  | 12 +++-
 drivers/scsi/lpfc/lpfc_attr.c                 | 26 +++++++-
 drivers/scsi/lpfc/lpfc_bsg.c                  | 21 +++---
 drivers/scsi/lpfc/lpfc_ct.c                   | 22 +++++--
 drivers/scsi/lpfc/lpfc_els.c                  | 10 ++-
 drivers/scsi/lpfc/lpfc_init.c                 | 25 +++++--
 drivers/scsi/lpfc/lpfc_nportdisc.c            |  8 ++-
 drivers/scsi/lpfc/lpfc_nvmet.c                |  2 +-
 drivers/scsi/lpfc/lpfc_sli.c                  | 11 +++-
 drivers/scsi/lpfc/lpfc_version.h              |  2 +-
 drivers/scsi/scsi_transport_sas.c             |  2 +-
 drivers/scsi/sd.c                             | 10 ++-
 drivers/scsi/sd.h                             | 11 +++-
 drivers/scsi/sd_zbc.c                         | 93 +++++++++++++--------------
 drivers/target/iscsi/iscsi_target_transport.c |  4 +-
 include/target/iscsi/iscsi_transport.h        |  2 +-
 17 files changed, 165 insertions(+), 98 deletions(-)
Merging scsi-mkp/for-next (7e0e8be3a1fd scsi: lpfc: Update lpfc version to 12.8.0.3)
$ git merge scsi-mkp/for-next
Already up to date.
Merging vhost/linux-next (8a7c3213db06 vdpa/mlx5: fix up endian-ness for mtu)
$ git merge vhost/linux-next
Auto-merging drivers/virtio/virtio_ring.c
Auto-merging drivers/vhost/vhost.c
Auto-merging drivers/vhost/net.c
Auto-merging drivers/vdpa/Kconfig
Auto-merging drivers/scsi/virtio_scsi.c
Auto-merging drivers/net/virtio_net.c
Auto-merging drivers/gpu/drm/virtio/virtgpu_object.c
Auto-merging drivers/crypto/virtio/virtio_crypto_core.c
Auto-merging arch/x86/kvm/x86.c
Merge made by the 'recursive' strategy.
 arch/um/drivers/virtio_uml.c               |    2 +-
 arch/x86/kvm/x86.c                         |   12 +-
 drivers/crypto/virtio/virtio_crypto_core.c |   46 +-
 drivers/gpu/drm/virtio/virtgpu_kms.c       |   16 +-
 drivers/gpu/drm/virtio/virtgpu_object.c    |    2 +-
 drivers/gpu/drm/virtio/virtgpu_vq.c        |    4 +-
 drivers/iommu/virtio-iommu.c               |   34 +-
 drivers/net/virtio_net.c                   |    9 +-
 drivers/nvdimm/virtio_pmem.c               |    4 +-
 drivers/platform/mellanox/mlxbf-tmfifo.c   |   13 +-
 drivers/scsi/virtio_scsi.c                 |    4 +-
 drivers/vdpa/Kconfig                       |   19 +
 drivers/vdpa/Makefile                      |    1 +
 drivers/vdpa/ifcvf/ifcvf_base.c            |    4 +-
 drivers/vdpa/ifcvf/ifcvf_base.h            |    6 +-
 drivers/vdpa/ifcvf/ifcvf_main.c            |   31 +-
 drivers/vdpa/mlx5/Makefile                 |    4 +
 drivers/vdpa/mlx5/core/mlx5_vdpa.h         |   91 ++
 drivers/vdpa/mlx5/core/mlx5_vdpa_ifc.h     |  168 +++
 drivers/vdpa/mlx5/core/mr.c                |  486 +++++++
 drivers/vdpa/mlx5/core/resources.c         |  284 ++++
 drivers/vdpa/mlx5/net/main.c               |   76 ++
 drivers/vdpa/mlx5/net/mlx5_vnet.c          | 1974 ++++++++++++++++++++++++++++
 drivers/vdpa/mlx5/net/mlx5_vnet.h          |   24 +
 drivers/vdpa/vdpa.c                        |    4 +
 drivers/vdpa/vdpa_sim/vdpa_sim.c           |  124 +-
 drivers/vhost/Kconfig                      |    1 +
 drivers/vhost/net.c                        |   22 +-
 drivers/vhost/vdpa.c                       |  183 ++-
 drivers/vhost/vhost.c                      |   39 +-
 drivers/vhost/vhost.h                      |   11 +-
 drivers/virtio/virtio_balloon.c            |   30 +-
 drivers/virtio/virtio_input.c              |   32 +-
 drivers/virtio/virtio_mem.c                |   30 +-
 drivers/virtio/virtio_pci_modern.c         |    1 +
 drivers/virtio/virtio_ring.c               |    7 +-
 drivers/virtio/virtio_vdpa.c               |    9 +-
 fs/fuse/virtio_fs.c                        |    4 +-
 include/linux/vdpa.h                       |   66 +-
 include/linux/virtio_caif.h                |    6 +-
 include/linux/virtio_config.h              |  187 ++-
 include/linux/virtio_ring.h                |   19 +-
 include/uapi/linux/vhost.h                 |    2 +
 include/uapi/linux/vhost_types.h           |   11 +
 include/uapi/linux/virtio_9p.h             |    4 +-
 include/uapi/linux/virtio_balloon.h        |   10 +-
 include/uapi/linux/virtio_blk.h            |   26 +-
 include/uapi/linux/virtio_config.h         |   10 +-
 include/uapi/linux/virtio_console.h        |    8 +-
 include/uapi/linux/virtio_crypto.h         |   26 +-
 include/uapi/linux/virtio_fs.h             |    2 +-
 include/uapi/linux/virtio_gpu.h            |    8 +-
 include/uapi/linux/virtio_input.h          |   18 +-
 include/uapi/linux/virtio_iommu.h          |   12 +-
 include/uapi/linux/virtio_mem.h            |   14 +-
 include/uapi/linux/virtio_net.h            |    8 +-
 include/uapi/linux/virtio_pmem.h           |    4 +-
 include/uapi/linux/virtio_scsi.h           |   20 +-
 tools/virtio/linux/virtio_config.h         |    6 +-
 virt/lib/irqbypass.c                       |   16 +-
 60 files changed, 3886 insertions(+), 408 deletions(-)
 create mode 100644 drivers/vdpa/mlx5/Makefile
 create mode 100644 drivers/vdpa/mlx5/core/mlx5_vdpa.h
 create mode 100644 drivers/vdpa/mlx5/core/mlx5_vdpa_ifc.h
 create mode 100644 drivers/vdpa/mlx5/core/mr.c
 create mode 100644 drivers/vdpa/mlx5/core/resources.c
 create mode 100644 drivers/vdpa/mlx5/net/main.c
 create mode 100644 drivers/vdpa/mlx5/net/mlx5_vnet.c
 create mode 100644 drivers/vdpa/mlx5/net/mlx5_vnet.h
Merging rpmsg/for-next (ca69dba7f13a Merge branches 'hwspinlock-next', 'rpmsg-next' and 'rproc-next' into for-next)
$ git merge rpmsg/for-next
Removing include/linux/remoteproc/qcom_q6v5_ipa_notify.h
Auto-merging drivers/remoteproc/qcom_q6v5_mss.c
Removing drivers/remoteproc/qcom_q6v5_ipa_notify.c
Auto-merging MAINTAINERS
Removing Documentation/devicetree/bindings/hwlock/qcom-hwspinlock.txt
Merge made by the 'recursive' strategy.
 .../bindings/arm/keystone/ti,k3-sci-common.yaml    |  44 ++
 .../devicetree/bindings/hwlock/qcom-hwspinlock.txt |  39 -
 .../bindings/hwlock/qcom-hwspinlock.yaml           |  65 ++
 .../bindings/remoteproc/qcom,pil-info.yaml         |  44 ++
 .../bindings/remoteproc/ti,k3-dsp-rproc.yaml       | 184 +++++
 Documentation/staging/rpmsg.rst                    |   6 +-
 Documentation/userspace-api/ioctl/ioctl-number.rst |   1 +
 MAINTAINERS                                        |   1 +
 drivers/hwspinlock/Kconfig                         |  10 +-
 drivers/hwspinlock/qcom_hwspinlock.c               |  70 +-
 drivers/net/ipa/ipa.h                              |   3 +
 drivers/net/ipa/ipa_modem.c                        |  56 +-
 drivers/remoteproc/Kconfig                         |  34 +-
 drivers/remoteproc/Makefile                        |   5 +-
 drivers/remoteproc/ingenic_rproc.c                 |  84 +--
 drivers/remoteproc/qcom_common.c                   | 133 +++-
 drivers/remoteproc/qcom_common.h                   |   5 +-
 drivers/remoteproc/qcom_pil_info.c                 | 129 ++++
 drivers/remoteproc/qcom_pil_info.h                 |   9 +
 drivers/remoteproc/qcom_q6v5.c                     |   2 +
 drivers/remoteproc/qcom_q6v5_adsp.c                |  16 +-
 drivers/remoteproc/qcom_q6v5_ipa_notify.c          |  85 ---
 drivers/remoteproc/qcom_q6v5_mss.c                 | 157 ++--
 drivers/remoteproc/qcom_q6v5_pas.c                 |  15 +-
 drivers/remoteproc/qcom_q6v5_wcss.c                |  14 +-
 drivers/remoteproc/qcom_sysmon.c                   |   4 +-
 drivers/remoteproc/qcom_wcnss.c                    |  14 +-
 drivers/remoteproc/remoteproc_cdev.c               | 124 ++++
 drivers/remoteproc/remoteproc_core.c               | 457 ++++++------
 drivers/remoteproc/remoteproc_coredump.c           | 325 +++++++++
 drivers/remoteproc/remoteproc_debugfs.c            |  90 +++
 drivers/remoteproc/remoteproc_internal.h           |  42 ++
 drivers/remoteproc/remoteproc_sysfs.c              |  17 +-
 drivers/remoteproc/stm32_rproc.c                   | 214 +++++-
 drivers/remoteproc/ti_k3_dsp_remoteproc.c          | 787 +++++++++++++++++++++
 drivers/remoteproc/ti_sci_proc.h                   | 104 +++
 drivers/rpmsg/virtio_rpmsg_bus.c                   |  63 +-
 include/linux/remoteproc.h                         |  36 +-
 include/linux/remoteproc/qcom_q6v5_ipa_notify.h    |  82 ---
 include/linux/remoteproc/qcom_rproc.h              |  36 +-
 include/uapi/linux/remoteproc_cdev.h               |  37 +
 41 files changed, 2952 insertions(+), 691 deletions(-)
 create mode 100644 Documentation/devicetree/bindings/arm/keystone/ti,k3-sci-common.yaml
 delete mode 100644 Documentation/devicetree/bindings/hwlock/qcom-hwspinlock.txt
 create mode 100644 Documentation/devicetree/bindings/hwlock/qcom-hwspinlock.yaml
 create mode 100644 Documentation/devicetree/bindings/remoteproc/qcom,pil-info.yaml
 create mode 100644 Documentation/devicetree/bindings/remoteproc/ti,k3-dsp-rproc.yaml
 create mode 100644 drivers/remoteproc/qcom_pil_info.c
 create mode 100644 drivers/remoteproc/qcom_pil_info.h
 delete mode 100644 drivers/remoteproc/qcom_q6v5_ipa_notify.c
 create mode 100644 drivers/remoteproc/remoteproc_cdev.c
 create mode 100644 drivers/remoteproc/remoteproc_coredump.c
 create mode 100644 drivers/remoteproc/ti_k3_dsp_remoteproc.c
 create mode 100644 drivers/remoteproc/ti_sci_proc.h
 delete mode 100644 include/linux/remoteproc/qcom_q6v5_ipa_notify.h
 create mode 100644 include/uapi/linux/remoteproc_cdev.h
Merging gpio/for-next (22cc422070d9 gpio: wcove: Request IRQ after all initialisation done)
$ git merge gpio/for-next
Already up to date.
Merging gpio-brgl/gpio/for-next (df51f402e3b1 tools: gpio: fix spurious close warning in gpio-event-mon)
$ git merge gpio-brgl/gpio/for-next
Already up to date.
Merging gpio-intel/for-next (4941b8dedb3f gpio: sch: Add a blank line between declaration and code)
$ git merge gpio-intel/for-next
Already up to date.
Merging pinctrl/for-next (fc80c51fd4b2 Merge tag 'kbuild-v5.9' of git://git.kernel.org/pub/scm/linux/kernel/git/masahiroy/linux-kbuild)
$ git merge pinctrl/for-next
Already up to date.
Merging pinctrl-intel/for-next (b4f2fcb53487 pinctrl: intel: Add Intel Emmitsburg pin controller support)
$ git merge pinctrl-intel/for-next
Already up to date.
Merging pinctrl-samsung/for-next (b3a9e3b9622a Linux 5.8-rc1)
$ git merge pinctrl-samsung/for-next
Already up to date.
Merging pwm/for-next (6ced5ff0be8e pwm: bcm-iproc: handle clk_get_rate() return)
$ git merge pwm/for-next
Auto-merging drivers/video/backlight/pwm_bl.c
Auto-merging drivers/gpu/drm/i915/display/intel_panel.c
Merge made by the 'recursive' strategy.
 drivers/clk/clk-pwm.c                      |  7 ++++++-
 drivers/gpu/drm/i915/display/intel_panel.c |  2 +-
 drivers/hwmon/pwm-fan.c                    |  2 +-
 drivers/pwm/core.c                         | 14 +++++++-------
 drivers/pwm/pwm-bcm-iproc.c                | 12 ++++++++----
 drivers/pwm/pwm-bcm-kona.c                 |  2 +-
 drivers/pwm/pwm-clps711x.c                 |  2 +-
 drivers/pwm/pwm-imx-tpm.c                  |  2 +-
 drivers/pwm/pwm-imx27.c                    |  2 +-
 drivers/pwm/pwm-iqs620a.c                  | 15 ++++++++-------
 drivers/pwm/pwm-mediatek.c                 |  1 +
 drivers/pwm/pwm-omap-dmtimer.c             |  4 ++--
 drivers/pwm/pwm-sifive.c                   |  2 +-
 drivers/pwm/pwm-stm32-lp.c                 |  2 +-
 drivers/pwm/pwm-sun4i.c                    |  2 +-
 drivers/pwm/pwm-tiecap.c                   |  2 +-
 drivers/pwm/pwm-tiehrpwm.c                 |  2 +-
 drivers/pwm/sysfs.c                        |  8 ++++----
 drivers/video/backlight/pwm_bl.c           |  3 ++-
 drivers/video/fbdev/ssd1307fb.c            |  2 +-
 include/linux/pwm.h                        | 12 ++++++------
 21 files changed, 56 insertions(+), 44 deletions(-)
Merging userns/for-next (7fce69dff8db Implement kernel_execve)
$ git merge userns/for-next
Already up to date.
Merging ktest/for-next (ff131efff141 ktest.pl: Fix spelling mistake "Cant" -> "Can't")
$ git merge ktest/for-next
Merge made by the 'recursive' strategy.
 tools/testing/ktest/ktest.pl    | 103 +++++++++++++++++++++++++++++++++-------
 tools/testing/ktest/sample.conf |  18 +++++++
 2 files changed, 105 insertions(+), 16 deletions(-)
Merging random/dev (ab9a7e27044b random: avoid warnings for !CONFIG_NUMA builds)
$ git merge random/dev
Already up to date.
Merging kselftest/next (850d0cc64c8e selftests/harness: Limit step counter reporting)
$ git merge kselftest/next
Already up to date.
Merging y2038/y2038 (c4e71212a245 Revert "drm/etnaviv: reject timeouts with tv_nsec >= NSEC_PER_SEC")
$ git merge y2038/y2038
Already up to date.
Merging livepatching/for-next (bf14b015bf51 Merge branch 'for-5.9/selftests-cleanup' into for-next)
$ git merge livepatching/for-next
Already up to date!
Merge made by the 'recursive' strategy.
Merging coresight/next (342c8a1d1d9e coresight: etm4x: Fix save/restore during cpu idle)
$ git merge coresight/next
Already up to date.
Merging rtc/rtc-next (16c24801122e rtc: max77686: Fix wake-ups for max77620)
$ git merge rtc/rtc-next
Auto-merging drivers/rtc/Kconfig
Merge made by the 'recursive' strategy.
 drivers/rtc/Kconfig          |   3 +-
 drivers/rtc/rtc-ab-b5ze-s3.c |   2 +-
 drivers/rtc/rtc-bq32k.c      |   2 +-
 drivers/rtc/rtc-cpcap.c      |   2 +-
 drivers/rtc/rtc-ds1307.c     |   6 +
 drivers/rtc/rtc-ds1374.c     | 262 ++++++++++---------------------------------
 drivers/rtc/rtc-goldfish.c   |   1 +
 drivers/rtc/rtc-imxdi.c      |   4 +-
 drivers/rtc/rtc-max77686.c   |  23 +++-
 drivers/rtc/rtc-mcp795.c     |   2 +-
 drivers/rtc/rtc-pcf85063.c   |   4 +-
 drivers/rtc/rtc-pl031.c      |   1 +
 include/linux/rtc.h          |   4 -
 13 files changed, 101 insertions(+), 215 deletions(-)
Merging nvdimm/libnvdimm-for-next (03b68d5d7d4b Merge branch 'for-5.9/copy_mc' into libnvdimm-for-next)
$ git merge nvdimm/libnvdimm-for-next
Removing tools/testing/selftests/powerpc/copyloops/memcpy_mcsafe_64.S
Removing tools/perf/bench/mem-memcpy-x86-64-lib.c
Auto-merging tools/objtool/check.c
Removing tools/arch/x86/include/asm/mcsafe_test.h
Auto-merging lib/iov_iter.c
Auto-merging lib/Kconfig
Auto-merging kernel/power/hibernate.c
Auto-merging include/linux/uio.h
Auto-merging include/linux/device.h
Auto-merging drivers/nvdimm/region_devs.c
Auto-merging drivers/nvdimm/pmem.c
Auto-merging drivers/md/dm-writecache.c
Auto-merging drivers/dax/super.c
Auto-merging drivers/acpi/nfit/nfit.h
Auto-merging arch/x86/lib/Makefile
Auto-merging arch/x86/kernel/quirks.c
Auto-merging arch/x86/kernel/cpu/mce/core.c
Auto-merging arch/x86/include/asm/uaccess.h
Removing arch/x86/include/asm/mcsafe_test.h
Auto-merging arch/x86/Kconfig.debug
Auto-merging arch/x86/Kconfig
Auto-merging arch/powerpc/lib/Makefile
Auto-merging arch/powerpc/include/asm/string.h
Auto-merging arch/powerpc/Kconfig
Merge made by the 'recursive' strategy.
 Documentation/ABI/testing/sysfs-bus-nfit           |  19 +
 Documentation/ABI/testing/sysfs-bus-nvdimm         |   2 +
 .../driver-api/nvdimm/firmware-activate.rst        |  86 +++++
 arch/powerpc/Kconfig                               |   2 +-
 arch/powerpc/include/asm/string.h                  |   2 -
 arch/powerpc/include/asm/uaccess.h                 |  40 +-
 arch/powerpc/lib/Makefile                          |   2 +-
 .../lib/{memcpy_mcsafe_64.S => copy_mc_64.S}       |   4 +-
 arch/x86/Kconfig                                   |   2 +-
 arch/x86/Kconfig.debug                             |   2 +-
 arch/x86/include/asm/copy_mc_test.h                |  75 ++++
 arch/x86/include/asm/mcsafe_test.h                 |  75 ----
 arch/x86/include/asm/string_64.h                   |  32 --
 arch/x86/include/asm/uaccess.h                     |  21 ++
 arch/x86/include/asm/uaccess_64.h                  |  20 -
 arch/x86/kernel/cpu/mce/core.c                     |   8 +-
 arch/x86/kernel/quirks.c                           |   9 +-
 arch/x86/lib/Makefile                              |   1 +
 arch/x86/lib/copy_mc.c                             |  64 ++++
 arch/x86/lib/copy_mc_64.S                          | 165 ++++++++
 arch/x86/lib/memcpy_64.S                           | 115 ------
 arch/x86/lib/usercopy_64.c                         |  21 --
 drivers/acpi/nfit/core.c                           | 157 ++++++--
 drivers/acpi/nfit/intel.c                          | 386 +++++++++++++++++++
 drivers/acpi/nfit/intel.h                          |  61 +++
 drivers/acpi/nfit/nfit.h                           |  38 +-
 drivers/dax/super.c                                |  13 +-
 drivers/md/dm-writecache.c                         |  15 +-
 drivers/nvdimm/bus.c                               |  16 +
 drivers/nvdimm/claim.c                             |   2 +-
 drivers/nvdimm/core.c                              | 149 ++++++++
 drivers/nvdimm/dimm_devs.c                         | 123 +++++-
 drivers/nvdimm/namespace_devs.c                    |   2 +-
 drivers/nvdimm/nd-core.h                           |   1 +
 drivers/nvdimm/pfn_devs.c                          |   2 +-
 drivers/nvdimm/pmem.c                              |   6 +-
 drivers/nvdimm/region_devs.c                       |   2 +-
 drivers/nvdimm/security.c                          |  13 +-
 fs/dax.c                                           |  15 +-
 include/linux/libnvdimm.h                          |  52 ++-
 include/linux/string.h                             |   9 +-
 include/linux/suspend.h                            |   6 +
 include/linux/uaccess.h                            |   9 +
 include/linux/uio.h                                |  10 +-
 include/uapi/linux/ndctl.h                         |   5 +
 kernel/power/hibernate.c                           |  97 +++++
 lib/Kconfig                                        |   7 +-
 lib/iov_iter.c                                     |  43 ++-
 tools/arch/x86/include/asm/mcsafe_test.h           |  13 -
 tools/arch/x86/lib/memcpy_64.S                     | 115 ------
 tools/objtool/check.c                              |   5 +-
 tools/perf/bench/Build                             |   1 -
 tools/perf/bench/mem-memcpy-x86-64-lib.c           |  24 --
 tools/testing/nvdimm/test/nfit.c                   | 415 ++++++++++++++++-----
 .../testing/selftests/powerpc/copyloops/.gitignore |   2 +-
 tools/testing/selftests/powerpc/copyloops/Makefile |   6 +-
 .../selftests/powerpc/copyloops/copy_mc_64.S       |   1 +
 .../selftests/powerpc/copyloops/memcpy_mcsafe_64.S |   1 -
 58 files changed, 1926 insertions(+), 663 deletions(-)
 create mode 100644 Documentation/ABI/testing/sysfs-bus-nvdimm
 create mode 100644 Documentation/driver-api/nvdimm/firmware-activate.rst
 rename arch/powerpc/lib/{memcpy_mcsafe_64.S => copy_mc_64.S} (98%)
 create mode 100644 arch/x86/include/asm/copy_mc_test.h
 delete mode 100644 arch/x86/include/asm/mcsafe_test.h
 create mode 100644 arch/x86/lib/copy_mc.c
 create mode 100644 arch/x86/lib/copy_mc_64.S
 delete mode 100644 tools/arch/x86/include/asm/mcsafe_test.h
 delete mode 100644 tools/perf/bench/mem-memcpy-x86-64-lib.c
 create mode 120000 tools/testing/selftests/powerpc/copyloops/copy_mc_64.S
 delete mode 120000 tools/testing/selftests/powerpc/copyloops/memcpy_mcsafe_64.S
Merging at24/at24/for-next (8f3d9f354286 Linux 5.7-rc1)
$ git merge at24/at24/for-next
Already up to date.
Merging ntb/ntb-next (b3a9e3b9622a Linux 5.8-rc1)
$ git merge ntb/ntb-next
Already up to date.
Merging seccomp/for-next/seccomp (16b89f695313 net/scm: Fix typo in SCM_RIGHTS compat refactoring)
$ git merge seccomp/for-next/seccomp
Already up to date.
Merging kspp/for-next/kspp (a713a33e7b77 Merge branch 'fix/module-bin-attr' into for-next/kspp)
$ git merge kspp/for-next/kspp
Already up to date!
Merge made by the 'recursive' strategy.
Merging gnss/gnss-next (48778464bb7d Linux 5.8-rc2)
$ git merge gnss/gnss-next
Already up to date.
Merging fsi/next (4ca8b73f16f0 fsi: aspeed: Support CFAM reset GPIO)
$ git merge fsi/next
Merge made by the 'recursive' strategy.
 Documentation/ABI/testing/sysfs-bus-fsi            |   8 ++
 .../devicetree/bindings/fsi/fsi-master-aspeed.txt  |  12 ++
 drivers/fsi/fsi-core.c                             |  31 ++++-
 drivers/fsi/fsi-master-aspeed.c                    | 134 ++++++++++++++++++---
 drivers/fsi/fsi-master-ast-cf.c                    |   7 +-
 drivers/fsi/fsi-master-gpio.c                      |   5 +-
 drivers/fsi/fsi-master-hub.c                       |  15 ++-
 drivers/fsi/fsi-master.h                           |   3 +-
 drivers/fsi/fsi-occ.c                              |   2 +-
 drivers/fsi/fsi-sbefifo.c                          |  12 +-
 drivers/fsi/fsi-scom.c                             |   2 +-
 11 files changed, 194 insertions(+), 37 deletions(-)
Merging slimbus/for-next (b3a9e3b9622a Linux 5.8-rc1)
$ git merge slimbus/for-next
Already up to date.
Merging nvmem/for-next (a24ef5be460b nvmem: qcom-spmi-sdam: Enable multiple devices)
$ git merge nvmem/for-next
Auto-merging MAINTAINERS
Merge made by the 'recursive' strategy.
Merging xarray/xarray (27586ca786a7 XArray: Handle retry entries within xas_find_marked)
$ git merge xarray/xarray
Auto-merging include/linux/xarray.h
Auto-merging drivers/infiniband/core/device.c
Merge made by the 'recursive' strategy.
 Documentation/core-api/xarray.rst   | 13 +++++++------
 drivers/infiniband/core/device.c    |  6 +-----
 include/linux/xarray.h              | 23 +++++++++++++++++++++-
 lib/idr.c                           |  1 +
 lib/test_xarray.c                   | 20 +++++++++++++++++++
 lib/xarray.c                        | 39 +++++++++++++++++++++++++++++++------
 tools/testing/radix-tree/idr-test.c | 29 +++++++++++++++++++++++++++
 7 files changed, 113 insertions(+), 18 deletions(-)
Merging hyperv/hyperv-next (7deff7b5b439 hyperv: hyperv.h: drop a duplicated word)
$ git merge hyperv/hyperv-next
Already up to date.
Merging auxdisplay/auxdisplay (46d4a403a04c auxdisplay: Replace HTTP links with HTTPS ones)
$ git merge auxdisplay/auxdisplay
Merge made by the 'recursive' strategy.
 drivers/auxdisplay/arm-charlcd.c | 2 +-
 1 file changed, 1 insertion(+), 1 deletion(-)
Merging kgdb/kgdb/for-next (2c308ef41351 kgdb: Make "kgdbcon" work properly with "kgdb_earlycon")
$ git merge kgdb/kgdb/for-next
Auto-merging kernel/debug/kdb/kdb_io.c
Auto-merging kernel/debug/debug_core.c
Merge made by the 'recursive' strategy.
 kernel/debug/debug_core.c | 22 ++++++++++++++--------
 kernel/debug/kdb/kdb_io.c | 14 +++++++-------
 2 files changed, 21 insertions(+), 15 deletions(-)
Merging pidfd/for-next (da83d0cb9237 Merge branch 'cap_checkpoint_restore' into for-next)
$ git merge pidfd/for-next
Already up to date!
Merge made by the 'recursive' strategy.
Merging hmm/hmm (7d17e83abec1 mm/hmm/test: use the new migration invalidation)
$ git merge hmm/hmm
Already up to date.
Merging fpga/for-next (9ae43c58db00 MAINTAINERS: Add Tom Rix as fpga reviewer)
$ git merge fpga/for-next
Auto-merging MAINTAINERS
Merge made by the 'recursive' strategy.
 MAINTAINERS                  |  2 ++
 drivers/fpga/stratix10-soc.c | 23 +++--------------------
 2 files changed, 5 insertions(+), 20 deletions(-)
Merging kunit/test (48778464bb7d Linux 5.8-rc2)
$ git merge kunit/test
Already up to date.
Merging cel/cel-next (0a8e7b7d0846 SUNRPC: Revert 241b1f419f0e ("SUNRPC: Remove xdr_buf_trim()"))
$ git merge cel/cel-next
Already up to date.
Merging generic-ioremap/for-next (4bdc0d676a64 remove ioremap_nocache and devm_ioremap_nocache)
$ git merge generic-ioremap/for-next
Already up to date.
Merging cfi/cfi/next (11399346ac39 mtd: Replace zero-length array with flexible-array)
$ git merge cfi/cfi/next
Already up to date.
Merging kunit-next/kunit (d43c7fb05765 kunit: tool: fix improper treatment of file location)
$ git merge kunit-next/kunit
Already up to date.
Merging trivial/for-next (c1a371cf80fb printk: fix global comment)
$ git merge trivial/for-next
Auto-merging lib/bitmap.c
Auto-merging kernel/printk/printk_safe.c
Merge made by the 'recursive' strategy.
 fs/vboxsf/dir.c             | 2 +-
 kernel/printk/printk_safe.c | 2 +-
 lib/bitmap.c                | 2 +-
 3 files changed, 3 insertions(+), 3 deletions(-)
Merging zx2c4/for-next (16fbf79b0f83 Linux 5.6-rc7)
$ git merge zx2c4/for-next
Already up to date.
Merging mhi/mhi-next (d0dc371b39a7 bus: mhi: fix doubled words and struct image_info kernel-doc)
$ git merge mhi/mhi-next
Merge made by the 'recursive' strategy.
 include/linux/mhi.h | 10 ++++++----
 1 file changed, 6 insertions(+), 4 deletions(-)
Merging notifications/notifications-pipe-core (841a0dfa5113 watch_queue: sample: Display mount tree change notifications)
$ git merge notifications/notifications-pipe-core
Auto-merging include/uapi/asm-generic/unistd.h
Auto-merging include/linux/syscalls.h
Auto-merging include/linux/lsm_hooks.h
Auto-merging include/linux/lsm_hook_defs.h
Auto-merging fs/namespace.c
Auto-merging fs/Makefile
Auto-merging fs/Kconfig
Auto-merging arch/xtensa/kernel/syscalls/syscall.tbl
Auto-merging arch/x86/entry/syscalls/syscall_64.tbl
Auto-merging arch/x86/entry/syscalls/syscall_32.tbl
Auto-merging arch/sparc/kernel/syscalls/syscall.tbl
Auto-merging arch/sh/kernel/syscalls/syscall.tbl
Auto-merging arch/s390/kernel/syscalls/syscall.tbl
Auto-merging arch/powerpc/kernel/syscalls/syscall.tbl
Auto-merging arch/parisc/kernel/syscalls/syscall.tbl
Auto-merging arch/mips/kernel/syscalls/syscall_o32.tbl
Auto-merging arch/mips/kernel/syscalls/syscall_n64.tbl
Auto-merging arch/mips/kernel/syscalls/syscall_n32.tbl
Auto-merging arch/microblaze/kernel/syscalls/syscall.tbl
Auto-merging arch/m68k/kernel/syscalls/syscall.tbl
Auto-merging arch/ia64/kernel/syscalls/syscall.tbl
Auto-merging arch/arm64/include/asm/unistd32.h
Auto-merging arch/arm/tools/syscall.tbl
Auto-merging arch/alpha/kernel/syscalls/syscall.tbl
Merge made by the 'recursive' strategy.
 Documentation/watch_queue.rst               |  12 +-
 arch/alpha/kernel/syscalls/syscall.tbl      |   1 +
 arch/arm/tools/syscall.tbl                  |   1 +
 arch/arm64/include/asm/unistd.h             |   2 +-
 arch/arm64/include/asm/unistd32.h           |   2 +
 arch/ia64/kernel/syscalls/syscall.tbl       |   1 +
 arch/m68k/kernel/syscalls/syscall.tbl       |   1 +
 arch/microblaze/kernel/syscalls/syscall.tbl |   1 +
 arch/mips/kernel/syscalls/syscall_n32.tbl   |   1 +
 arch/mips/kernel/syscalls/syscall_n64.tbl   |   1 +
 arch/mips/kernel/syscalls/syscall_o32.tbl   |   1 +
 arch/parisc/kernel/syscalls/syscall.tbl     |   1 +
 arch/powerpc/kernel/syscalls/syscall.tbl    |   1 +
 arch/s390/kernel/syscalls/syscall.tbl       |   1 +
 arch/sh/kernel/syscalls/syscall.tbl         |   1 +
 arch/sparc/kernel/syscalls/syscall.tbl      |   1 +
 arch/x86/entry/syscalls/syscall_32.tbl      |   1 +
 arch/x86/entry/syscalls/syscall_64.tbl      |   1 +
 arch/xtensa/kernel/syscalls/syscall.tbl     |   1 +
 fs/Kconfig                                  |   9 ++
 fs/Makefile                                 |   1 +
 fs/mount.h                                  |  18 +++
 fs/mount_notify.c                           | 222 ++++++++++++++++++++++++++++
 fs/namespace.c                              |  22 +++
 include/linux/dcache.h                      |   1 +
 include/linux/lsm_hook_defs.h               |   3 +
 include/linux/lsm_hooks.h                   |   6 +
 include/linux/sched/user.h                  |   3 +
 include/linux/security.h                    |   8 +
 include/linux/syscalls.h                    |   2 +
 include/linux/watch_queue.h                 |   7 +-
 include/uapi/asm-generic/unistd.h           |   4 +-
 include/uapi/linux/watch_queue.h            |  31 +++-
 kernel/sys_ni.c                             |   3 +
 kernel/watch_queue.c                        |   8 +
 samples/watch_queue/watch_test.c            |  41 ++++-
 security/security.c                         |   7 +
 37 files changed, 422 insertions(+), 6 deletions(-)
 create mode 100644 fs/mount_notify.c
Merging fsinfo/fsinfo-core (13917414b9cc fs: mount_notify.c: fix build without CONFIG_FSINFO)
$ git merge fsinfo/fsinfo-core
Auto-merging samples/vfs/Makefile
CONFLICT (content): Merge conflict in samples/vfs/Makefile
Auto-merging include/uapi/asm-generic/unistd.h
Auto-merging include/linux/syscalls.h
Auto-merging include/linux/fs.h
Auto-merging fs/namespace.c
Auto-merging fs/internal.h
CONFLICT (content): Merge conflict in fs/internal.h
Auto-merging fs/ext4/super.c
Auto-merging fs/ext4/ext4.h
Auto-merging fs/Makefile
Auto-merging fs/Kconfig
Auto-merging arch/xtensa/kernel/syscalls/syscall.tbl
Auto-merging arch/x86/entry/syscalls/syscall_64.tbl
Auto-merging arch/x86/entry/syscalls/syscall_32.tbl
Auto-merging arch/sparc/kernel/syscalls/syscall.tbl
Auto-merging arch/sh/kernel/syscalls/syscall.tbl
Auto-merging arch/s390/kernel/syscalls/syscall.tbl
Auto-merging arch/powerpc/kernel/syscalls/syscall.tbl
Auto-merging arch/parisc/kernel/syscalls/syscall.tbl
Auto-merging arch/mips/kernel/syscalls/syscall_o32.tbl
Auto-merging arch/mips/kernel/syscalls/syscall_n64.tbl
Auto-merging arch/mips/kernel/syscalls/syscall_n32.tbl
Auto-merging arch/microblaze/kernel/syscalls/syscall.tbl
Auto-merging arch/m68k/kernel/syscalls/syscall.tbl
Auto-merging arch/ia64/kernel/syscalls/syscall.tbl
Auto-merging arch/arm64/include/asm/unistd32.h
Auto-merging arch/arm/tools/syscall.tbl
Auto-merging arch/alpha/kernel/syscalls/syscall.tbl
Resolved 'fs/internal.h' using previous resolution.
Resolved 'samples/vfs/Makefile' using previous resolution.
Automatic merge failed; fix conflicts and then commit the result.
$ git commit --no-edit -v -a
[master d6ed93a615f0] Merge remote-tracking branch 'fsinfo/fsinfo-core' into master
$ git diff -M --stat --summary HEAD^..
 Documentation/filesystems/fsinfo.rst        | 574 ++++++++++++++++++
 arch/alpha/kernel/syscalls/syscall.tbl      |   1 +
 arch/arm/tools/syscall.tbl                  |   1 +
 arch/arm64/include/asm/unistd.h             |   2 +-
 arch/arm64/include/asm/unistd32.h           |   2 +
 arch/ia64/kernel/syscalls/syscall.tbl       |   1 +
 arch/m68k/kernel/syscalls/syscall.tbl       |   1 +
 arch/microblaze/kernel/syscalls/syscall.tbl |   1 +
 arch/mips/kernel/syscalls/syscall_n32.tbl   |   1 +
 arch/mips/kernel/syscalls/syscall_n64.tbl   |   1 +
 arch/mips/kernel/syscalls/syscall_o32.tbl   |   1 +
 arch/parisc/kernel/syscalls/syscall.tbl     |   1 +
 arch/powerpc/kernel/syscalls/syscall.tbl    |   1 +
 arch/s390/kernel/syscalls/syscall.tbl       |   1 +
 arch/sh/kernel/syscalls/syscall.tbl         |   1 +
 arch/sparc/kernel/syscalls/syscall.tbl      |   1 +
 arch/x86/entry/syscalls/syscall_32.tbl      |   1 +
 arch/x86/entry/syscalls/syscall_64.tbl      |   1 +
 arch/xtensa/kernel/syscalls/syscall.tbl     |   1 +
 fs/Kconfig                                  |   7 +
 fs/Makefile                                 |   1 +
 fs/afs/internal.h                           |   1 +
 fs/afs/super.c                              | 216 ++++++-
 fs/d_path.c                                 |   2 +-
 fs/ext4/Makefile                            |   1 +
 fs/ext4/ext4.h                              |   6 +
 fs/ext4/fsinfo.c                            |  97 +++
 fs/ext4/super.c                             |   3 +
 fs/fsinfo.c                                 | 748 +++++++++++++++++++++++
 fs/internal.h                               |  16 +
 fs/mount.h                                  |   6 +
 fs/mount_notify.c                           |  16 +-
 fs/namespace.c                              | 427 +++++++++++++-
 fs/super.c                                  |   2 +
 include/linux/errseq.h                      |   1 +
 include/linux/fs.h                          |   7 +
 include/linux/fsinfo.h                      | 112 ++++
 include/linux/syscalls.h                    |   4 +
 include/uapi/asm-generic/unistd.h           |   4 +-
 include/uapi/linux/fsinfo.h                 | 344 +++++++++++
 include/uapi/linux/mount.h                  |  13 +-
 kernel/sys_ni.c                             |   1 +
 lib/errseq.c                                |  33 +-
 samples/vfs/Makefile                        |   2 +-
 samples/vfs/test-fsinfo.c                   | 883 ++++++++++++++++++++++++++++
 samples/vfs/test-mntinfo.c                  | 277 +++++++++
 46 files changed, 3811 insertions(+), 13 deletions(-)
 create mode 100644 Documentation/filesystems/fsinfo.rst
 create mode 100644 fs/ext4/fsinfo.c
 create mode 100644 fs/fsinfo.c
 create mode 100644 include/linux/fsinfo.h
 create mode 100644 include/uapi/linux/fsinfo.h
 create mode 100644 samples/vfs/test-fsinfo.c
 create mode 100644 samples/vfs/test-mntinfo.c
Merging memblock/for-next (3346dd99fb4c MAINTAINERS: remove "PKUNITY SOC DRIVERS" entry)
$ git merge memblock/for-next
Already up to date.
Merging init/init-user-pointers (38b082236e77 initramfs: use vfs_utimes in do_copy)
$ git merge init/init-user-pointers
Already up to date.
Merging akpm-current/current (1d8a8f4a9fea ipc/shm.c: Remove the superfluous break)
$ git merge --no-ff akpm-current/current
Auto-merging scripts/checkpatch.pl
Auto-merging lib/bitmap.c
Auto-merging lib/Makefile
Auto-merging kernel/events/core.c
Auto-merging kernel/Makefile
Auto-merging include/linux/uaccess.h
Auto-merging include/linux/syscalls.h
Auto-merging include/linux/sched.h
Auto-merging include/linux/pgtable.h
Auto-merging include/linux/mm.h
Auto-merging include/linux/kernel.h
Auto-merging include/linux/crash_core.h
Auto-merging fs/open.c
Auto-merging fs/namei.c
Auto-merging drivers/nvdimm/pmem.c
Auto-merging arch/x86/mm/init_64.c
Auto-merging arch/x86/kernel/setup.c
Auto-merging arch/x86/include/asm/uaccess.h
Auto-merging arch/sh/mm/init.c
Auto-merging arch/sh/include/asm/sparsemem.h
Auto-merging arch/powerpc/mm/numa.c
Auto-merging arch/powerpc/include/asm/uaccess.h
Auto-merging arch/openrisc/include/asm/uaccess.h
Auto-merging Makefile
Merge made by the 'recursive' strategy.
 Documentation/admin-guide/sysctl/kernel.rst     |   3 +-
 Documentation/admin-guide/sysctl/vm.rst         |  19 +-
 Documentation/filesystems/proc.rst              |  11 +-
 Documentation/vm/page_migration.rst             |  27 ++
 Makefile                                        |   4 +
 arch/alpha/include/asm/io.h                     |   8 +-
 arch/alpha/include/asm/uaccess.h                |   2 +-
 arch/arc/include/asm/segment.h                  |   3 +-
 arch/arm/include/asm/uaccess.h                  |   4 +-
 arch/arm/kernel/signal.c                        |   2 +
 arch/arm64/include/asm/uaccess.h                |   2 +-
 arch/arm64/kernel/sdei.c                        |   2 +-
 arch/arm64/mm/init.c                            |  19 +-
 arch/arm64/mm/numa.c                            |  10 -
 arch/csky/include/asm/segment.h                 |   2 +-
 arch/h8300/include/asm/segment.h                |   2 +-
 arch/ia64/include/asm/uaccess.h                 |   2 +-
 arch/ia64/mm/numa.c                             |   2 -
 arch/m68k/include/asm/segment.h                 |   2 +-
 arch/m68k/include/asm/tlbflush.h                |   6 +-
 arch/microblaze/include/asm/uaccess.h           |   2 +-
 arch/mips/include/asm/uaccess.h                 |   2 +-
 arch/mips/kernel/unaligned.c                    |  27 +-
 arch/mips/mm/pgtable-32.c                       |   1 -
 arch/mips/mm/pgtable-64.c                       |   1 -
 arch/nds32/include/asm/uaccess.h                |   2 +-
 arch/nds32/kernel/process.c                     |   2 +-
 arch/nds32/mm/alignment.c                       |   7 +-
 arch/nios2/include/asm/uaccess.h                |   2 +-
 arch/openrisc/include/asm/uaccess.h             |   2 +-
 arch/parisc/include/asm/uaccess.h               |   2 +-
 arch/powerpc/include/asm/uaccess.h              |   3 +-
 arch/powerpc/mm/numa.c                          |  35 ++-
 arch/riscv/include/asm/uaccess.h                |   6 +-
 arch/s390/include/asm/uaccess.h                 |   2 +-
 arch/sh/include/asm/segment.h                   |   3 +-
 arch/sh/include/asm/sparsemem.h                 |   4 +-
 arch/sh/kernel/traps_32.c                       |  12 +-
 arch/sh/mm/init.c                               |   9 -
 arch/sparc/include/asm/sparsemem.h              |   1 -
 arch/sparc/include/asm/uaccess_32.h             |   2 +-
 arch/sparc/include/asm/uaccess_64.h             |   2 +-
 arch/x86/include/asm/uaccess.h                  |   2 +-
 arch/x86/kernel/setup.c                         |  12 +-
 arch/x86/mm/init_64.c                           |   9 +
 arch/x86/mm/numa.c                              |   1 -
 arch/xtensa/include/asm/uaccess.h               |   2 +-
 drivers/base/memory.c                           |   2 +-
 drivers/firmware/arm_sdei.c                     |   5 +-
 drivers/nvdimm/btt.c                            |   4 +-
 drivers/nvdimm/pmem.c                           |   6 +-
 drivers/rapidio/devices/rio_mport_cdev.c        |   7 +-
 drivers/rapidio/rio-scan.c                      |   8 +-
 fs/aio.c                                        |   9 +-
 fs/buffer.c                                     |  56 +++-
 fs/coredump.c                                   |  17 +-
 fs/exec.c                                       |  30 ++-
 fs/fat/Kconfig                                  |   2 +-
 fs/fat/fatent.c                                 |   3 +
 fs/fat/file.c                                   |   4 +-
 fs/hugetlbfs/inode.c                            |   6 +
 fs/minix/inode.c                                |  42 ++-
 fs/minix/itree_common.c                         |   8 +-
 fs/minix/itree_v1.c                             |  12 +-
 fs/minix/itree_v2.c                             |  13 +-
 fs/minix/minix.h                                |   1 -
 fs/namei.c                                      |  10 +-
 fs/nilfs2/alloc.c                               |  38 +--
 fs/nilfs2/btree.c                               |  42 +--
 fs/nilfs2/cpfile.c                              |  10 +-
 fs/nilfs2/dat.c                                 |  14 +-
 fs/nilfs2/direct.c                              |  14 +-
 fs/nilfs2/gcinode.c                             |   2 +-
 fs/nilfs2/ifile.c                               |   4 +-
 fs/nilfs2/inode.c                               |  32 +--
 fs/nilfs2/ioctl.c                               |  37 ++-
 fs/nilfs2/mdt.c                                 |   2 +-
 fs/nilfs2/namei.c                               |   6 +-
 fs/nilfs2/nilfs.h                               |  18 +-
 fs/nilfs2/page.c                                |  11 +-
 fs/nilfs2/recovery.c                            |  32 +--
 fs/nilfs2/segbuf.c                              |   2 +-
 fs/nilfs2/segment.c                             |  38 +--
 fs/nilfs2/sufile.c                              |  29 +--
 fs/nilfs2/super.c                               |  73 +++---
 fs/nilfs2/sysfs.c                               |  29 +--
 fs/nilfs2/the_nilfs.c                           |  85 +++---
 fs/ocfs2/namei.c                                |  17 +-
 fs/open.c                                       |   6 -
 fs/proc/base.c                                  |  11 +-
 fs/proc/page.c                                  |  40 +--
 fs/proc/task_mmu.c                              |   4 +-
 fs/ramfs/inode.c                                |  12 +
 fs/signalfd.c                                   |  10 +-
 fs/ufs/super.c                                  |   2 +-
 include/asm-generic/uaccess.h                   |   4 +-
 include/clocksource/timer-ti-dm.h               |   2 +-
 include/linux/async_tx.h                        |   2 +-
 include/linux/btree.h                           |   2 +-
 include/linux/compaction.h                      |   2 +
 include/linux/compiler-clang.h                  |   2 +-
 include/linux/compiler_types.h                  |  44 ++--
 include/linux/crash_core.h                      |   6 +
 include/linux/delay.h                           |   2 +-
 include/linux/dma/k3-psil.h                     |   2 +-
 include/linux/dma/k3-udma-glue.h                |   2 +-
 include/linux/dma/ti-cppi5.h                    |   2 +-
 include/linux/exportfs.h                        |   2 +-
 include/linux/frontswap.h                       |   2 +-
 include/linux/generic-radix-tree.h              |   2 +-
 include/linux/highmem.h                         |   2 +-
 include/linux/huge_mm.h                         |  65 ++++-
 include/linux/irqchip/irq-omap-intc.h           |   2 +-
 include/linux/jhash.h                           |   2 +-
 include/linux/kernel.h                          |   8 +-
 include/linux/leds-ti-lmu-common.h              |   2 +-
 include/linux/memcontrol.h                      |   4 +-
 include/linux/memremap.h                        |   6 +
 include/linux/mm.h                              |  28 +-
 include/linux/mm_inline.h                       |   6 +-
 include/linux/mm_types.h                        |   1 +
 include/linux/mmzone.h                          |  17 +-
 include/linux/nmi.h                             |   1 +
 include/linux/oom.h                             |   4 +-
 include/linux/page-flags.h                      |   6 +-
 include/linux/pagemap.h                         |   6 +-
 include/linux/pgtable.h                         |  12 +-
 include/linux/platform_data/davinci-cpufreq.h   |   2 +-
 include/linux/platform_data/davinci_asp.h       |   2 +-
 include/linux/platform_data/elm.h               |   2 +-
 include/linux/platform_data/gpio-davinci.h      |   2 +-
 include/linux/platform_data/gpmc-omap.h         |   2 +-
 include/linux/platform_data/mtd-davinci-aemif.h |   2 +-
 include/linux/platform_data/omap-twl4030.h      |   2 +-
 include/linux/platform_data/uio_pruss.h         |   2 +-
 include/linux/platform_data/usb-omap.h          |   2 +-
 include/linux/poison.h                          |   4 -
 include/linux/sched.h                           |   8 +
 include/linux/sched/mm.h                        |   8 +-
 include/linux/sched/task.h                      |   1 +
 include/linux/soc/ti/k3-ringacc.h               |   2 +-
 include/linux/soc/ti/knav_qmss.h                |   2 +-
 include/linux/soc/ti/ti-msgmgr.h                |   2 +-
 include/linux/swap.h                            |  25 +-
 include/linux/syscalls.h                        |   2 +-
 include/linux/uaccess.h                         |  20 +-
 include/linux/vm_event_item.h                   |   3 +
 include/linux/wait.h                            |   4 +-
 include/linux/wkup_m3_ipc.h                     |   2 +-
 include/linux/xxhash.h                          |   2 +-
 include/linux/xz.h                              |   4 +-
 include/linux/zlib.h                            |   2 +-
 include/ras/ras_event.h                         |   3 +
 include/soc/arc/aux.h                           |   2 +-
 include/trace/events/migrate.h                  |  17 +-
 include/uapi/linux/auto_dev-ioctl.h             |   2 +-
 include/uapi/linux/elf.h                        |   2 +-
 include/uapi/linux/map_to_7segment.h            |   2 +-
 include/uapi/linux/types.h                      |   2 +-
 include/uapi/linux/usb/ch9.h                    |   2 +-
 ipc/sem.c                                       |   3 +-
 ipc/shm.c                                       |   4 +-
 kernel/Makefile                                 |   2 +-
 kernel/crash_core.c                             |  50 ++++
 kernel/events/callchain.c                       |   5 +-
 kernel/events/core.c                            |   5 +-
 kernel/events/uprobes.c                         |   2 +-
 kernel/exit.c                                   |  18 +-
 kernel/fork.c                                   |   1 -
 kernel/hung_task.c                              |  44 ++++
 kernel/kcov.c                                   |   6 +-
 kernel/kmod.c                                   |   5 +-
 kernel/kthread.c                                |   5 +-
 kernel/panic.c                                  |   4 +-
 kernel/stacktrace.c                             |   5 +-
 kernel/sysctl.c                                 |  17 +-
 kernel/umh.c                                    |  29 +--
 kernel/watchdog.c                               |  21 ++
 kernel/watchdog_hld.c                           |   1 +
 lib/Kconfig.debug                               |  33 ++-
 lib/Makefile                                    |   1 +
 lib/bitmap.c                                    |   4 +-
 lib/cpumask.c                                   | 102 +++++++-
 lib/crc64.c                                     |   2 +-
 lib/decompress_bunzip2.c                        |   2 +-
 lib/decompress_unlzma.c                         |   6 +-
 lib/kstrtox.c                                   |  12 +-
 lib/math/rational.c                             |   2 +-
 lib/rbtree.c                                    |   2 +-
 lib/test_bitmap.c                               |  58 +++++
 lib/test_bitops.c                               |  18 +-
 lib/test_bits.c                                 |  75 ++++++
 lib/test_kmod.c                                 |   2 +-
 lib/test_lockup.c                               |   6 +-
 lib/ts_bm.c                                     |   2 +-
 lib/xxhash.c                                    |   2 +-
 lib/xz/xz_crc32.c                               |   2 +-
 lib/xz/xz_dec_bcj.c                             |   2 +-
 lib/xz/xz_dec_lzma2.c                           |   2 +-
 lib/xz/xz_lzma2.h                               |   2 +-
 lib/xz/xz_stream.h                              |   2 +-
 mm/cma.c                                        |  40 ++-
 mm/cma.h                                        |   4 +-
 mm/compaction.c                                 | 187 ++++++++++++-
 mm/filemap.c                                    |   2 +-
 mm/gup.c                                        |   2 +-
 mm/huge_memory.c                                |  27 +-
 mm/hugetlb.c                                    |  15 +-
 mm/hwpoison-inject.c                            |  18 +-
 mm/internal.h                                   |   5 +-
 mm/khugepaged.c                                 |   2 +-
 mm/maccess.c                                    |  22 +-
 mm/madvise.c                                    |  39 ++-
 mm/memcontrol.c                                 |  40 ++-
 mm/memory-failure.c                             | 331 +++++++++++-------------
 mm/memory.c                                     |  28 +-
 mm/memory_hotplug.c                             |  22 +-
 mm/mempolicy.c                                  |   4 +-
 mm/memremap.c                                   |  20 ++
 mm/migrate.c                                    |  97 +++++--
 mm/mlock.c                                      |   9 +-
 mm/mmap.c                                       |  43 ++-
 mm/mmu_notifier.c                               |   9 +-
 mm/oom_kill.c                                   |  24 +-
 mm/page_alloc.c                                 |  69 ++++-
 mm/page_io.c                                    |   4 +-
 mm/page_vma_mapped.c                            |   6 +-
 mm/percpu-internal.h                            |  55 +++-
 mm/percpu-km.c                                  |   5 +-
 mm/percpu-stats.c                               |  36 ++-
 mm/percpu-vm.c                                  |   5 +-
 mm/percpu.c                                     | 198 ++++++++++++--
 mm/rmap.c                                       |   8 +-
 mm/shmem.c                                      |   3 +-
 mm/swap.c                                       |  29 ++-
 mm/swap_state.c                                 |  84 +++++-
 mm/swapfile.c                                   |   6 +-
 mm/userfaultfd.c                                |   2 +-
 mm/vmscan.c                                     |  32 ++-
 mm/vmstat.c                                     |  62 ++++-
 mm/workingset.c                                 |  29 ++-
 scripts/checkpatch.pl                           | 103 ++++++--
 tools/testing/selftests/cgroup/test_kmem.c      |  70 ++++-
 tools/testing/selftests/kmod/kmod.sh            |   4 +-
 tools/testing/selftests/vm/hmm-tests.c          |  35 +++
 245 files changed, 2667 insertions(+), 1277 deletions(-)
 create mode 100644 lib/test_bits.c
$ git clone -s -l -n -q . ../rebase-tmp
$ cd ../rebase-tmp
$ git checkout -b akpm remotes/origin/akpm/master
Switched to a new branch 'akpm'
$ git rebase --onto master remotes/origin/akpm/master-base
Rebasing (1/69)Rebasing (2/69)Rebasing (3/69)Rebasing (4/69)Rebasing (5/69)Rebasing (6/69)Rebasing (7/69)Rebasing (8/69)Rebasing (9/69)Rebasing (10/69)Rebasing (11/69)Rebasing (12/69)Rebasing (13/69)Rebasing (14/69)Rebasing (15/69)Rebasing (16/69)Rebasing (17/69)Rebasing (18/69)Rebasing (19/69)Rebasing (20/69)Rebasing (21/69)Rebasing (22/69)Rebasing (23/69)Rebasing (24/69)Rebasing (25/69)Rebasing (26/69)Rebasing (27/69)Rebasing (28/69)Rebasing (29/69)Rebasing (30/69)Rebasing (31/69)Rebasing (32/69)Rebasing (33/69)Rebasing (34/69)Rebasing (35/69)Rebasing (36/69)Rebasing (37/69)Rebasing (38/69)Rebasing (39/69)Rebasing (40/69)Rebasing (41/69)Rebasing (42/69)Rebasing (43/69)Rebasing (44/69)Rebasing (45/69)Rebasing (46/69)Rebasing (47/69)Rebasing (48/69)Rebasing (49/69)Rebasing (50/69)Rebasing (51/69)Rebasing (52/69)Rebasing (53/69)Rebasing (54/69)Rebasing (55/69)Rebasing (56/69)Rebasing (57/69)Rebasing (58/69)Rebasing (59/69)Rebasing (60/69)Rebasing (61/69)Rebasing (62/69)Rebasing (63/69)Rebasing (64/69)Rebasing (65/69)Rebasing (66/69)Rebasing (67/69)Rebasing (68/69)Rebasing (69/69)[KSuccessfully rebased and updated refs/heads/akpm.
$ cd ../next
$ git fetch -f ../rebase-tmp akpm:akpm/master
From ../rebase-tmp
 + b26c613235db...f7d2eac14257 akpm       -> akpm/master  (forced update)
$ rm -rf ../rebase-tmp
Merging akpm/master (f7d2eac14257 virtio: pci: constify ioreadX() iomem argument (as in generic implementation))
$ git merge --no-ff akpm/master
Removing kernel/sysctl_binary.c
Merge made by the 'recursive' strategy.
 arch/alpha/include/asm/core_apecs.h                |   6 +-
 arch/alpha/include/asm/core_cia.h                  |   6 +-
 arch/alpha/include/asm/core_lca.h                  |   6 +-
 arch/alpha/include/asm/core_marvel.h               |   4 +-
 arch/alpha/include/asm/core_mcpcia.h               |   6 +-
 arch/alpha/include/asm/core_t2.h                   |   2 +-
 arch/alpha/include/asm/io.h                        |  12 +-
 arch/alpha/include/asm/io_trivial.h                |  16 +-
 arch/alpha/include/asm/jensen.h                    |   2 +-
 arch/alpha/include/asm/machvec.h                   |   6 +-
 arch/alpha/kernel/core_marvel.c                    |   2 +-
 arch/alpha/kernel/io.c                             |  12 +-
 arch/alpha/kernel/syscalls/syscall.tbl             |   3 +-
 arch/alpha/mm/fault.c                              |   8 +-
 arch/arc/kernel/process.c                          |   2 +-
 arch/arc/mm/fault.c                                |  18 +-
 arch/arm/configs/am200epdkit_defconfig             |   1 -
 arch/arm/mm/fault.c                                |  25 +--
 arch/arm/tools/syscall.tbl                         |   3 +-
 arch/arm64/include/asm/unistd.h                    |   2 +-
 arch/arm64/include/asm/unistd32.h                  |   6 +-
 arch/arm64/mm/fault.c                              |  29 +---
 arch/csky/mm/fault.c                               |  13 +-
 arch/hexagon/mm/vm_fault.c                         |   9 +-
 arch/ia64/kernel/syscalls/syscall.tbl              |   3 +-
 arch/ia64/mm/fault.c                               |   9 +-
 arch/m68k/kernel/syscalls/syscall.tbl              |   3 +-
 arch/m68k/mm/fault.c                               |  14 +-
 arch/microblaze/kernel/syscalls/syscall.tbl        |   3 +-
 arch/microblaze/mm/fault.c                         |   9 +-
 arch/mips/configs/cu1000-neo_defconfig             |   1 -
 arch/mips/kernel/syscalls/syscall_n32.tbl          |   3 +-
 arch/mips/kernel/syscalls/syscall_n64.tbl          |   3 +-
 arch/mips/kernel/syscalls/syscall_o32.tbl          |   3 +-
 arch/mips/mm/fault.c                               |  14 +-
 arch/nds32/mm/fault.c                              |  19 +--
 arch/nios2/mm/fault.c                              |  14 +-
 arch/openrisc/mm/fault.c                           |   9 +-
 arch/parisc/include/asm/io.h                       |   4 +-
 arch/parisc/kernel/syscalls/syscall.tbl            |   3 +-
 arch/parisc/lib/iomap.c                            |  72 ++++----
 arch/parisc/mm/fault.c                             |   8 +-
 arch/powerpc/kernel/iomap.c                        |  28 +--
 arch/powerpc/kernel/syscalls/syscall.tbl           |   3 +-
 arch/powerpc/mm/copro_fault.c                      |   7 +-
 arch/powerpc/mm/fault.c                            |  11 +-
 arch/riscv/mm/fault.c                              |  16 +-
 arch/s390/kernel/syscalls/syscall.tbl              |   3 +-
 arch/s390/kvm/interrupt.c                          |   2 +-
 arch/s390/kvm/kvm-s390.c                           |   2 +-
 arch/s390/kvm/priv.c                               |   8 +-
 arch/s390/mm/fault.c                               |  16 +-
 arch/s390/mm/gmap.c                                |   4 +-
 arch/sh/configs/dreamcast_defconfig                |   1 -
 arch/sh/configs/espt_defconfig                     |   1 -
 arch/sh/configs/hp6xx_defconfig                    |   1 -
 arch/sh/configs/landisk_defconfig                  |   1 -
 arch/sh/configs/lboxre2_defconfig                  |   1 -
 arch/sh/configs/microdev_defconfig                 |   1 -
 arch/sh/configs/migor_defconfig                    |   1 -
 arch/sh/configs/r7780mp_defconfig                  |   1 -
 arch/sh/configs/r7785rp_defconfig                  |   1 -
 arch/sh/configs/rts7751r2d1_defconfig              |   1 -
 arch/sh/configs/rts7751r2dplus_defconfig           |   1 -
 arch/sh/configs/se7206_defconfig                   |   1 -
 arch/sh/configs/se7343_defconfig                   |   1 -
 arch/sh/configs/se7619_defconfig                   |   1 -
 arch/sh/configs/se7705_defconfig                   |   1 -
 arch/sh/configs/se7750_defconfig                   |   1 -
 arch/sh/configs/se7751_defconfig                   |   1 -
 arch/sh/configs/secureedge5410_defconfig           |   1 -
 arch/sh/configs/sh03_defconfig                     |   1 -
 arch/sh/configs/sh7710voipgw_defconfig             |   1 -
 arch/sh/configs/sh7757lcr_defconfig                |   1 -
 arch/sh/configs/sh7763rdp_defconfig                |   1 -
 arch/sh/configs/shmin_defconfig                    |   1 -
 arch/sh/configs/titan_defconfig                    |   1 -
 arch/sh/include/asm/string_32.h                    |  26 ---
 arch/sh/kernel/iomap.c                             |  22 +--
 arch/sh/kernel/syscalls/syscall.tbl                |   3 +-
 arch/sh/mm/fault.c                                 |  11 +-
 arch/sparc/kernel/syscalls/syscall.tbl             |   3 +-
 arch/sparc/mm/fault_32.c                           |  13 +-
 arch/sparc/mm/fault_64.c                           |  11 +-
 arch/um/kernel/trap.c                              |   6 +-
 arch/x86/entry/syscalls/syscall_32.tbl             |   3 +-
 arch/x86/entry/syscalls/syscall_64.tbl             |   4 +-
 arch/x86/mm/fault.c                                |  17 +-
 arch/xtensa/kernel/syscalls/syscall.tbl            |   3 +-
 arch/xtensa/mm/fault.c                             |  15 +-
 drivers/gpu/drm/i915/gem/i915_gem_userptr.c        |   2 +-
 drivers/infiniband/core/umem_odp.c                 |   2 +-
 drivers/iommu/amd/iommu_v2.c                       |   2 +-
 drivers/iommu/intel/svm.c                          |   3 +-
 .../net/wireless/realtek/rtl818x/rtl8180/rtl8180.h |   6 +-
 drivers/ntb/hw/intel/ntb_hw_gen1.c                 |   2 +-
 drivers/ntb/hw/intel/ntb_hw_gen3.h                 |   2 +-
 drivers/ntb/hw/intel/ntb_hw_intel.h                |   2 +-
 drivers/sh/clk/cpg.c                               |  21 +--
 drivers/vfio/vfio_iommu_type1.c                    |   4 +-
 drivers/virtio/virtio_pci_modern.c                 |   6 +-
 fs/exec.c                                          |   2 +-
 fs/io_uring.c                                      |   2 +-
 include/asm-generic/iomap.h                        |  28 +--
 include/asm-generic/vmlinux.lds.h                  |   1 +
 include/linux/compat.h                             |   5 +-
 include/linux/hugetlb.h                            |  45 +++--
 include/linux/io-64-nonatomic-hi-lo.h              |   4 +-
 include/linux/io-64-nonatomic-lo-hi.h              |   4 +-
 include/linux/memcontrol.h                         |   2 +-
 include/linux/migrate.h                            |  34 +---
 include/linux/mm.h                                 |  20 ++-
 include/linux/pid.h                                |   1 +
 include/linux/syscalls.h                           |   4 +-
 include/linux/sysctl.h                             |   6 +-
 include/uapi/asm-generic/unistd.h                  |   4 +-
 kernel/Makefile                                    |   2 +-
 kernel/events/uprobes.c                            |   6 +-
 kernel/exit.c                                      |  17 --
 kernel/futex.c                                     |   2 +-
 kernel/pid.c                                       |  17 ++
 kernel/sys_ni.c                                    |   3 +-
 kernel/sysctl_binary.c                             | 171 -------------------
 lib/iomap.c                                        |  30 ++--
 mm/filemap.c                                       |  20 ++-
 mm/frontswap.c                                     |   8 +-
 mm/gup.c                                           | 181 ++++++--------------
 mm/hmm.c                                           |   3 +-
 mm/hugetlb.c                                       |  46 ++---
 mm/internal.h                                      |   8 +-
 mm/kmemleak.c                                      |   2 +
 mm/ksm.c                                           |   3 +-
 mm/list_lru.c                                      |   2 +-
 mm/madvise.c                                       | 190 ++++++++++++++++++---
 mm/memory-failure.c                                |  15 +-
 mm/memory.c                                        |  73 +++++++-
 mm/memory_hotplug.c                                |  42 ++---
 mm/mempolicy.c                                     |  29 +---
 mm/mempool.c                                       |   2 +-
 mm/migrate.c                                       |  51 +++++-
 mm/page_alloc.c                                    |   8 +-
 mm/page_counter.c                                  |  13 +-
 mm/page_io.c                                       |   8 +-
 mm/page_isolation.c                                |   5 -
 mm/process_vm_access.c                             |   2 +-
 mm/rmap.c                                          |   2 +-
 mm/swap.c                                          |   5 +-
 mm/swap_state.c                                    |   4 +-
 mm/swapfile.c                                      |  31 ++--
 security/tomoyo/domain.c                           |   2 +-
 tools/perf/arch/powerpc/entry/syscalls/syscall.tbl |   2 +-
 tools/perf/arch/s390/entry/syscalls/syscall.tbl    |   2 +-
 tools/perf/arch/x86/entry/syscalls/syscall_64.tbl  |   2 +-
 virt/kvm/async_pf.c                                |   2 +-
 virt/kvm/kvm_main.c                                |   2 +-
 155 files changed, 825 insertions(+), 1056 deletions(-)
 delete mode 100644 kernel/sysctl_binary.c
